******************************************************************************
            TI ARM Clang Linker PC v4.0.3                      
******************************************************************************
>> Linked Thu Oct 23 18:21:04 2025

OUTPUT FILE NAME:   <spi_controller_register_format_LP_MSPM33C321A_nortos_ticlang.out>
ENTRY POINT SYMBOL: "_c_int00_noargs"  address: 1000a7a5


MEMORY CONFIGURATION

         name            origin    length      used     unused   attr    fill
----------------------  --------  ---------  --------  --------  ----  --------
  FLASH                 10000000   000fffff  0000adc0  000f523f  R  X
  SRAM                  30000000   0003ffff  00000f3d  0003f0c2  RW X
  DATA                  80000000   00007fff  00000000  00007fff  R   
  BCR_CONFIG            80101800   000003ff  00000000  000003ff  R   
  BSL_CONFIG            80101c00   000003ff  00000000  000003ff  R   


SEGMENT ALLOCATION MAP

run origin  load origin   length   init length attrs members
----------  ----------- ---------- ----------- ----- -------
10000000    10000000    0000adc0   0000adc0    r-x
  10000000    10000000    00000120   00000120    r-- .intvecs
  10000120    10000120    0000a820   0000a820    r-x .text
  1000a940    1000a940    000003e0   000003e0    r-- .rodata
  1000ad20    1000ad20    000000a0   000000a0    r-- .cinit
30000000    30000000    00000e40   00000000    rw-
  30000000    30000000    00000800   00000000    rw- .sysmem
  30000800    30000800    000002a0   00000000    rw- __llvm_prf_cnts
  30000aa0    30000aa0    000001d1   00000000    rw- .data
  30000c74    30000c74    000001cc   00000000    rw- .bss
3003fef8    3003fef8    00000100   00000000    rw-
  3003fef8    3003fef8    00000100   00000000    rw- .stack


SECTION ALLOCATION MAP

 output                                  attributes/
section   page    origin      length       input sections
--------  ----  ----------  ----------   ----------------
.intvecs   0    10000000    00000120     
                  10000000    00000114     startup_mspm33c321x_ticlang.o (.intvecs)
                  10000114    0000000c     --HOLE-- [fill = 0]

.text      0    10000120    0000a820     
                  10000120    0000649e     tft.o (.text.TFT_Init)
                  100065be    00000002     libclang_rt.builtins.a : aeabi_div0.c.obj (.text.__aeabi_ldiv0)
                  100065c0    00000ffa     tft.o (.text.main)
                  100075ba    00000002     libc.a : _lock.c.obj (.text._nop)
                  100075bc    00000844            : _printfi.c.obj (.text:__TI_printfi_nofloat)
                  10007e00    0000040a     tft.o (.text.TFT_SetAddressWindow)
                  1000820a    00000002     --HOLE-- [fill = 0]
                  1000820c    000003b6     tft.o (.text.TFT_DrawChar)
                  100085c2    00000002     --HOLE-- [fill = 0]
                  100085c4    000002dc     tft.o (.text.TFT_ReadID)
                  100088a0    000002dc     libc.a : strcmp_t2.S.obj (.text:strcmp)
                  10008b7c    000002da     tft.o (.text.TFT_FillRect)
                  10008e56    00000002     --HOLE-- [fill = 0]
                  10008e58    00000256     tft.o (.text.TFT_FillScreen)
                  100090ae    00000002     --HOLE-- [fill = 0]
                  100090b0    00000220     tft.o (.text.TFT_ReadRegister)
                  100092d0    000001fc     tft.o (.text.TFT_WriteData16)
                  100094cc    0000014e     ti_msp_dl_config.o (.text.SYSCFG_DL_initPower)
                  1000961a    0000012a     ti_msp_dl_config.o (.text.SYSCFG_DL_GPIO_init)
                  10009744    0000010c     libc.a : memory.c.obj (.text.aligned_alloc)
                  10009850    000000fc            : fputs.c.obj (.text.fputs)
                  1000994c    000000dc            : memory.c.obj (.text.free)
                  10009a28    000000d8            : setvbuf.c.obj (.text.setvbuf)
                  10009b00    000000ca     ti_msp_dl_config.o (.text.SYSCFG_DL_SPI_1_init)
                  10009bca    000000b2     ti_msp_dl_config.o (.text.SYSCFG_DL_SYSCTL_init)
                  10009c7c    000000b0     libclang_rt.builtins.a : udivmoddi4.S.obj (.text)
                  10009d2c    0000009c     libc.a : memcpy_t2.S.obj (.text:memcpy)
                  10009dc8    00000088            : fputc.c.obj (.text.fputc)
                  10009e50    00000074            : copy_decompress_lzss.c.obj (.text:decompress:lzss)
                  10009ec4    00000072            : memset_t2.S.obj (.text:memset)
                  10009f36    00000002     --HOLE-- [fill = 0]
                  10009f38    00000070            : fclose.c.obj (.text.__TI_closefile)
                  10009fa8    0000006c            : memory.c.obj (.text.split)
                  1000a014    00000068            : fseek.c.obj (.text.fseeko)
                  1000a07c    00000068            : getdevice.c.obj (.text.getdevice)
                  1000a0e4    00000064     libsysbm.a : hostrename.c.obj (.text.HOSTrename)
                  1000a148    00000060     libc.a : _io_perm.c.obj (.text.__TI_wrt_ok)
                  1000a1a8    00000060     libsysbm.a : close.c.obj (.text.close)
                  1000a208    00000060     libc.a : printf.c.obj (.text.printf)
                  1000a268    00000058     libsysbm.a : hostlseek.c.obj (.text.HOSTlseek)
                  1000a2c0    00000058                : hostopen.c.obj (.text.HOSTopen)
                  1000a318    00000054                : hostread.c.obj (.text.HOSTread)
                  1000a36c    00000054                : hostwrite.c.obj (.text.HOSTwrite)
                  1000a3c0    00000050     libc.a : fflush.c.obj (.text.__TI_doflush)
                  1000a410    00000046     driverlib.a : dl_unicommspi.o (.text.DL_SPI_init)
                  1000a456    00000002     --HOLE-- [fill = 0]
                  1000a458    00000044     libsysbm.a : hostunlink.c.obj (.text.HOSTunlink)
                  1000a49c    00000040     libc.a : atoi.c.obj (.text.atoi)
                  1000a4dc    0000003c     libsysbm.a : hostclose.c.obj (.text.HOSTclose)
                  1000a518    00000038     libc.a : sprintf.c.obj (.text.sprintf)
                  1000a550    00000038            : autoinit.c.obj (.text:__TI_auto_init_nobinit_nopinit)
                  1000a588    00000034            : fopen.c.obj (.text.__TI_cleanup)
                  1000a5bc    00000034     libsysbm.a : trgmsg.c.obj (.text.__TI_writemsg)
                  1000a5f0    00000030                : trgmsg.c.obj (.text.__TI_readmsg)
                  1000a620    00000030     libc.a : exit.c.obj (.text.exit)
                  1000a650    0000002c     ti_msp_dl_config.o (.text.SYSCFG_DL_init)
                  1000a67c    0000002c     libc.a : getdevice.c.obj (.text.finddevice)
                  1000a6a8    0000002c     libsysbm.a : lseek.c.obj (.text.lseek)
                  1000a6d4    0000002c                : unlink.c.obj (.text.unlink)
                  1000a700    0000002c                : write.c.obj (.text.write)
                  1000a72c    00000028     driverlib.a : dl_unicommspi.o (.text.DL_Common_updateReg)
                  1000a754    00000028     libc.a : memory.c.obj (.text.free_list_insert)
                  1000a77c    00000026     driverlib.a : dl_unicommspi.o (.text.DL_SPI_setClockConfig)
                  1000a7a2    00000002     --HOLE-- [fill = 0]
                  1000a7a4    00000024     libc.a : boot_cortex_m.c.obj (.text:_c_int00_noargs)
                  1000a7c8    00000022            : memccpy.c.obj (.text.memccpy)
                  1000a7ea    0000001c     startup_mspm33c321x_ticlang.o (.text.Reset_Handler)
                  1000a806    00000002     --HOLE-- [fill = 0]
                  1000a808    0000001c     libc.a : memory.c.obj (.text.free_list_remove)
                  1000a824    0000001a     startup_mspm33c321x_ticlang.o (.text.Default_Handler)
                  1000a83e    00000018     libc.a : sprintf.c.obj (.text._outs)
                  1000a856    00000014     driverlib.a : dl_common.o (.text.DL_Common_delayCycles)
                  1000a86a    00000002     --HOLE-- [fill = 0]
                  1000a86c    00000014     libclang_rt.builtins.a : aeabi_uldivmod.S.obj (.text.__aeabi_uldivmod)
                  1000a880    00000012     libc.a : copy_zero_init.c.obj (.text:decompress:ZI:__TI_zero_init_nomemset)
                  1000a892    00000010            : memory.c.obj (.text.OUTLINED_FUNCTION_0)
                  1000a8a2    00000010            : wcslen.c.obj (.text.wcslen)
                  1000a8b2    0000000e     libsysbm.a : hostrename.c.obj (.text.strcpy)
                  1000a8c0    0000000e     libc.a : _printfi.c.obj (.text.strlen)
                  1000a8ce    0000000e     libsysbm.a : hostrename.c.obj (.text.strlen)
                  1000a8dc    0000000e     libc.a : copy_decompress_none.c.obj (.text:decompress:none)
                  1000a8ea    00000002     --HOLE-- [fill = 0]
                  1000a8ec    0000000a     libclang_rt.builtins.a : aeabi_memset.S.obj (.text.__aeabi_memset)
                  1000a8f6    0000000a     libc.a : sprintf.c.obj (.text._outc)
                  1000a900    00000008            : aeabi_portable.c.obj (.text.__aeabi_errno_addr)
                  1000a908    00000008     libclang_rt.builtins.a : aeabi_memset.S.obj (.text.__aeabi_memclr)
                  1000a910    00000008     libc.a : memory.c.obj (.text.malloc)
                  1000a918    00000006            : exit.c.obj (.text:abort)
                  1000a91e    00000004     libsysbm.a : hostexit.c.obj (.text.HOSTexit)
                  1000a922    00000002     --HOLE-- [fill = 0]
                  1000a924    00000004     libclang_rt.builtins.a : aeabi_memcpy.S.obj (.text.__aeabi_memcpy)
                  1000a928    00000004     libc.a : printf.c.obj (.text._outc)
                  1000a92c    00000004            : printf.c.obj (.text._outs)
                  1000a930    00000004            : pre_init.c.obj (.text._system_pre_init)
                  1000a934    00000004            : fseek.c.obj (.text.fseek)
                  1000a938    00000004     libsysbm.a : remove.c.obj (.text.remove)
                  1000a93c    00000004     --HOLE-- [fill = 0]

.cinit     0    1000ad20    000000a0     
                  1000ad20    00000066     (.cinit..data.load) [load image, compression = lzss]
                  1000ad86    00000002     --HOLE-- [fill = 0]
                  1000ad88    0000000c     (__TI_handler_table)
                  1000ad94    00000009     (.cinit.__llvm_prf_cnts.load) [load image, compression = lzss]
                  1000ad9d    00000003     --HOLE-- [fill = 0]
                  1000ada0    00000008     (.cinit..bss.load) [load image, compression = zero_init]
                  1000ada8    00000018     (__TI_cinit_table)

.rodata    0    1000a940    000003e0     
                  1000a940    000001e0     tft.o (.rodata.font5x7)
                  1000ab20    00000101     libc.a : aeabi_ctype.S.obj (.rodata:__aeabi_ctype_table_)
                  1000ac21    0000002d     tft.o (.rodata.str1.12404132643908979091.1)
                  1000ac4e    0000001a     tft.o (.rodata.str1.13776256161821561064.1)
                  1000ac68    00000018     ti_msp_dl_config.o (.rodata.UC6_Inst)
                  1000ac80    00000014     tft.o (.rodata.str1.4019607706328417028.1)
                  1000ac94    00000011     libc.a : _printfi.c.obj (.rodata.str1.10348868589481759720.1)
                  1000aca5    00000011            : _printfi.c.obj (.rodata.str1.15363888844622738466.1)
                  1000acb6    00000011     tft.o (.rodata.str1.3377323731003627645.1)
                  1000acc7    00000010     tft.o (.rodata.str1.1436171034844034035.1)
                  1000acd7    0000000f     tft.o (.rodata.str1.9158064259770873136.1)
                  1000ace6    0000000c     tft.o (.rodata.str1.11273816490746554325.1)
                  1000acf2    0000000c     tft.o (.rodata.str1.16716551289572780309.1)
                  1000acfe    0000000a     ti_msp_dl_config.o (.rodata.gSPI_1_config)
                  1000ad08    00000007     tft.o (.rodata.str1.11152274604425007829.1)
                  1000ad0f    00000007     tft.o (.rodata.str1.6680627462027669879.1)
                  1000ad16    00000004     ti_msp_dl_config.o (.rodata.gSPI_1_clockConfig)
                  1000ad1a    00000006     --HOLE-- [fill = 0]

.init_array 
*          0    10000000    00000000     UNINITIALIZED

.binit     0    10000000    00000000     

.sysmem    0    30000000    00000800     UNINITIALIZED
                  30000000    00000010     libc.a : memory.c.obj (.sysmem)
                  30000010    000007f0     --HOLE--

__llvm_prf_bits 
*          0    30000000    00000000     UNINITIALIZED

.data      0    30000aa0    000001d1     UNINITIALIZED
                  30000aa0    000000f0     libc.a : defs.c.obj (.data._ftable)
                  30000b90    00000078     libsysbm.a : host_device.c.obj (.data._device)
                  30000c08    00000050                : host_device.c.obj (.data._stream)
                  30000c58    00000008     libc.a : exit.c.obj (.data..L_MergedGlobals)
                  30000c60    00000004            : defs.c.obj (.data.__TI_ft_end)
                  30000c64    00000004            : aeabi_portable.c.obj (.data.__aeabi_errno)
                  30000c68    00000004            : _lock.c.obj (.data._lock)
                  30000c6c    00000004            : _lock.c.obj (.data._unlock)
                  30000c70    00000001            : memory.c.obj (.data.memory_is_initialized)

.bss       0    30000c74    000001cc     UNINITIALIZED
                  30000c74    00000120     libsysbm.a : trgmsg.c.obj (.bss:_CIOBUF_)
                  30000d94    000000a0     libc.a : defs.c.obj (.bss.__TI_tmpnams)
                  30000e34    00000008     libsysbm.a : hostopen.c.obj (.bss.parmbuf)
                  30000e3c    00000004     libc.a : memory.c.obj (.bss.sys_free)

.stack     0    3003fef8    00000100     UNINITIALIZED
                  3003fef8    00000004     libc.a : boot_cortex_m.c.obj (.stack)
                  3003fefc    000000fc     --HOLE--

__llvm_prf_cnts 
*          0    30000800    000002a0     UNINITIALIZED
                  30000800    00000050     tft.o (__llvm_prf_cnts.__profc_TFT_DrawChar)
                  30000850    00000038     tft.o (__llvm_prf_cnts.__profc_TFT_FillRect)
                  30000888    00000028     tft.o (__llvm_prf_cnts.__profc_TFT_DrawString)
                  300008b0    00000028     tft.o (__llvm_prf_cnts.__profc_main)
                  300008d8    00000020     tft.o (__llvm_prf_cnts.__profc_TFT_DrawPixel)
                  300008f8    00000010     startup_mspm33c321x_ticlang.o (__llvm_prf_cnts.__profc_Default_Handler)
                  30000908    00000010     tft.o (__llvm_prf_cnts.__profc_TFT_FillScreen)
                  30000918    00000010     tft.o (__llvm_prf_cnts.__profc_tft.c_SPI_WriteByte)
                  30000928    00000010     ti_msp_dl_config.o (__llvm_prf_cnts.__profc_ti_msp_dl_config.c_DL_SPI_enablePower)
                  30000938    00000008     startup_mspm33c321x_ticlang.o (__llvm_prf_cnts.__profc_Reset_Handler)
                  30000940    00000008     ti_msp_dl_config.o (__llvm_prf_cnts.__profc_SYSCFG_DL_GPIO_init)
                  30000948    00000008     ti_msp_dl_config.o (__llvm_prf_cnts.__profc_SYSCFG_DL_SPI_1_init)
                  30000950    00000008     ti_msp_dl_config.o (__llvm_prf_cnts.__profc_SYSCFG_DL_SYSCTL_init)
                  30000958    00000008     ti_msp_dl_config.o (__llvm_prf_cnts.__profc_SYSCFG_DL_init)
                  30000960    00000008     ti_msp_dl_config.o (__llvm_prf_cnts.__profc_SYSCFG_DL_initPower)
                  30000968    00000008     tft.o (__llvm_prf_cnts.__profc_TFT_HardwareReset)
                  30000970    00000008     tft.o (__llvm_prf_cnts.__profc_TFT_Init)
                  30000978    00000008     tft.o (__llvm_prf_cnts.__profc_TFT_ReadID)
                  30000980    00000008     tft.o (__llvm_prf_cnts.__profc_TFT_ReadRegister)
                  30000988    00000008     tft.o (__llvm_prf_cnts.__profc_TFT_SetAddressWindow)
                  30000990    00000008     tft.o (__llvm_prf_cnts.__profc_TFT_WriteCommand)
                  30000998    00000008     tft.o (__llvm_prf_cnts.__profc_TFT_WriteData16)
                  300009a0    00000008     tft.o (__llvm_prf_cnts.__profc_TFT_WriteData)
                  300009a8    00000008     tft.o (__llvm_prf_cnts.__profc_tft.c_CS_High)
                  300009b0    00000008     tft.o (__llvm_prf_cnts.__profc_tft.c_CS_Low)
                  300009b8    00000008     tft.o (__llvm_prf_cnts.__profc_tft.c_DC_Command)
                  300009c0    00000008     tft.o (__llvm_prf_cnts.__profc_tft.c_DC_Data)
                  300009c8    00000008     tft.o (__llvm_prf_cnts.__profc_tft.c_DL_Common_updateReg)
                  300009d0    00000008     tft.o (__llvm_prf_cnts.__profc_tft.c_DL_GPIO_clearPins)
                  300009d8    00000008     tft.o (__llvm_prf_cnts.__profc_tft.c_DL_GPIO_setPins)
                  300009e0    00000008     tft.o (__llvm_prf_cnts.__profc_tft.c_DL_SPI_enable)
                  300009e8    00000008     tft.o (__llvm_prf_cnts.__profc_tft.c_DL_SPI_isBusy)
                  300009f0    00000008     tft.o (__llvm_prf_cnts.__profc_tft.c_DL_SPI_receiveData8)
                  300009f8    00000008     tft.o (__llvm_prf_cnts.__profc_tft.c_DL_SPI_setBitRateSerialClockDivider)
                  30000a00    00000008     tft.o (__llvm_prf_cnts.__profc_tft.c_DL_SPI_transmitData8)
                  30000a08    00000008     ti_msp_dl_config.o (__llvm_prf_cnts.__profc_ti_msp_dl_config.c_DL_Common_updateReg)
                  30000a10    00000008     ti_msp_dl_config.o (__llvm_prf_cnts.__profc_ti_msp_dl_config.c_DL_GPIO_clearPins)
                  30000a18    00000008     ti_msp_dl_config.o (__llvm_prf_cnts.__profc_ti_msp_dl_config.c_DL_GPIO_enableOutput)
                  30000a20    00000008     ti_msp_dl_config.o (__llvm_prf_cnts.__profc_ti_msp_dl_config.c_DL_GPIO_enablePower)
                  30000a28    00000008     ti_msp_dl_config.o (__llvm_prf_cnts.__profc_ti_msp_dl_config.c_DL_GPIO_initDigitalOutput)
                  30000a30    00000008     ti_msp_dl_config.o (__llvm_prf_cnts.__profc_ti_msp_dl_config.c_DL_GPIO_initPeripheralInputFunction)
                  30000a38    00000008     ti_msp_dl_config.o (__llvm_prf_cnts.__profc_ti_msp_dl_config.c_DL_GPIO_initPeripheralOutputFunction)
                  30000a40    00000008     ti_msp_dl_config.o (__llvm_prf_cnts.__profc_ti_msp_dl_config.c_DL_GPIO_reset)
                  30000a48    00000008     ti_msp_dl_config.o (__llvm_prf_cnts.__profc_ti_msp_dl_config.c_DL_SPI_enable)
                  30000a50    00000008     ti_msp_dl_config.o (__llvm_prf_cnts.__profc_ti_msp_dl_config.c_DL_SPI_reset)
                  30000a58    00000008     ti_msp_dl_config.o (__llvm_prf_cnts.__profc_ti_msp_dl_config.c_DL_SPI_setBitRateSerialClockDivider)
                  30000a60    00000008     ti_msp_dl_config.o (__llvm_prf_cnts.__profc_ti_msp_dl_config.c_DL_SPI_setFIFOThreshold)
                  30000a68    00000008     ti_msp_dl_config.o (__llvm_prf_cnts.__profc_ti_msp_dl_config.c_DL_SYSCTL_disableHFXT)
                  30000a70    00000008     ti_msp_dl_config.o (__llvm_prf_cnts.__profc_ti_msp_dl_config.c_DL_SYSCTL_disableSYSPLL)
                  30000a78    00000008     ti_msp_dl_config.o (__llvm_prf_cnts.__profc_ti_msp_dl_config.c_DL_SYSCTL_setBORThreshold)
                  30000a80    00000008     ti_msp_dl_config.o (__llvm_prf_cnts.__profc_ti_msp_dl_config.c_DL_SYSCTL_setSYSOSCFreq)
                  30000a88    00000008     ti_msp_dl_config.o (__llvm_prf_cnts.__profc_ti_msp_dl_config.c_DL_UNICOMM_enablePower)
                  30000a90    00000008     ti_msp_dl_config.o (__llvm_prf_cnts.__profc_ti_msp_dl_config.c_DL_UNICOMM_reset)
                  30000a98    00000008     ti_msp_dl_config.o (__llvm_prf_cnts.__profc_ti_msp_dl_config.c_DL_UNICOMM_setIPMode)

MODULE SUMMARY

       Module                          code    ro data   rw data
       ------                          ----    -------   -------
    .\
       tft.o                           34944   657       440    
       ti_msp_dl_config.o              1056    38        208    
       startup_mspm33c321x_ticlang.o   54      276       24     
    +--+-------------------------------+-------+---------+---------+
       Total:                          36054   971       672    
                                                                
    C:/ti/mspm33_sdk_1_00_00_00_internal/source/ti/driverlib/lib/ticlang/m33/mspm33c321x/driverlib.a
       dl_unicommspi.o                 148     0         0      
       dl_common.o                     20      0         0      
    +--+-------------------------------+-------+---------+---------+
       Total:                          168     0         0      
                                                                
    C:\ti\ccs2030\ccs\tools\compiler\ti-cgt-armllvm_4.0.3.LTS\lib\armv8m.main-ti-none-eabi/c/libc.a
       _printfi.c.obj                  2130    34        0      
       strcmp_t2.S.obj                 732     0         0      
       memory.c.obj                    688     0         5      
       defs.c.obj                      0       0         404    
       aeabi_ctype.S.obj               0       257       0      
       fputs.c.obj                     252     0         0      
       setvbuf.c.obj                   216     0         0      
       memcpy_t2.S.obj                 156     0         0      
       getdevice.c.obj                 148     0         0      
       fputc.c.obj                     136     0         0      
       copy_decompress_lzss.c.obj      116     0         0      
       memset_t2.S.obj                 114     0         0      
       fclose.c.obj                    112     0         0      
       fseek.c.obj                     108     0         0      
       printf.c.obj                    104     0         0      
       _io_perm.c.obj                  96      0         0      
       sprintf.c.obj                   90      0         0      
       fflush.c.obj                    80      0         0      
       atoi.c.obj                      64      0         0      
       exit.c.obj                      54      0         8      
       autoinit.c.obj                  56      0         0      
       fopen.c.obj                     52      0         0      
       boot_cortex_m.c.obj             36      0         0      
       memccpy.c.obj                   34      0         0      
       copy_zero_init.c.obj            18      0         0      
       wcslen.c.obj                    16      0         0      
       copy_decompress_none.c.obj      14      0         0      
       aeabi_portable.c.obj            8       0         4      
       _lock.c.obj                     2       0         8      
       pre_init.c.obj                  4       0         0      
    +--+-------------------------------+-------+---------+---------+
       Total:                          5636    291       429    
                                                                
    C:\ti\ccs2030\ccs\tools\compiler\ti-cgt-armllvm_4.0.3.LTS\lib\armv8m.main-ti-none-eabi/c/libsysbm.a
       trgmsg.c.obj                    100     0         288    
       host_device.c.obj               0       0         200    
       hostrename.c.obj                128     0         0      
       close.c.obj                     96      0         0      
       hostopen.c.obj                  88      0         8      
       hostlseek.c.obj                 88      0         0      
       hostread.c.obj                  84      0         0      
       hostwrite.c.obj                 84      0         0      
       hostunlink.c.obj                68      0         0      
       hostclose.c.obj                 60      0         0      
       lseek.c.obj                     44      0         0      
       unlink.c.obj                    44      0         0      
       write.c.obj                     44      0         0      
       hostexit.c.obj                  4       0         0      
       remove.c.obj                    4       0         0      
    +--+-------------------------------+-------+---------+---------+
       Total:                          936     0         496    
                                                                
    C:\ti\ccs2030\ccs\tools\compiler\ti-cgt-armllvm_4.0.3.LTS\lib\armv8m.main-ti-none-eabi/libclang_rt.builtins.a
       udivmoddi4.S.obj                176     0         0      
       aeabi_uldivmod.S.obj            20      0         0      
       aeabi_memset.S.obj              18      0         0      
       aeabi_memcpy.S.obj              4       0         0      
       aeabi_div0.c.obj                2       0         0      
    +--+-------------------------------+-------+---------+---------+
       Total:                          220     0         0      
                                                                
       Heap:                           0       0         2048   
       Stack:                          0       0         256    
       Linker Generated:               0       155       0      
    +--+-------------------------------+-------+---------+---------+
       Grand Total:                    43014   1417      3901   


LINKER GENERATED COPY TABLES

__TI_cinit_table @ 1000ada8 records: 3, size/record: 8, table size: 24
	.data: load addr=1000ad20, load size=00000066 bytes, run addr=30000aa0, run size=000001d1 bytes, compression=lzss
	__llvm_prf_cnts: load addr=1000ad94, load size=00000009 bytes, run addr=30000800, run size=000002a0 bytes, compression=lzss
	.bss: load addr=1000ada0, load size=00000008 bytes, run addr=30000c74, run size=000001cc bytes, compression=zero_init


LINKER GENERATED HANDLER TABLE

__TI_handler_table @ 1000ad88 records: 3, size/record: 4, table size: 12
	index: 0, handler: __TI_decompress_lzss
	index: 1, handler: __TI_decompress_none
	index: 2, handler: __TI_zero_init


GLOBAL SYMBOLS: SORTED ALPHABETICALLY BY Name 

address   name                                                           
-------   ----                                                           
1000a825  ADC0_DCOMP_IRQHandler                                          
1000a825  ADC0_SEQ0_IRQHandler                                           
1000a825  ADC0_SEQ1_IRQHandler                                           
1000a825  ADC0_SEQ2_IRQHandler                                           
1000a825  ADC0_SEQ3_IRQHandler                                           
1000a825  ADC1_DCOMP_IRQHandler                                          
1000a825  ADC1_SEQ0_IRQHandler                                           
1000a825  ADC1_SEQ1_IRQHandler                                           
1000a825  ADC1_SEQ2_IRQHandler                                           
1000a825  ADC1_SEQ3_IRQHandler                                           
1000a825  AESADVHP_IRQHandler                                            
1000a91e  C$$EXIT                                                        
1000a5e7  C$$IO$$                                                        
1000a825  CANFD0_IRQHandler                                              
1000a825  CANFD1_IRQHandler                                              
1000a825  COMP0_IRQHandler                                               
1000a825  COMP1_IRQHandler                                               
1000a825  DEBUGSS_IRQHandler                                             
1000a857  DL_Common_delayCycles                                          
1000a411  DL_SPI_init                                                    
1000a77d  DL_SPI_setClockConfig                                          
1000a825  DMA0_IRQHandler                                                
1000a825  DMA1_IRQHandler                                                
1000a825  Default_Handler                                                
1000a825  FLASHCTL_IRQHandler                                            
1000a825  GPIOA_IRQHandler                                               
1000a825  GPIOB_IRQHandler                                               
1000a825  GPIOC_IRQHandler                                               
1000a4dd  HOSTclose                                                      
1000a91f  HOSTexit                                                       
1000a269  HOSTlseek                                                      
1000a2c1  HOSTopen                                                       
1000a319  HOSTread                                                       
1000a0e5  HOSTrename                                                     
1000a459  HOSTunlink                                                     
1000a36d  HOSTwrite                                                      
1000a825  HardFault_Handler                                              
1000a825  I2S0_IRQHandler                                                
1000a825  I2S1_IRQHandler                                                
1000a825  LFSS_IRQHandler                                                
1000a825  NMI_Handler                                                    
1000a825  PKA_IRQHandler                                                 
1000a825  PendSV_Handler                                                 
1000a825  QSPI_IRQHandler                                                
1000a7eb  Reset_Handler                                                  
1000a825  SHAW_IRQHandler                                                
1000a825  SVC_Handler                                                    
1000961b  SYSCFG_DL_GPIO_init                                            
10009b01  SYSCFG_DL_SPI_1_init                                           
10009bcb  SYSCFG_DL_SYSCTL_init                                          
1000a651  SYSCFG_DL_init                                                 
100094cd  SYSCFG_DL_initPower                                            
1000a825  SYSCTL_IRQHandler                                              
1000a825  SysTick_Handler                                                
1000820d  TFT_DrawChar                                                   
10008b7d  TFT_FillRect                                                   
10008e59  TFT_FillScreen                                                 
10000121  TFT_Init                                                       
100085c5  TFT_ReadID                                                     
100090b1  TFT_ReadRegister                                               
10007e01  TFT_SetAddressWindow                                           
100092d1  TFT_WriteData16                                                
1000a825  TIMA0_0_IRQHandler                                             
1000a825  TIMA0_1_IRQHandler                                             
1000a825  TIMG12_0_IRQHandler                                            
1000a825  TIMG4_0_IRQHandler                                             
1000a825  TIMG4_1_IRQHandler                                             
1000a825  TIMG4_2_IRQHandler                                             
1000a825  TIMG4_3_IRQHandler                                             
1000a825  TIMG8_0_IRQHandler                                             
1000a825  TIMG8_1_IRQHandler                                             
1000a825  TRNG_IRQHandler                                                
1000a825  UC0_IRQHandler                                                 
1000a825  UC10_IRQHandler                                                
1000a825  UC1_IRQHandler                                                 
1000a825  UC2_IRQHandler                                                 
1000a825  UC3_IRQHandler                                                 
1000a825  UC4_IRQHandler                                                 
1000a825  UC5_IRQHandler                                                 
1000a825  UC6_IRQHandler                                                 
1000a825  UC7_IRQHandler                                                 
1000a825  UC8_IRQHandler                                                 
1000a825  UC9_IRQHandler                                                 
1000a825  WWDT0_IRQHandler                                               
30000c74  _CIOBUF_                                                       
30000c74  __CIOBUF_                                                      
3003fff8  __STACK_END                                                    
00000100  __STACK_SIZE                                                   
00000800  __SYSMEM_SIZE                                                  
00000000  __TI_ATRegion0_region_sz                                       
00000000  __TI_ATRegion0_src_addr                                        
00000000  __TI_ATRegion0_trg_addr                                        
00000000  __TI_ATRegion1_region_sz                                       
00000000  __TI_ATRegion1_src_addr                                        
00000000  __TI_ATRegion1_trg_addr                                        
00000000  __TI_ATRegion2_region_sz                                       
00000000  __TI_ATRegion2_src_addr                                        
00000000  __TI_ATRegion2_trg_addr                                        
1000ada8  __TI_CINIT_Base                                                
1000adc0  __TI_CINIT_Limit                                               
1000adc0  __TI_CINIT_Warm                                                
1000ad88  __TI_Handler_Table_Base                                        
1000ad94  __TI_Handler_Table_Limit                                       
1000a551  __TI_auto_init_nobinit_nopinit                                 
1000a589  __TI_cleanup                                                   
30000c58  __TI_cleanup_ptr                                               
10009f39  __TI_closefile                                                 
10009e51  __TI_decompress_lzss                                           
1000a8dd  __TI_decompress_none                                           
1000a3c1  __TI_doflush                                                   
30000c5c  __TI_dtors_ptr                                                 
30000c60  __TI_ft_end                                                    
ffffffff  __TI_pprof_out_hndl                                            
100075bd  __TI_printfi_nofloat                                           
ffffffff  __TI_prof_data_size                                            
ffffffff  __TI_prof_data_start                                           
1000a5f1  __TI_readmsg                                                   
1000ad20  __TI_static_base__                                             
30000d94  __TI_tmpnams                                                   
1000a5bd  __TI_writemsg                                                  
1000a149  __TI_wrt_ok                                                    
1000a881  __TI_zero_init_nomemset                                        
1000ab20  __aeabi_ctype_table_                                           
1000ab20  __aeabi_ctype_table_C                                          
30000c64  __aeabi_errno                                                  
1000a901  __aeabi_errno_addr                                             
100065bf  __aeabi_ldiv0                                                  
1000a909  __aeabi_memclr                                                 
1000a909  __aeabi_memclr4                                                
1000a909  __aeabi_memclr8                                                
1000a925  __aeabi_memcpy                                                 
1000a925  __aeabi_memcpy4                                                
1000a925  __aeabi_memcpy8                                                
1000a8ed  __aeabi_memset                                                 
1000a8ed  __aeabi_memset4                                                
1000a8ed  __aeabi_memset8                                                
1000a86d  __aeabi_uldivmod                                               
ffffffff  __binit__                                                      
00020528  __covrec_1018521E5B299FA7                                      
00019db8  __covrec_103AAAE744EDC923                                      
0001b528  __covrec_105FA22A5C54F824                                      
0000b338  __covrec_1067EFD43AC4737C                                      
00004330  __covrec_106C0A8F47E4EBF5                                      
00015268  __covrec_10744C07F8ABF898                                      
00013f30  __covrec_1074AE20F9C3BBFE                                      
000009d8  __covrec_107802700ECD7C02                                      
0000b518  __covrec_107B128032F6DB3F                                      
0000e678  __covrec_10824BD04F6231E0                                      
0001a8d0  __covrec_1082BCABC061123E                                      
00020690  __covrec_1088BC9CCEB5B98E                                      
00007210  __covrec_10ACAC719BF92A02                                      
00013a80  __covrec_10C260ADCECCBC97                                      
00018e18  __covrec_10D498CB12E6DD3                                       
000070d0  __covrec_10D7C14A5E1269A                                       
00001130  __covrec_10D83D798DF85215                                      
0000fdc0  __covrec_10DD02304F236F5B                                      
0001fab0  __covrec_110E957A5C5DFE90                                      
0000cb48  __covrec_1129F9D0907743CC                                      
00011558  __covrec_11548A0C371099D9                                      
0001bbb8  __covrec_117964D96EE36E41                                      
0000e0b0  __covrec_1179DC1F40DF19BB                                      
0000dca0  __covrec_117A6AE779833FFF                                      
00024948  __covrec_11896653D92924BC                                      
0000d6d8  __covrec_119935E492C58911                                      
0001df30  __covrec_11A2E988171FA6FD                                      
00016690  __covrec_11BA6DE59B28BFCD                                      
00025870  __covrec_11C4590D8150192A                                      
000051b8  __covrec_11E4D0BB9C3E8C30                                      
0001bc08  __covrec_11EED22D9E60C93C                                      
00020fc8  __covrec_11F0727ADEC938A6                                      
000120c0  __covrec_11F13472B68456                                        
00019598  __covrec_1212C889B8DE0D1D                                      
0001ad58  __covrec_12137AB927F27536                                      
00024150  __covrec_12397F85FA5A181A                                      
00018c10  __covrec_123EF6C215982B55                                      
0001c6d0  __covrec_1262F84BF6677193                                      
000058c0  __covrec_1267B4521C0A50E3                                      
00022238  __covrec_126C0B7E8981C155                                      
000220a8  __covrec_12A1A5B674045A46                                      
00008d90  __covrec_12A84A218C9DEA06                                      
000127c8  __covrec_12B18424C859DF9D                                      
0000cd28  __covrec_12B33D9FCAB5C7F6                                      
00022b70  __covrec_12B3DDEADD64CE07                                      
00021298  __covrec_12B4AD1F18DFDCB2                                      
0000d020  __covrec_12BA5CE176C32DDC                                      
000184e0  __covrec_12C47AE2DA065B0F                                      
00014818  __covrec_12CBF742F84AB747                                      
0001f2b8  __covrec_12F07EB31508730B                                      
00017838  __covrec_13113FF595265FC8                                      
00000c58  __covrec_1313DC5687DCCBE4                                      
000086d8  __covrec_13150132607A5180                                      
00007670  __covrec_1317F30DAB07CEFD                                      
0000cf80  __covrec_132818003A70A7AF                                      
00008a70  __covrec_133B487217BB2E5A                                      
0001a808  __covrec_133C2C8A27891CB7                                      
00003200  __covrec_133E6E5754396960                                      
00011f30  __covrec_134F21299CF91075                                      
000201b8  __covrec_1356D0C6CD52A496                                      
000112b0  __covrec_13672E230F457DC9                                      
00024218  __covrec_137D365011955103                                      
0001eae8  __covrec_1382B4651CA09C1F                                      
000183f0  __covrec_1386E69C7CDBD2E6                                      
00012020  __covrec_13941B1E936B73E2                                      
0001a588  __covrec_13BF532A32449873                                      
00020320  __covrec_13C8933AE5979064                                      
00022c38  __covrec_13D0EC6B4327646C                                      
00018d78  __covrec_13E79675FAD100E3                                      
0001bed8  __covrec_13F256138B3B6518                                      
000245d8  __covrec_1401D7B67233A7F0                                      
00007080  __covrec_1409994ABADCA9DB                                      
00004600  __covrec_140C87832FFAF923                                      
0001ba50  __covrec_140EB3340D8645F7                                      
00008f70  __covrec_14465F9D45D58042                                      
00017040  __covrec_145D172321BB2EAB                                      
0001cec8  __covrec_148F7DA1EDB7DD61                                      
000075f8  __covrec_149ACD14E0572626                                      
00024b28  __covrec_149E87FD6446C1FC                                      
0000f1b8  __covrec_14C7D3D01E57A504                                      
0001fda8  __covrec_14C81AC7A8B92809                                      
000084d0  __covrec_14C92017E2A5AC67                                      
000058e8  __covrec_14D1DCA4E67C18C5                                      
0000e6f0  __covrec_14FA4B69117446C1                                      
0000e740  __covrec_14FF88AAFCD7D57D                                      
00010b08  __covrec_150B89D347BC7E6E                                      
000073a0  __covrec_1528E95DCB01A67C                                      
00001298  __covrec_153C71C9353F6537                                      
00010d10  __covrec_1540C2C144B9922B                                      
0001fc40  __covrec_15444C6CFF7C0EAD                                      
000179c8  __covrec_154BFDCE12F02A35                                      
00004e48  __covrec_15599278F6628FD9                                      
0000def8  __covrec_15699B8DF7CF109F                                      
00011be8  __covrec_157321A8C10AC04E                                      
00009bc8  __covrec_15A6988EB176291B                                      
0001d1e8  __covrec_15AF76F35BC0448C                                      
0000c850  __covrec_15B0477F91E5A15B                                      
00012f00  __covrec_15D3266DA7E8B312u                                     
0001b4b0  __covrec_15D44A2E1BA6AEF6                                      
000127a0  __covrec_15D8AD984765CE7C                                      
000069f0  __covrec_15E9C88B8913D74B                                      
00008610  __covrec_15EBD46F714DA966                                      
0000c0f8  __covrec_1607E55D10EC504D                                      
0000bba8  __covrec_161C5CCBB18E3472                                      
0000a2d0  __covrec_162CFD0A1B796938                                      
00009b50  __covrec_163C92947DFA7B45                                      
0000ba18  __covrec_1658A1CFEC8A9371                                      
000105e0  __covrec_16674943AE982D61                                      
00000a00  __covrec_166C82B5B146B5D7                                      
000244c0  __covrec_166DBF9076E6345C                                      
000199a8  __covrec_1681E425BE764A97                                      
000052a8  __covrec_168493D43873B111                                      
00007f80  __covrec_16A0659A24000E67                                      
00023f98  __covrec_16B04AF7110E629D                                      
000167f8  __covrec_16B91197C1897CD6                                      
0000fd70  __covrec_16BDE21014ED2C1                                       
00014a70  __covrec_16C63B1658850B21                                      
00016d20  __covrec_16D2DA11BA350680                                      
000080e8  __covrec_16D434825183503F                                      
000099c0  __covrec_16D70E5A69A3760A                                      
0000a528  __covrec_16EB4AA73251958E                                      
000020f8  __covrec_16F02D052FF565BE                                      
00014548  __covrec_16FAC33A39EFD93A                                      
00005280  __covrec_1707DC81A21DBC1C                                      
00015ad8  __covrec_170AF5AE926DC51D                                      
00017220  __covrec_170E2828DD417338                                      
0000bec8  __covrec_171317B20F4BC1DB                                      
00001360  __covrec_172B59B25D72358A                                      
00005708  __covrec_17302E52AA89C0CD                                      
0000d8e0  __covrec_17309D8202C86DB3                                      
0001a9c0  __covrec_1734553C1B2E7D1E                                      
0000b4a0  __covrec_1740AFC189A8EDA2                                      
00001658  __covrec_174915AB4E2EDF5C                                      
00004e98  __covrec_174F15FCCDC74864                                      
00012818  __covrec_1759666B8765F80D                                      
00022468  __covrec_175A0B476BB46165                                      
000209b0  __covrec_1786B2B30AD9D4E4                                      
000215b8  __covrec_178F40DDE21BE7BB                                      
0000bbd0  __covrec_1796D1C61F0D17A8                                      
000216a8  __covrec_179C5D415DAF3852                                      
000216f8  __covrec_17B7510BA3C6D63D                                      
0001c860  __covrec_17DA6C1ABA552607                                      
0000b428  __covrec_17DAEC6AFA72F54C                                      
000202d0  __covrec_17DD54B0ABEF684D                                      
00001a68  __covrec_17E07C5FF5F82422                                      
00008908  __covrec_17E08951EDF009B4                                      
00013bc0  __covrec_17E391D7123D892C                                      
00009e20  __covrec_17F1308C877F8432                                      
00001400  __covrec_17F9955224B25587                                      
00014d68  __covrec_181211B5F93D0AD3                                      
00012ab0  __covrec_1818E437BF5521D7u                                     
0001ce78  __covrec_18211F0904F52895                                      
00007a58  __covrec_182EBC3292D8B057                                      
0001f038  __covrec_185A888EA5B72FA2                                      
00007490  __covrec_1881D5B34314DF64                                      
00022fd0  __covrec_1888A59DF0B3B3C7                                      
0001e458  __covrec_189065BD7E1180FF                                      
00021a68  __covrec_1899F4DE343A420C                                      
000220d0  __covrec_189A1B52522DC678                                      
000091a0  __covrec_18A4EB207556A42C                                      
000102e8  __covrec_18ABC13FAC28025C                                      
00010bf8  __covrec_18AC38AE70A94599                                      
000057d0  __covrec_18ACAD82B94D6601                                      
00005730  __covrec_18ACCAC5D58EF3D4                                      
000084f8  __covrec_18C79462758238BA                                      
0000d4d0  __covrec_18C7DFC85F74DF88                                      
0001a830  __covrec_18CBC653C2C5DFB9                                      
00007b48  __covrec_18DDFB0FE08ED969                                      
00024420  __covrec_18EA9905F2D92A6F                                      
000093d0  __covrec_1908F0908D2CBF18                                      
00007da0  __covrec_191831FA0CEE1893                                      
00004a60  __covrec_192A7CE8DD30AE20                                      
00007aa8  __covrec_1930B2CB90352D46                                      
0001d4e0  __covrec_1953C8669CE2D0FE                                      
00021d10  __covrec_197AEEDD17EAD6F9                                      
000138a0  __covrec_19A0E87120CDC68F                                      
0000d0e8  __covrec_19B8727C1D4ABDAE                                      
0001be38  __covrec_19D16789C19ACF5D                                      
0001a128  __covrec_19D44E97A775C3E5                                      
00025730  __covrec_19E0C80C93FB9B9F                                      
00022378  __covrec_19E0C80F4592B02E                                      
0000f5f0  __covrec_19E75B9307F97AB0                                      
0000fc30  __covrec_19F06ABB5A28AA72                                      
0000a870  __covrec_19FA784ADD838849                                      
00011698  __covrec_1A0F7EC2AC44F654                                      
00009240  __covrec_1A22B483B14D442                                       
00018cd8  __covrec_1A38C341544C3879                                      
00001ae0  __covrec_1A3FA77D293B3485                                      
0001af10  __covrec_1A40EC858E5F0CD6                                      
00011d78  __covrec_1A4544BED21CEB2C                                      
0000a3c0  __covrec_1A6E887ACACAFF76                                      
00016d48  __covrec_1AAC40224504CAFA                                      
00002e90  __covrec_1AE60D0DA8D77CF0                                      
00009740  __covrec_1AF6215EE93D46D6                                      
0000f7f8  __covrec_1AFE6ECE1BD6F5C2                                      
00008b10  __covrec_1AFE76699DCE6D3D                                      
00018d50  __covrec_1B097628E00A8229                                      
00008480  __covrec_1B0D2750B34B1703                                      
00016c58  __covrec_1B2BF684DC595A2B                                      
00015470  __covrec_1B3CC2B68A699D40                                      
0001cdb0  __covrec_1B54995DB84F8B98                                      
00019548  __covrec_1B5721F4AEFA561F                                      
00021c70  __covrec_1B73EE0B8F30313A                                      
00025898  __covrec_1B8BAC043C9D5C93                                      
00024d58  __covrec_1B9584C28FC0AFC2                                      
000042e0  __covrec_1B9CA30A65B78731                                      
00022008  __covrec_1B9FA90D44553E00                                      
00001478  __covrec_1BC9AF92F5A17ABA                                      
0000b568  __covrec_1BD34071CFA619DA                                      
00012868  __covrec_1BEE14838B08B7EA                                      
000253e8  __covrec_1BEEECB176BC9C86                                      
0000c5f8  __covrec_1BFF9732B2DAF38C                                      
00016b40  __covrec_1C0E07A24114AAF5                                      
000152b8  __covrec_1C4941C0EE3F2117                                      
00014e58  __covrec_1C4E558214A79D65                                      
00020c08  __covrec_1C5F6808BD5C76DA                                      
0001c4f0  __covrec_1C6892E386CC26B1                                      
00007990  __covrec_1CA1AE9514CE36B4                                      
000164d8  __covrec_1CA340B22F2CC9E                                       
00011df0  __covrec_1CABCD001BB8A2D4                                      
00001ef0  __covrec_1CC14C8A376E03E3                                      
0000e4e8  __covrec_1CD6F65EDB220D52                                      
00007e68  __covrec_1CE8FD9CC832CE68                                      
00018f80  __covrec_1CE909354FF8939F                                      
00021568  __covrec_1CFBA41CF3433B5E                                      
000102c0  __covrec_1D03C489628EC74D                                      
00017680  __covrec_1D0492DEF478C1EF                                      
00019408  __covrec_1D0E723C2EF029EE                                      
0001d3f0  __covrec_1D10DBEA99EF31D                                       
00009290  __covrec_1D1393F256C668B4                                      
00024510  __covrec_1D3EAE1D696CB562                                      
00004dd0  __covrec_1D5453C0FE32606E                                      
0000e8d0  __covrec_1D69454E4585F9FA                                      
00006c70  __covrec_1D8009E1123EFE18                                      
00016320  __covrec_1D88601D63A10063                                      
00024ab0  __covrec_1D8C74B2B54D8A9F                                      
00017b58  __covrec_1D979241DB420643                                      
00004f88  __covrec_1DA2DF1D9481285F                                      
0000d980  __covrec_1DBD55CB071CE798                                      
00018c88  __covrec_1DCA7E16D4A718CD                                      
0001da58  __covrec_1E365C06B93E755C                                      
0000d4f8  __covrec_1E5D0BA266A05409                                      
00020a50  __covrec_1E612458715CE6B6                                      
000147f0  __covrec_1E81C76A394FF98F                                      
00020e10  __covrec_1E8998490C12D603                                      
0000e2b8  __covrec_1E967D82AE57104C                                      
0000dbd8  __covrec_1EB10222D35B87B9                                      
00015240  __covrec_1EB442BE3C5791BE                                      
00014520  __covrec_1EC2171F3DCD1F0A                                      
0000fe88  __covrec_1EC243A73359BD5F                                      
00010f68  __covrec_1ED2390858C3EB64                                      
0000e970  __covrec_1EE4D15989A2B4E4                                      
0000b9c8  __covrec_1EF1FB822FC56A69                                      
00023520  __covrec_1EF602A244722D5F                                      
0001bfc8  __covrec_1F0422B4B1A24507                                      
00008700  __covrec_1F323AB5CF4D4A72                                      
00003458  __covrec_1F4169E57C49DBAC                                      
00010158  __covrec_1F54DD07CE6E3CC3                                      
000155b0  __covrec_1F617C3956463676                                      
00014840  __covrec_1F6F1D8B6C036644                                      
00006310  __covrec_1F81DC0331A088EE                                      
0001b640  __covrec_1F81F28CFCF7230C                                      
00015b78  __covrec_1F880AE1EE4A787B                                      
000199d0  __covrec_1F96F46632038270                                      
00009fd8  __covrec_1F9CF73C50D6AB19                                      
0001c4a0  __covrec_1F9F60AF9D1EA516                                      
00022328  __covrec_1FA512FA46C7E5B5                                      
00020f00  __covrec_1FA57E91BCF2AE70                                      
00024790  __covrec_1FA9A20B0054EC96                                      
0001e930  __covrec_1FAE6341AC33EBCF                                      
0000d5e8  __covrec_1FC1559D82C02D42                                      
0001d5d0  __covrec_1FCCD1440CD87A38                                      
000109c8  __covrec_201277E0AA6EE9F3                                      
0000e1c8  __covrec_2046BE57FB3E054C                                      
00019980  __covrec_204FD3E6CA87108D                                      
00006e78  __covrec_20502D4EF27C8C51                                      
00018788  __covrec_2057A945F1B9B615                                      
0001a9e8  __covrec_20739469A83737C8                                      
00006d10  __covrec_208E88AD446ED6FF                                      
0001b898  __covrec_20A2341177F2D26E                                      
0000a7a8  __covrec_20C5FBED395A9EDE                                      
00021e28  __covrec_20CFD6294D6E9168                                      
00025208  __covrec_20F18CFE460A5282                                      
0000a370  __covrec_20F4440F1638C2A5                                      
00015bc8  __covrec_21054578FFC9EE27                                      
00016e10  __covrec_2117D91B52020C7D                                      
0000bf40  __covrec_212223448B5B81B9                                      
0001ed68  __covrec_213A5CF286A089C2                                      
0001c950  __covrec_213F63025DB77FC4                                      
0000df48  __covrec_216718CA83AD3AF2                                      
000191b0  __covrec_2173C5F70763121C                                      
0000d5c0  __covrec_2175477B7920D59E                                      
00006f40  __covrec_217DB9DBC67C1EFE                                      
00009f10  __covrec_219DAFA81AFAA2FB                                      
0001fec0  __covrec_21AB6433F70D1048                                      
0000e100  __covrec_21D48F08684C7774                                      
0001d0f8  __covrec_221829C228DA6C06                                      
00012688  __covrec_222CA9EC1B745CD9                                      
00020758  __covrec_222D99FB63574F6A                                      
00015fd8  __covrec_2230C0D69946CC4B                                      
00007eb8  __covrec_2239F1A9CC961427                                      
000259d8  __covrec_22556AAF4832D8BF                                      
0001ec50  __covrec_225AAA53B253CAA4                                      
00005f50  __covrec_2286D5FF0FC802ED                                      
0000c878  __covrec_228B4DCEDE67C9E2                                      
000059d8  __covrec_22AA610D5E826481                                      
00001180  __covrec_22D092EAE16D02EF                                      
00010d88  __covrec_22E2236BC99304F9                                      
00006c48  __covrec_22F1260B2ECCC08F                                      
0000aca8  __covrec_22F2AD01BBE54AC3                                      
000070f8  __covrec_230E01EBA14683DA                                      
00014de0  __covrec_23178DECE8CC2AB1                                      
0001f3f8  __covrec_233EAFEC84FC4943                                      
00002260  __covrec_2356CFAA058BDA63                                      
000159e8  __covrec_2365053FAC035AAB                                      
0001b230  __covrec_23739CFE0671763C                                      
0001ca90  __covrec_23775F7384F9CD04                                      
00003d18  __covrec_23A2723218FB953F                                      
00010ab8  __covrec_23BA94AFA28E8B44                                      
000061d0  __covrec_23BDC91C28D00DEB                                      
00024bc8  __covrec_23F7577DC4D82569                                      
0001e138  __covrec_23FBBAEE4FF43E4E                                      
00001090  __covrec_2429638F3104CEC6                                      
000020d0  __covrec_245CEEBD24015B1F                                      
0000c508  __covrec_245EBA72A5A0F5EB                                      
00018990  __covrec_248F59F6D6A669EF                                      
00021b30  __covrec_2491A5449AC6AFDD                                      
00002ad0  __covrec_24C869B71C1745EC                                      
0000b8d8  __covrec_24CD7D1265135F07                                      
0000b748  __covrec_24D4168F36768F8A                                      
00001248  __covrec_24D80F5FFDB3B16                                       
00004560  __covrec_24DBDAA504A8EB                                        
00008048  __covrec_24DC5A464E150DEB                                      
000121d8  __covrec_2548E4241C41D4AC                                      
0001be10  __covrec_254A82438591E52C                                      
0001a650  __covrec_2554E06C7C104836                                      
000045b0  __covrec_25644B6D8D9339A2                                      
00019a70  __covrec_2568050D401E8E68                                      
000063d8  __covrec_2597CFE535DF7925                                      
0001c338  __covrec_259AA9E554F666B7                                      
00002fa8  __covrec_259FE72B02F982E3                                      
00004240  __covrec_25B72A3D7BD5840F                                      
00011378  __covrec_25D863D26F29F221                                      
00005348  __covrec_25E129209C6D6E08                                      
00000de8  __covrec_260485F951D8CFA2                                      
00023598  __covrec_2621E40C16A0319E                                      
0001e110  __covrec_262CE07799357518                                      
000241a0  __covrec_2631DCA870C8D261                                      
0001ba28  __covrec_263B49CCAAFFAD10                                      
00016280  __covrec_26529B915D49F234                                      
00002670  __covrec_2662EFE42B16DEE1                                      
000174f0  __covrec_267D27CF810BD59C                                      
00023d68  __covrec_268AB599EB4212A5                                      
00022260  __covrec_2693B0CD78D42A91                                      
00020280  __covrec_26AF2A21E7B92AED                                      
00010ce8  __covrec_26BDD9085FF96DA5                                      
0001cb80  __covrec_26C28402AC41882A                                      
00024c18  __covrec_26F42A5A5BCDA10A                                      
00010220  __covrec_26F7BD59BDABA46                                       
00012340  __covrec_276B3C7F132E7949                                      
000204d8  __covrec_2776F3BF367741EE                                      
00011828  __covrec_278B19F5D60C3947                                      
00015a38  __covrec_278E5536214B5313                                      
00024ce0  __covrec_27BF384D329EC88A                                      
00018170  __covrec_27D2AD01E17EABDD                                      
0001a178  __covrec_27F4CE623A8B5B33                                      
00005dc0  __covrec_27F653CEA4118248                                      
000035e8  __covrec_280C086A8D3E033A                                      
000196b0  __covrec_284C1F580747E073                                      
0001d328  __covrec_28A6ED04FD6736E7                                      
0000c0a8  __covrec_28CAF5403BA112D7                                      
00022b20  __covrec_28F2E6C2558B4CC                                       
00013fd0  __covrec_295C308EAC51557B                                      
00023cc8  __covrec_297910DCFA06D552                                      
00023390  __covrec_2998FB8F7F7F6C58                                      
0000c288  __covrec_299EDB45E19271B                                       
00006fb8  __covrec_29CB61A807DB331C                                      
000118c8  __covrec_29FD4C6F37BB673F                                      
00025708  __covrec_2A04286C6F2B44A9                                      
0000bae0  __covrec_2A1CAF1263274BD9                                      
00012a30  __covrec_2A33AB353E6B969Cu                                     
0001c978  __covrec_2A4FD133DDBFF9F2                                      
000173b0  __covrec_2A5D87E20D2B353C                                      
00001f68  __covrec_2A5F24567CA81B28                                      
00011080  __covrec_2A658EA1206C62D6                                      
00004c40  __covrec_2A736453A4775CC3                                      
00001bf8  __covrec_2A8B557658325237                                      
00012098  __covrec_2A91C3E5F45518F9                                      
0001de68  __covrec_2A9EFE7D0D5CC6FB                                      
0001c130  __covrec_2AA148988CEF6258                                      
0001e980  __covrec_2AB639C8070040F7                                      
00018a58  __covrec_2AD2F3818974D495                                      
00000c08  __covrec_2ADD8BD0BF6DAA7F                                      
000223a0  __covrec_2ADFD61D9132B19C                                      
000248a8  __covrec_2AE0D977427AB785                                      
0000d430  __covrec_2AFC953AB3BFA4B3                                      
00005690  __covrec_2B07AC81363554B8                                      
00022ad0  __covrec_2B137060926F592C                                      
000259b0  __covrec_2B3C2C957A277883                                      
0000ca80  __covrec_2B3D97B203BD5320                                      
00015948  __covrec_2B580D04D376961D                                      
00006748  __covrec_2B5FFCF4F8CB86BC                                      
00007918  __covrec_2B68E5DDE2E9662B                                      
00003430  __covrec_2B9D588B68FFC9FD                                      
00000ff0  __covrec_2B9ED78528214928                                      
00022918  __covrec_2BA3C4FA99217675                                      
0001db70  __covrec_2BD44284789F91BA                                      
00009678  __covrec_2BE6C0B46C211135                                      
0001f6f0  __covrec_2C0A9F21EA7A4B13                                      
000112d8  __covrec_2C177686F2932C2C                                      
00019200  __covrec_2C57BDB4B33A4495                                      
00006f68  __covrec_2C5B3AD84DE89A09                                      
000144a8  __covrec_2C6FF4AFB56852BC                                      
0001e278  __covrec_2C7807E6FE8E01E8                                      
00019070  __covrec_2C7F66C574C54575                                      
00019778  __covrec_2CCBD69A33B1A43F                                      
000073c8  __covrec_2D0041D38F4C7BA8                                      
00001c98  __covrec_2D13BBFC3A449323                                      
0000f5c8  __covrec_2D1E6856B3061151                                      
00011d50  __covrec_2D2B2BAF1BAC8BDA                                      
0000a140  __covrec_2D3B4279E82844EA                                      
000114e0  __covrec_2D4D821B616E6924                                      
00020a78  __covrec_2D575503EF9D9729                                      
00002418  __covrec_2D61228427B0BF14                                      
000116c0  __covrec_2D723378264E6A7                                       
0000dd90  __covrec_2D7A7904D991C2E0                                      
000174a0  __covrec_2D86B24AF6D1A540                                      
000250f0  __covrec_2D879BBC981BFF03                                      
00021978  __covrec_2D899877F4B8D6DD                                      
0000fc08  __covrec_2D8A3E6347FF950C                                      
000241f0  __covrec_2D8FB7EF2983DECD                                      
00013da0  __covrec_2D9218100881F315                                      
0000aa28  __covrec_2D99555663CB507E                                      
000164b0  __covrec_2D99EAE3F36ECC9A                                      
0000af50  __covrec_2DA3C7F5F3A1833F                                      
00014958  __covrec_2DA731F07EE32B4A                                      
00015c90  __covrec_2DD07D8034961E79                                      
000030c0  __covrec_2DD25A1E0605CEF0                                      
0000e060  __covrec_2DDC7AACECA4585A                                      
0001a6f0  __covrec_2DDCD5E0D9C5CB47                                      
000145e8  __covrec_2DE13D11106F30C3                                      
0000ff78  __covrec_2DECA8561F707322                                      
00008958  __covrec_2DF772145F02FC49                                      
000233b8  __covrec_2DF95169CB140A84                                      
00018ad0  __covrec_2E034B95217B4B85                                      
00017298  __covrec_2E25D93557C548ED                                      
00021d60  __covrec_2E2A70827BDC5258                                      
000077b0  __covrec_2E3C982E9C9C353                                       
000045d8  __covrec_2E459FB28F5F2122                                      
00024df8  __covrec_2E4B0434598BD93                                       
00023250  __covrec_2E4F647758B995BF                                      
0000b798  __covrec_2E6EC07223ED40B7                                      
000065b8  __covrec_2E714EFCCE61715E                                      
0001c8d8  __covrec_2E7E51C4DB302D6A                                      
00017ab8  __covrec_2E97BABEA71D0B7B                                      
00010bd0  __covrec_2EB222C72903A525                                      
00021720  __covrec_2EB2AAA08BD8A9AA                                      
00024b78  __covrec_2EB659351EC73617                                      
000258c0  __covrec_2EC93EBAD61B8A03                                      
0001e3b8  __covrec_2ED6AA9C9C7A8D21                                      
00014db8  __covrec_2EE3920C4DD5ADB6                                      
00019b38  __covrec_2F00C1B0AC430237                                      
000175b8  __covrec_2F035CEFDF1062C1                                      
0001cdd8  __covrec_2F14B8D53D6AFF17                                      
00017518  __covrec_2F1B991B5F313888                                      
000181e8  __covrec_2F1D6E7B96801956                                      
00013b20  __covrec_2F210A4B8480D006                                      
00010b80  __covrec_2F22268672A76EE3                                      
0001d3c8  __covrec_2F2861C62A32D9EE                                      
00003098  __covrec_2F298529E754A752                                      
00019c28  __covrec_2F2A8CB5EDF83A98                                      
00018918  __covrec_2F328F639F15B69C                                      
0001b280  __covrec_2F34E27E04F56700                                      
00017b80  __covrec_2F636E402DD62E96                                      
00018fd0  __covrec_2F68E8EA79A83B80                                      
000144d0  __covrec_2F6BED6892E57B50                                      
00025a50  __covrec_2F89957B95D6972F                                      
00025a78  __covrec_2FD7E519CDA967C                                       
0001b2a8  __covrec_2FEA4AF6BBB024E                                       
00013038  __covrec_2FF7B4984425CC0u                                      
00021608  __covrec_2FF8A0A4A81450B8                                      
00002be8  __covrec_302F2AC2878AEE63                                      
000205c8  __covrec_30364DD18FD5241A                                      
000110d0  __covrec_303E360AA0461E56                                      
00017018  __covrec_305C29A9F7E3A640                                      
0000c698  __covrec_3060B93F85E68B18                                      
0001a290  __covrec_306DA74131990C62                                      
000116e8  __covrec_307BB5214E98EBCB                                      
000174c8  __covrec_309238D191EA6CE9                                      
0000fa28  __covrec_30A6073BD61E816A                                      
00023840  __covrec_30AC008DADB1DB45                                      
0000e3d0  __covrec_30B5CF75E7DDB3BE                                      
00008368  __covrec_30B7C7B021FF32BD                                      
0001f9e8  __covrec_30BE3871F5A654C5                                      
00011530  __covrec_30C72D90FAAB52FA                                      
00011aa8  __covrec_30E2ED287923C2A1                                      
00005e10  __covrec_30ED4319F76DB893                                      
00010798  __covrec_30F8FDE14BEBA5C3                                      
0000a1e0  __covrec_30FBE63F83B9D1D                                       
0000f4b0  __covrec_30FFBF09B05F3927                                      
0000bbf8  __covrec_30FFD4E1DBF1C36F                                      
00020f50  __covrec_3102CDD49AE9C38                                       
0001d170  __covrec_310D3AC6E4A0233C                                      
000079e0  __covrec_3129FF84AE3F76E2                                      
00012b58  __covrec_312A4BFE34759836u                                     
0001a538  __covrec_312B83EDF5CBDD80                                      
0000d9a8  __covrec_31384D9C1FCD85B5                                      
00015510  __covrec_3143D4656068BE29                                      
00018a08  __covrec_314FD1A4E91E91D2                                      
0001f6a0  __covrec_315DFC0F397B3EB4                                      
00005500  __covrec_3163B63F3B49E158                                      
0000f000  __covrec_31723A59EE01CB6F                                      
00000bb8  __covrec_31B0598EDF1F8AA0                                      
00001748  __covrec_31B1F8CB4704B234                                      
0001fb00  __covrec_31B5D93C09AED496                                      
0001c720  __covrec_31D8ED6392B8C702                                      
00011738  __covrec_31DC30DDC7036A3C                                      
0000dfc0  __covrec_31DC7ECBF26839AC                                      
000076c0  __covrec_31F7B8F147936BE1                                      
000048a8  __covrec_31FD0D502C5066BA                                      
0001c810  __covrec_32082F342DE83C30                                      
00012840  __covrec_3218CEAEDF4FBA00                                      
0000cfa8  __covrec_321A183A8097BE95                                      
00005078  __covrec_322133A61A45AB4E                                      
0001ada8  __covrec_3228C4E59E0DDE0E                                      
000238e0  __covrec_322F048AB3402E4C                                      
0001a880  __covrec_323CC8F78CE9C2E3                                      
0000c918  __covrec_324DA2EC0B259559                                      
0000ad98  __covrec_325BB6249AC215ED                                      
0001f128  __covrec_326E4419DFD0399D                                      
0001cd38  __covrec_327E029A19A95209                                      
00024268  __covrec_328110E67C43D2B2                                      
00004380  __covrec_328AFB179A26404D                                      
0000dc50  __covrec_328C937DCC0945C6                                      
000043a8  __covrec_329ACE27EDB24189                                      
00002d50  __covrec_32E8DB488C68B78D                                      
00002800  __covrec_32F0D770382D1DA9                                      
0001e020  __covrec_32F86B6099E2B33D                                      
000234d0  __covrec_32FB3AFAD9190246                                      
00005140  __covrec_33066D15E3040297                                      
00023750  __covrec_3316783B75333BD3                                      
00006f90  __covrec_331725AF5DF50438                                      
0000e088  __covrec_331B394963683510                                      
000016f8  __covrec_3325AABB0D89DD6E                                      
00016410  __covrec_333219435B338A0A                                      
00002828  __covrec_333383517C1FF008                                      
0001ca18  __covrec_33393C3A2B2BB27                                       
00024538  __covrec_333BBC0A535F1DE9                                      
0001a380  __covrec_333C0E753845BE1A                                      
00009498  __covrec_33495A652304E49                                       
000166b8  __covrec_334F5D5867034CE9                                      
00001f18  __covrec_33562C81DF7B10BF                                      
000143e0  __covrec_33589DA86868947D                                      
0001d008  __covrec_335B9041F2B512E0                                      
00001c20  __covrec_338D56CED01B062B                                      
0001e2c8  __covrec_33B2861680F2A147                                      
0001fe98  __covrec_33BFACD71876B04F                                      
000203c0  __covrec_33C48B30EA4FFCAA                                      
0001ee08  __covrec_33C5E3388616C38D                                      
0001cfb8  __covrec_33DD2D9FB5EAA6E5                                      
0001cbd0  __covrec_33DF52A6FC7DE282                                      
000198e0  __covrec_33F05AAA91D32438                                      
00020988  __covrec_33F38BFD4C2AE141                                      
00021f40  __covrec_33FAC2E730B9A5C1                                      
00007b98  __covrec_341863ACF88CD371                                      
00021fe0  __covrec_3426700C4A5B61A5                                      
0001ef20  __covrec_34276274BD918054                                      
00007c38  __covrec_3435C80BC3722BAD                                      
[...]
00024e98  __covrec_63CB8F149EE69A9B                                      
00024ec0  __covrec_53932CEBC899DEE8                                      
00024ee8  __covrec_7A1E5955D98B3365                                      
00024f10  __covrec_FBB328D41253AA63                                      
00024f38  __covrec_CCC6605FF76A91AA                                      
00024f60  __covrec_A639E7B6AA758902                                      
00024f88  __covrec_7484FA5328090C09                                      
00024fb0  __covrec_E5A782A6075FA69D                                      
00024fd8  __covrec_D13CD6508241F616                                      
00025000  __covrec_F0CE01E0D7ADECCD                                      
00025028  __covrec_9D7D9F2A3390F84A                                      
00025050  __covrec_A687C44D6F37972F                                      
00025078  __covrec_FA1A0CD252443CB9                                      
000250a0  __covrec_EA4CA2CD49150809                                      
000250c8  __covrec_C206B0185B8151D8                                      
000250f0  __covrec_2D879BBC981BFF03                                      
00025118  __covrec_50B415B8C394C00                                       
00025140  __covrec_91F3676C63BCF634                                      
00025168  __covrec_87CD4E00745F9F73                                      
00025190  __covrec_CD5B61048FB28BF6                                      
000251b8  __covrec_7AD1CB521B3DAFF3                                      
000251e0  __covrec_483FC22444BFA447                                      
00025208  __covrec_20F18CFE460A5282                                      
00025230  __covrec_B0C96A09A89F954B                                      
00025258  __covrec_9A519D51D30C4CF0                                      
00025280  __covrec_451CD9D66D6E5CF5                                      
000252a8  __covrec_DA3D6B82745A5886                                      
000252d0  __covrec_DCAE1D4F86680A6F                                      
000252f8  __covrec_B8D1A0FDCA208254                                      
00025320  __covrec_FA4E0605556B1FF8                                      
00025348  __covrec_910CBCBB828F55C9                                      
00025370  __covrec_FDC3E2FAEE0FE220                                      
00025398  __covrec_4584769AD081610C                                      
000253c0  __covrec_86E252CE056F25B7                                      
000253e8  __covrec_1BEEECB176BC9C86                                      
00025410  __covrec_4D50702C08A92B30                                      
00025438  __covrec_F5441364105C4831                                      
00025460  __covrec_DC54482443DF736C                                      
00025488  __covrec_F09FD1D9AFC1248F                                      
000254b0  __covrec_51FD324BB2EA1EAD                                      
000254d8  __covrec_4F9E886F0EF6E88                                       
00025500  __covrec_8598A37534AAD4EC                                      
00025528  __covrec_6894D1D8A6BE29D3                                      
00025550  __covrec_5D62FB58C058D1F0                                      
00025578  __covrec_6EE1FA9E8007035D                                      
000255a0  __covrec_4089DBE71E9CE11F                                      
000255c8  __covrec_F84476004A9419B5                                      
000255f0  __covrec_64D3AEA7DDAB5BC                                       
00025618  __covrec_E2C13D8CCB183096                                      
00025640  __covrec_F8622FA966D873E9                                      
00025668  __covrec_F4D6254BED3EB795                                      
00025690  __covrec_C0B4B5A0B3860D88                                      
000256b8  __covrec_CF5F1121EDD446E6                                      
000256e0  __covrec_9E601AC3F09F7726                                      
00025708  __covrec_2A04286C6F2B44A9                                      
00025730  __covrec_19E0C80C93FB9B9F                                      
00025758  __covrec_7DBDF2FBACAB5A71                                      
00025780  __covrec_68D58AC7A25A34D                                       
000257a8  __covrec_BF92C4D8EBAC5FDC                                      
000257d0  __covrec_F1F09D90BCEAFB4B                                      
000257f8  __covrec_DED0F8C98CB47FBA                                      
00025820  __covrec_D5C30172EA9E1071                                      
00025848  __covrec_92F0DE80E0B56981                                      
00025870  __covrec_11C4590D8150192A                                      
00025898  __covrec_1B8BAC043C9D5C93                                      
000258c0  __covrec_2EC93EBAD61B8A03                                      
000258e8  __covrec_51F2C7E1709396FD                                      
00025910  __covrec_66ED5F2BB6E03BEE                                      
00025938  __covrec_66AFAA273DD467EC                                      
00025960  __covrec_3C32DF1242EC602B                                      
00025988  __covrec_6C62E58E0AE56214                                      
000259b0  __covrec_2B3C2C957A277883                                      
000259d8  __covrec_22556AAF4832D8BF                                      
00025a00  __covrec_AAC0F00B2B04638E                                      
00025a28  __covrec_7BF1D83AB8F4CFBF                                      
00025a50  __covrec_2F89957B95D6972F                                      
00025a78  __covrec_2FD7E519CDA967C                                       
00025aa0  __covrec_BDBC2EC1D743310D                                      
00025ac8  __covrec_D404D1ACFA455982                                      
00025af0  __covrec_88FBF1FF9FE587F0                                      
00025b18  __covrec_A75BA7EC9EC97143                                      
00025b40  __covrec_4316F4BCB8B1A039                                      
00025b68  __covrec_690F210C4C3AEF6D                                      
00025b90  __covrec_EF761CE23D988177                                      
00025bb8  __covrec_6A28879D60B43C55                                      
10000000  interruptVectors                                               
10000121  TFT_Init                                                       
100065bf  __aeabi_ldiv0                                                  
100065c1  main                                                           
100075bb  _nop                                                           
100075bd  __TI_printfi_nofloat                                           
10007e01  TFT_SetAddressWindow                                           
1000820d  TFT_DrawChar                                                   
100085c5  TFT_ReadID                                                     
100088a9  strcmp                                                         
10008b7d  TFT_FillRect                                                   
10008e59  TFT_FillScreen                                                 
100090b1  TFT_ReadRegister                                               
100092d1  TFT_WriteData16                                                
100094cd  SYSCFG_DL_initPower                                            
1000961b  SYSCFG_DL_GPIO_init                                            
10009745  aligned_alloc                                                  
10009745  memalign                                                       
10009851  fputs                                                          
1000994d  free                                                           
10009a29  setvbuf                                                        
10009b01  SYSCFG_DL_SPI_1_init                                           
10009bcb  SYSCFG_DL_SYSCTL_init                                          
10009c7d  __udivmoddi4                                                   
10009d2d  memcpy                                                         
10009dc9  fputc                                                          
10009e51  __TI_decompress_lzss                                           
10009ec5  memset                                                         
10009f39  __TI_closefile                                                 
1000a015  fseeko                                                         
1000a07d  getdevice                                                      
1000a0e5  HOSTrename                                                     
1000a149  __TI_wrt_ok                                                    
1000a1a9  close                                                          
1000a209  printf                                                         
1000a269  HOSTlseek                                                      
1000a2c1  HOSTopen                                                       
1000a319  HOSTread                                                       
1000a36d  HOSTwrite                                                      
1000a3c1  __TI_doflush                                                   
1000a411  DL_SPI_init                                                    
1000a459  HOSTunlink                                                     
1000a49d  atoi                                                           
1000a4dd  HOSTclose                                                      
1000a519  sprintf                                                        
1000a551  __TI_auto_init_nobinit_nopinit                                 
1000a589  __TI_cleanup                                                   
1000a5bd  __TI_writemsg                                                  
1000a5e7  C$$IO$$                                                        
1000a5f1  __TI_readmsg                                                   
1000a621  exit                                                           
1000a651  SYSCFG_DL_init                                                 
1000a67d  finddevice                                                     
1000a6a9  lseek                                                          
1000a6d5  unlink                                                         
1000a701  write                                                          
1000a77d  DL_SPI_setClockConfig                                          
1000a7a5  _c_int00_noargs                                                
1000a7c9  memccpy                                                        
1000a7eb  Reset_Handler                                                  
1000a825  ADC0_DCOMP_IRQHandler                                          
1000a825  ADC0_SEQ0_IRQHandler                                           
1000a825  ADC0_SEQ1_IRQHandler                                           
1000a825  ADC0_SEQ2_IRQHandler                                           
1000a825  ADC0_SEQ3_IRQHandler                                           
1000a825  ADC1_DCOMP_IRQHandler                                          
1000a825  ADC1_SEQ0_IRQHandler                                           
1000a825  ADC1_SEQ1_IRQHandler                                           
1000a825  ADC1_SEQ2_IRQHandler                                           
1000a825  ADC1_SEQ3_IRQHandler                                           
1000a825  AESADVHP_IRQHandler                                            
1000a825  CANFD0_IRQHandler                                              
1000a825  CANFD1_IRQHandler                                              
1000a825  COMP0_IRQHandler                                               
1000a825  COMP1_IRQHandler                                               
1000a825  DEBUGSS_IRQHandler                                             
1000a825  DMA0_IRQHandler                                                
1000a825  DMA1_IRQHandler                                                
1000a825  Default_Handler                                                
1000a825  FLASHCTL_IRQHandler                                            
1000a825  GPIOA_IRQHandler                                               
1000a825  GPIOB_IRQHandler                                               
1000a825  GPIOC_IRQHandler                                               
1000a825  HardFault_Handler                                              
1000a825  I2S0_IRQHandler                                                
1000a825  I2S1_IRQHandler                                                
1000a825  LFSS_IRQHandler                                                
1000a825  NMI_Handler                                                    
1000a825  PKA_IRQHandler                                                 
1000a825  PendSV_Handler                                                 
1000a825  QSPI_IRQHandler                                                
1000a825  SHAW_IRQHandler                                                
1000a825  SVC_Handler                                                    
1000a825  SYSCTL_IRQHandler                                              
1000a825  SysTick_Handler                                                
1000a825  TIMA0_0_IRQHandler                                             
1000a825  TIMA0_1_IRQHandler                                             
1000a825  TIMG12_0_IRQHandler                                            
1000a825  TIMG4_0_IRQHandler                                             
1000a825  TIMG4_1_IRQHandler                                             
1000a825  TIMG4_2_IRQHandler                                             
1000a825  TIMG4_3_IRQHandler                                             
1000a825  TIMG8_0_IRQHandler                                             
1000a825  TIMG8_1_IRQHandler                                             
1000a825  TRNG_IRQHandler                                                
1000a825  UC0_IRQHandler                                                 
1000a825  UC10_IRQHandler                                                
1000a825  UC1_IRQHandler                                                 
1000a825  UC2_IRQHandler                                                 
1000a825  UC3_IRQHandler                                                 
1000a825  UC4_IRQHandler                                                 
1000a825  UC5_IRQHandler                                                 
1000a825  UC6_IRQHandler                                                 
1000a825  UC7_IRQHandler                                                 
1000a825  UC8_IRQHandler                                                 
1000a825  UC9_IRQHandler                                                 
1000a825  WWDT0_IRQHandler                                               
1000a857  DL_Common_delayCycles                                          
1000a86d  __aeabi_uldivmod                                               
1000a881  __TI_zero_init_nomemset                                        
1000a8a3  wcslen                                                         
1000a8dd  __TI_decompress_none                                           
1000a8ed  __aeabi_memset                                                 
1000a8ed  __aeabi_memset4                                                
1000a8ed  __aeabi_memset8                                                
1000a901  __aeabi_errno_addr                                             
1000a909  __aeabi_memclr                                                 
1000a909  __aeabi_memclr4                                                
1000a909  __aeabi_memclr8                                                
1000a911  malloc                                                         
1000a919  abort                                                          
1000a91e  C$$EXIT                                                        
1000a91f  HOSTexit                                                       
1000a925  __aeabi_memcpy                                                 
1000a925  __aeabi_memcpy4                                                
1000a925  __aeabi_memcpy8                                                
1000a931  _system_pre_init                                               
1000a935  fseek                                                          
1000a939  remove                                                         
1000ab20  __aeabi_ctype_table_                                           
1000ab20  __aeabi_ctype_table_C                                          
1000ad20  __TI_static_base__                                             
1000ad88  __TI_Handler_Table_Base                                        
1000ad94  __TI_Handler_Table_Limit                                       
1000ada8  __TI_CINIT_Base                                                
1000adc0  __TI_CINIT_Limit                                               
1000adc0  __TI_CINIT_Warm                                                
30000000  __start___llvm_prf_bits                                        
30000000  __stop___llvm_prf_bits                                         
30000000  _sys_memory                                                    
30000800  __start___llvm_prf_cnts                                        
300008f8  __profc_Default_Handler                                        
30000938  __profc_Reset_Handler                                          
30000940  __profc_SYSCFG_DL_GPIO_init                                    
30000948  __profc_SYSCFG_DL_SPI_1_init                                   
30000950  __profc_SYSCFG_DL_SYSCTL_init                                  
30000958  __profc_SYSCFG_DL_init                                         
30000960  __profc_SYSCFG_DL_initPower                                    
30000aa0  __stop___llvm_prf_cnts                                         
30000aa0  _ftable                                                        
30000b90  _device                                                        
30000c08  _stream                                                        
30000c58  __TI_cleanup_ptr                                               
30000c5c  __TI_dtors_ptr                                                 
30000c60  __TI_ft_end                                                    
30000c64  __aeabi_errno                                                  
30000c68  _lock                                                          
30000c6c  _unlock                                                        
30000c74  _CIOBUF_                                                       
30000c74  __CIOBUF_                                                      
30000d94  __TI_tmpnams                                                   
30000e34  parmbuf                                                        
3003fef8  __stack                                                        
3003fff8  __STACK_END                                                    
ffffffff  __TI_pprof_out_hndl                                            
ffffffff  __TI_prof_data_size                                            
ffffffff  __TI_prof_data_start                                           
ffffffff  __binit__                                                      
ffffffff  binit                                                          
UNDEFED   __mpu_init                                                     
UNDEFED   _system_post_cinit                                             

[4017 symbols]
