******************************************************************************
            TI ARM Clang Linker PC v4.0.3                      
******************************************************************************
>> Linked Fri Oct 24 12:34:43 2025

OUTPUT FILE NAME:   <spi_tft_init_print_string.out>
ENTRY POINT SYMBOL: "_c_int00_noargs"  address: 1000ae05


MEMORY CONFIGURATION

         name            origin    length      used     unused   attr    fill
----------------------  --------  ---------  --------  --------  ----  --------
  FLASH                 10000000   000fffff  0000b420  000f4bdf  R  X
  SRAM                  30000000   0003ffff  0002678d  00019872  RW X
  DATA                  80000000   00007fff  00000000  00007fff  R   
  BCR_CONFIG            80101800   000003ff  00000000  000003ff  R   
  BSL_CONFIG            80101c00   000003ff  00000000  000003ff  R   


SEGMENT ALLOCATION MAP

run origin  load origin   length   init length attrs members
----------  ----------- ---------- ----------- ----- -------
10000000    10000000    0000b420   0000b420    r-x
  10000000    10000000    00000120   00000120    r-- .intvecs
  10000120    10000120    0000ae80   0000ae80    r-x .text
  1000afa0    1000afa0    000003e0   000003e0    r-- .rodata
  1000b380    1000b380    000000a0   000000a0    r-- .cinit
30000000    30000000    00026691   00000000    rw-
  30000000    30000000    000259cc   00000000    rw- .bss
  300259d0    300259d0    00000800   00000000    rw- .sysmem
  300261d0    300261d0    000002f0   00000000    rw- __llvm_prf_cnts
  300264c0    300264c0    000001d1   00000000    rw- .data
3003fef8    3003fef8    00000100   00000000    rw-
  3003fef8    3003fef8    00000100   00000000    rw- .stack


SECTION ALLOCATION MAP

 output                                  attributes/
section   page    origin      length       input sections
--------  ----  ----------  ----------   ----------------
.intvecs   0    10000000    00000120     
                  10000000    00000114     startup_mspm33c321x_ticlang.o (.intvecs)
                  10000114    0000000c     --HOLE-- [fill = 0]

.text      0    10000120    0000ae80     
                  10000120    0000649e     image_render.o (.text.TFT_Init)
                  100065be    00000002     libclang_rt.builtins.a : aeabi_div0.c.obj (.text.__aeabi_ldiv0)
                  100065c0    0000119a     image_render.o (.text.main)
                  1000775a    00000002     libc.a : _lock.c.obj (.text._nop)
                  1000775c    00000844            : _printfi.c.obj (.text:__TI_printfi_nofloat)
                  10007fa0    000004aa     image_render.o (.text.TFT_WriteDataBulk)
                  1000844a    00000002     --HOLE-- [fill = 0]
                  1000844c    0000040a     image_render.o (.text.TFT_SetAddressWindow)
                  10008856    00000002     --HOLE-- [fill = 0]
                  10008858    000003b6     image_render.o (.text.TFT_DrawChar)
                  10008c0e    00000002     --HOLE-- [fill = 0]
                  10008c10    000002dc     image_render.o (.text.TFT_ReadID)
                  10008eec    00000014     driverlib.a : dl_common.o (.text.DL_Common_delayCycles)
                  10008f00    000002dc     libc.a : strcmp_t2.S.obj (.text:strcmp)
                  100091dc    000002da     image_render.o (.text.TFT_FillRect)
                  100094b6    00000002     --HOLE-- [fill = 0]
                  100094b8    00000256     image_render.o (.text.TFT_FillScreen)
                  1000970e    00000002     --HOLE-- [fill = 0]
                  10009710    00000220     image_render.o (.text.TFT_ReadRegister)
                  10009930    000001fc     image_render.o (.text.TFT_WriteData16)
                  10009b2c    0000014e     ti_msp_dl_config.o (.text.SYSCFG_DL_initPower)
                  10009c7a    0000012a     ti_msp_dl_config.o (.text.SYSCFG_DL_GPIO_init)
                  10009da4    0000010c     libc.a : memory.c.obj (.text.aligned_alloc)
                  10009eb0    000000fc            : fputs.c.obj (.text.fputs)
                  10009fac    000000dc            : memory.c.obj (.text.free)
                  1000a088    000000d8            : setvbuf.c.obj (.text.setvbuf)
                  1000a160    000000ca     ti_msp_dl_config.o (.text.SYSCFG_DL_SPI_1_init)
                  1000a22a    000000b2     ti_msp_dl_config.o (.text.SYSCFG_DL_SYSCTL_init)
                  1000a2dc    000000b0     libclang_rt.builtins.a : udivmoddi4.S.obj (.text)
                  1000a38c    0000009c     libc.a : memcpy_t2.S.obj (.text:memcpy)
                  1000a428    00000088            : fputc.c.obj (.text.fputc)
                  1000a4b0    00000074            : copy_decompress_lzss.c.obj (.text:decompress:lzss)
                  1000a524    00000072            : memset_t2.S.obj (.text:memset)
                  1000a596    00000002     --HOLE-- [fill = 0]
                  1000a598    00000070            : fclose.c.obj (.text.__TI_closefile)
                  1000a608    0000006c            : memory.c.obj (.text.split)
                  1000a674    00000068            : fseek.c.obj (.text.fseeko)
                  1000a6dc    00000068            : getdevice.c.obj (.text.getdevice)
                  1000a744    00000064     libsysbm.a : hostrename.c.obj (.text.HOSTrename)
                  1000a7a8    00000060     libc.a : _io_perm.c.obj (.text.__TI_wrt_ok)
                  1000a808    00000060     libsysbm.a : close.c.obj (.text.close)
                  1000a868    00000060     libc.a : printf.c.obj (.text.printf)
                  1000a8c8    00000058     libsysbm.a : hostlseek.c.obj (.text.HOSTlseek)
                  1000a920    00000058                : hostopen.c.obj (.text.HOSTopen)
                  1000a978    00000054                : hostread.c.obj (.text.HOSTread)
                  1000a9cc    00000054                : hostwrite.c.obj (.text.HOSTwrite)
                  1000aa20    00000050     libc.a : fflush.c.obj (.text.__TI_doflush)
                  1000aa70    00000046     driverlib.a : dl_unicommspi.o (.text.DL_SPI_init)
                  1000aab6    00000002     --HOLE-- [fill = 0]
                  1000aab8    00000044     libsysbm.a : hostunlink.c.obj (.text.HOSTunlink)
                  1000aafc    00000040     libc.a : atoi.c.obj (.text.atoi)
                  1000ab3c    0000003c     libsysbm.a : hostclose.c.obj (.text.HOSTclose)
                  1000ab78    00000038     libc.a : sprintf.c.obj (.text.sprintf)
                  1000abb0    00000038            : autoinit.c.obj (.text:__TI_auto_init_nobinit_nopinit)
                  1000abe8    00000034            : fopen.c.obj (.text.__TI_cleanup)
                  1000ac1c    00000034     libsysbm.a : trgmsg.c.obj (.text.__TI_writemsg)
                  1000ac50    00000030                : trgmsg.c.obj (.text.__TI_readmsg)
                  1000ac80    00000030     libc.a : exit.c.obj (.text.exit)
                  1000acb0    0000002c     ti_msp_dl_config.o (.text.SYSCFG_DL_init)
                  1000acdc    0000002c     libc.a : getdevice.c.obj (.text.finddevice)
                  1000ad08    0000002c     libsysbm.a : lseek.c.obj (.text.lseek)
                  1000ad34    0000002c                : unlink.c.obj (.text.unlink)
                  1000ad60    0000002c                : write.c.obj (.text.write)
                  1000ad8c    00000028     driverlib.a : dl_unicommspi.o (.text.DL_Common_updateReg)
                  1000adb4    00000028     libc.a : memory.c.obj (.text.free_list_insert)
                  1000addc    00000026     driverlib.a : dl_unicommspi.o (.text.DL_SPI_setClockConfig)
                  1000ae02    00000002     --HOLE-- [fill = 0]
                  1000ae04    00000024     libc.a : boot_cortex_m.c.obj (.text:_c_int00_noargs)
                  1000ae28    00000022            : memccpy.c.obj (.text.memccpy)
                  1000ae4a    0000001c     startup_mspm33c321x_ticlang.o (.text.Reset_Handler)
                  1000ae66    00000002     --HOLE-- [fill = 0]
                  1000ae68    0000001c     libc.a : memory.c.obj (.text.free_list_remove)
                  1000ae84    0000001a     startup_mspm33c321x_ticlang.o (.text.Default_Handler)
                  1000ae9e    00000018     libc.a : sprintf.c.obj (.text._outs)
                  1000aeb6    00000002     --HOLE-- [fill = 0]
                  1000aeb8    00000014     libclang_rt.builtins.a : aeabi_uldivmod.S.obj (.text.__aeabi_uldivmod)
                  1000aecc    00000010     libc.a : memory.c.obj (.text.OUTLINED_FUNCTION_0)
                  1000aedc    00000010            : wcslen.c.obj (.text.wcslen)
                  1000aeec    00000010            : copy_zero_init.c.obj (.text:decompress:ZI)
                  1000aefc    0000000e     libsysbm.a : hostrename.c.obj (.text.strcpy)
                  1000af0a    0000000e     libc.a : _printfi.c.obj (.text.strlen)
                  1000af18    0000000e     libsysbm.a : hostrename.c.obj (.text.strlen)
                  1000af26    0000000e     libc.a : copy_decompress_none.c.obj (.text:decompress:none)
                  1000af34    0000000a     libclang_rt.builtins.a : aeabi_memset.S.obj (.text.__aeabi_memset)
                  1000af3e    0000000a     libc.a : sprintf.c.obj (.text._outc)
                  1000af48    00000008            : aeabi_portable.c.obj (.text.__aeabi_errno_addr)
                  1000af50    00000008     libclang_rt.builtins.a : aeabi_memset.S.obj (.text.__aeabi_memclr)
                  1000af58    00000008     libc.a : memory.c.obj (.text.malloc)
                  1000af60    00000006            : exit.c.obj (.text:abort)
                  1000af66    00000004     libsysbm.a : hostexit.c.obj (.text.HOSTexit)
                  1000af6a    00000002     --HOLE-- [fill = 0]
                  1000af6c    00000004     libclang_rt.builtins.a : aeabi_memcpy.S.obj (.text.__aeabi_memcpy)
                  1000af70    00000004     libc.a : printf.c.obj (.text._outc)
                  1000af74    00000004            : printf.c.obj (.text._outs)
                  1000af78    00000004            : pre_init.c.obj (.text._system_pre_init)
                  1000af7c    00000004            : fseek.c.obj (.text.fseek)
                  1000af80    00000004     libsysbm.a : remove.c.obj (.text.remove)
                  1000af84    0000001c     --HOLE-- [fill = 0]

.cinit     0    1000b380    000000a0     
                  1000b380    00000067     (.cinit..data.load) [load image, compression = lzss]
                  1000b3e7    00000001     --HOLE-- [fill = 0]
                  1000b3e8    0000000c     (__TI_handler_table)
                  1000b3f4    00000009     (.cinit.__llvm_prf_cnts.load) [load image, compression = lzss]
                  1000b3fd    00000003     --HOLE-- [fill = 0]
                  1000b400    00000008     (.cinit..bss.load) [load image, compression = zero_init]
                  1000b408    00000018     (__TI_cinit_table)

.rodata    0    1000afa0    000003e0     
                  1000afa0    000001e0     image_render.o (.rodata.font5x7)
                  1000b180    00000101     libc.a : aeabi_ctype.S.obj (.rodata:__aeabi_ctype_table_)
                  1000b281    0000002d     image_render.o (.rodata.str1.1002435042946075642.1)
                  1000b2ae    0000001a     image_render.o (.rodata.str1.2110184823465883650.1)
                  1000b2c8    00000018     ti_msp_dl_config.o (.rodata.UC6_Inst)
                  1000b2e0    00000014     image_render.o (.rodata.str1.9014173865905203746.1)
                  1000b2f4    00000011     libc.a : _printfi.c.obj (.rodata.str1.10348868589481759720.1)
                  1000b305    00000011            : _printfi.c.obj (.rodata.str1.15363888844622738466.1)
                  1000b316    00000011     image_render.o (.rodata.str1.1828246489242529777.1)
                  1000b327    00000010     image_render.o (.rodata.str1.9185874177778132827.1)
                  1000b337    0000000f     image_render.o (.rodata.str1.15333900619845517878.1)
                  1000b346    0000000c     image_render.o (.rodata.str1.5502765994810899236.1)
                  1000b352    0000000c     image_render.o (.rodata.str1.8156106130629409109.1)
                  1000b35e    0000000a     ti_msp_dl_config.o (.rodata.gSPI_1_config)
                  1000b368    00000007     image_render.o (.rodata.str1.10247023339668848691.1)
                  1000b36f    00000007     image_render.o (.rodata.str1.15606558081297644877.1)
                  1000b376    00000004     ti_msp_dl_config.o (.rodata.gSPI_1_clockConfig)
                  1000b37a    00000006     --HOLE-- [fill = 0]

.init_array 
*          0    10000000    00000000     UNINITIALIZED

.binit     0    10000000    00000000     

.bss       0    30000000    000259cc     UNINITIALIZED
                  30000000    00025800     image_render.o (.bss.frame_buffer)
                  30025800    00000120     libsysbm.a : trgmsg.c.obj (.bss:_CIOBUF_)
                  30025920    000000a0     libc.a : defs.c.obj (.bss.__TI_tmpnams)
                  300259c0    00000008     libsysbm.a : hostopen.c.obj (.bss.parmbuf)
                  300259c8    00000004     libc.a : memory.c.obj (.bss.sys_free)

__llvm_prf_bits 
*          0    30000000    00000000     UNINITIALIZED

.sysmem    0    300259d0    00000800     UNINITIALIZED
                  300259d0    00000010     libc.a : memory.c.obj (.sysmem)
                  300259e0    000007f0     --HOLE--

.data      0    300264c0    000001d1     UNINITIALIZED
                  300264c0    000000f0     libc.a : defs.c.obj (.data._ftable)
                  300265b0    00000078     libsysbm.a : host_device.c.obj (.data._device)
                  30026628    00000050                : host_device.c.obj (.data._stream)
                  30026678    00000008     libc.a : exit.c.obj (.data..L_MergedGlobals)
                  30026680    00000004            : defs.c.obj (.data.__TI_ft_end)
                  30026684    00000004            : aeabi_portable.c.obj (.data.__aeabi_errno)
                  30026688    00000004            : _lock.c.obj (.data._lock)
                  3002668c    00000004            : _lock.c.obj (.data._unlock)
                  30026690    00000001            : memory.c.obj (.data.memory_is_initialized)

.stack     0    3003fef8    00000100     UNINITIALIZED
                  3003fef8    00000004     libc.a : boot_cortex_m.c.obj (.stack)
                  3003fefc    000000fc     --HOLE--

__llvm_prf_cnts 
*          0    300261d0    000002f0     UNINITIALIZED
                  300261d0    00000050     image_render.o (__llvm_prf_cnts.__profc_TFT_DrawChar)
                  30026220    00000038     image_render.o (__llvm_prf_cnts.__profc_TFT_FillRect)
                  30026258    00000030     image_render.o (__llvm_prf_cnts.__profc_FB_DrawRect)
                  30026288    00000028     image_render.o (__llvm_prf_cnts.__profc_TFT_DrawString)
                  300262b0    00000028     image_render.o (__llvm_prf_cnts.__profc_main)
                  300262d8    00000020     image_render.o (__llvm_prf_cnts.__profc_TFT_DrawPixel)
                  300262f8    00000010     startup_mspm33c321x_ticlang.o (__llvm_prf_cnts.__profc_Default_Handler)
                  30026308    00000010     image_render.o (__llvm_prf_cnts.__profc_FB_Fill)
                  30026318    00000010     image_render.o (__llvm_prf_cnts.__profc_TFT_FillScreen)
                  30026328    00000010     image_render.o (__llvm_prf_cnts.__profc_TFT_WriteDataBulk)
                  30026338    00000010     image_render.o (__llvm_prf_cnts.__profc_image_render.c_SPI_WriteByte)
                  30026348    00000010     ti_msp_dl_config.o (__llvm_prf_cnts.__profc_ti_msp_dl_config.c_DL_SPI_enablePower)
                  30026358    00000008     startup_mspm33c321x_ticlang.o (__llvm_prf_cnts.__profc_Reset_Handler)
                  30026360    00000008     ti_msp_dl_config.o (__llvm_prf_cnts.__profc_SYSCFG_DL_GPIO_init)
                  30026368    00000008     ti_msp_dl_config.o (__llvm_prf_cnts.__profc_SYSCFG_DL_SPI_1_init)
                  30026370    00000008     ti_msp_dl_config.o (__llvm_prf_cnts.__profc_SYSCFG_DL_SYSCTL_init)
                  30026378    00000008     ti_msp_dl_config.o (__llvm_prf_cnts.__profc_SYSCFG_DL_init)
                  30026380    00000008     ti_msp_dl_config.o (__llvm_prf_cnts.__profc_SYSCFG_DL_initPower)
                  30026388    00000008     image_render.o (__llvm_prf_cnts.__profc_TFT_HardwareReset)
                  30026390    00000008     image_render.o (__llvm_prf_cnts.__profc_TFT_Init)
                  30026398    00000008     image_render.o (__llvm_prf_cnts.__profc_TFT_ReadID)
                  300263a0    00000008     image_render.o (__llvm_prf_cnts.__profc_TFT_ReadRegister)
                  300263a8    00000008     image_render.o (__llvm_prf_cnts.__profc_TFT_SetAddressWindow)
                  300263b0    00000008     image_render.o (__llvm_prf_cnts.__profc_TFT_WriteCommand)
                  300263b8    00000008     image_render.o (__llvm_prf_cnts.__profc_TFT_WriteData16)
                  300263c0    00000008     image_render.o (__llvm_prf_cnts.__profc_TFT_WriteData)
                  300263c8    00000008     image_render.o (__llvm_prf_cnts.__profc_image_render.c_CS_High)
                  300263d0    00000008     image_render.o (__llvm_prf_cnts.__profc_image_render.c_CS_Low)
                  300263d8    00000008     image_render.o (__llvm_prf_cnts.__profc_image_render.c_DC_Command)
                  300263e0    00000008     image_render.o (__llvm_prf_cnts.__profc_image_render.c_DC_Data)
                  300263e8    00000008     image_render.o (__llvm_prf_cnts.__profc_image_render.c_DL_Common_updateReg)
                  300263f0    00000008     image_render.o (__llvm_prf_cnts.__profc_image_render.c_DL_GPIO_clearPins)
                  300263f8    00000008     image_render.o (__llvm_prf_cnts.__profc_image_render.c_DL_GPIO_setPins)
                  30026400    00000008     image_render.o (__llvm_prf_cnts.__profc_image_render.c_DL_SPI_enable)
                  30026408    00000008     image_render.o (__llvm_prf_cnts.__profc_image_render.c_DL_SPI_isBusy)
                  30026410    00000008     image_render.o (__llvm_prf_cnts.__profc_image_render.c_DL_SPI_receiveData8)
                  30026418    00000008     image_render.o (__llvm_prf_cnts.__profc_image_render.c_DL_SPI_setBitRateSerialClockDivider)
                  30026420    00000008     image_render.o (__llvm_prf_cnts.__profc_image_render.c_DL_SPI_transmitData8)
                  30026428    00000008     ti_msp_dl_config.o (__llvm_prf_cnts.__profc_ti_msp_dl_config.c_DL_Common_updateReg)
                  30026430    00000008     ti_msp_dl_config.o (__llvm_prf_cnts.__profc_ti_msp_dl_config.c_DL_GPIO_clearPins)
                  30026438    00000008     ti_msp_dl_config.o (__llvm_prf_cnts.__profc_ti_msp_dl_config.c_DL_GPIO_enableOutput)
                  30026440    00000008     ti_msp_dl_config.o (__llvm_prf_cnts.__profc_ti_msp_dl_config.c_DL_GPIO_enablePower)
                  30026448    00000008     ti_msp_dl_config.o (__llvm_prf_cnts.__profc_ti_msp_dl_config.c_DL_GPIO_initDigitalOutput)
                  30026450    00000008     ti_msp_dl_config.o (__llvm_prf_cnts.__profc_ti_msp_dl_config.c_DL_GPIO_initPeripheralInputFunction)
                  30026458    00000008     ti_msp_dl_config.o (__llvm_prf_cnts.__profc_ti_msp_dl_config.c_DL_GPIO_initPeripheralOutputFunction)
                  30026460    00000008     ti_msp_dl_config.o (__llvm_prf_cnts.__profc_ti_msp_dl_config.c_DL_GPIO_reset)
                  30026468    00000008     ti_msp_dl_config.o (__llvm_prf_cnts.__profc_ti_msp_dl_config.c_DL_SPI_enable)
                  30026470    00000008     ti_msp_dl_config.o (__llvm_prf_cnts.__profc_ti_msp_dl_config.c_DL_SPI_reset)
                  30026478    00000008     ti_msp_dl_config.o (__llvm_prf_cnts.__profc_ti_msp_dl_config.c_DL_SPI_setBitRateSerialClockDivider)
                  30026480    00000008     ti_msp_dl_config.o (__llvm_prf_cnts.__profc_ti_msp_dl_config.c_DL_SPI_setFIFOThreshold)
                  30026488    00000008     ti_msp_dl_config.o (__llvm_prf_cnts.__profc_ti_msp_dl_config.c_DL_SYSCTL_disableHFXT)
                  30026490    00000008     ti_msp_dl_config.o (__llvm_prf_cnts.__profc_ti_msp_dl_config.c_DL_SYSCTL_disableSYSPLL)
                  30026498    00000008     ti_msp_dl_config.o (__llvm_prf_cnts.__profc_ti_msp_dl_config.c_DL_SYSCTL_setBORThreshold)
                  300264a0    00000008     ti_msp_dl_config.o (__llvm_prf_cnts.__profc_ti_msp_dl_config.c_DL_SYSCTL_setSYSOSCFreq)
                  300264a8    00000008     ti_msp_dl_config.o (__llvm_prf_cnts.__profc_ti_msp_dl_config.c_DL_UNICOMM_enablePower)
                  300264b0    00000008     ti_msp_dl_config.o (__llvm_prf_cnts.__profc_ti_msp_dl_config.c_DL_UNICOMM_reset)
                  300264b8    00000008     ti_msp_dl_config.o (__llvm_prf_cnts.__profc_ti_msp_dl_config.c_DL_UNICOMM_setIPMode)

MODULE SUMMARY

       Module                          code    ro data   rw data
       ------                          ----    -------   -------
    .\
       image_render.o                  36554   657       154120 
       ti_msp_dl_config.o              1056    38        208    
       startup_mspm33c321x_ticlang.o   54      276       24     
    +--+-------------------------------+-------+---------+---------+
       Total:                          37664   971       154352 
                                                                
    C:/ti/mspm33_sdk_1_00_00_00_internal/source/ti/driverlib/lib/ticlang/m33/mspm33c321x/driverlib.a
       dl_unicommspi.o                 148     0         0      
       dl_common.o                     20      0         0      
    +--+-------------------------------+-------+---------+---------+
       Total:                          168     0         0      
                                                                
    C:\ti\ccs2030\ccs\tools\compiler\ti-cgt-armllvm_4.0.3.LTS\lib\armv8m.main-ti-none-eabi/c/libc.a
       _printfi.c.obj                  2130    34        0      
       strcmp_t2.S.obj                 732     0         0      
       memory.c.obj                    688     0         5      
       defs.c.obj                      0       0         404    
       aeabi_ctype.S.obj               0       257       0      
       fputs.c.obj                     252     0         0      
       setvbuf.c.obj                   216     0         0      
       memcpy_t2.S.obj                 156     0         0      
       getdevice.c.obj                 148     0         0      
       fputc.c.obj                     136     0         0      
       copy_decompress_lzss.c.obj      116     0         0      
       memset_t2.S.obj                 114     0         0      
       fclose.c.obj                    112     0         0      
       fseek.c.obj                     108     0         0      
       printf.c.obj                    104     0         0      
       _io_perm.c.obj                  96      0         0      
       sprintf.c.obj                   90      0         0      
       fflush.c.obj                    80      0         0      
       atoi.c.obj                      64      0         0      
       exit.c.obj                      54      0         8      
       autoinit.c.obj                  56      0         0      
       fopen.c.obj                     52      0         0      
       boot_cortex_m.c.obj             36      0         0      
       memccpy.c.obj                   34      0         0      
       copy_zero_init.c.obj            16      0         0      
       wcslen.c.obj                    16      0         0      
       copy_decompress_none.c.obj      14      0         0      
       aeabi_portable.c.obj            8       0         4      
       _lock.c.obj                     2       0         8      
       pre_init.c.obj                  4       0         0      
    +--+-------------------------------+-------+---------+---------+
       Total:                          5634    291       429    
                                                                
    C:\ti\ccs2030\ccs\tools\compiler\ti-cgt-armllvm_4.0.3.LTS\lib\armv8m.main-ti-none-eabi/c/libsysbm.a
       trgmsg.c.obj                    100     0         288    
       host_device.c.obj               0       0         200    
       hostrename.c.obj                128     0         0      
       close.c.obj                     96      0         0      
       hostopen.c.obj                  88      0         8      
       hostlseek.c.obj                 88      0         0      
       hostread.c.obj                  84      0         0      
       hostwrite.c.obj                 84      0         0      
       hostunlink.c.obj                68      0         0      
       hostclose.c.obj                 60      0         0      
       lseek.c.obj                     44      0         0      
       unlink.c.obj                    44      0         0      
       write.c.obj                     44      0         0      
       hostexit.c.obj                  4       0         0      
       remove.c.obj                    4       0         0      
    +--+-------------------------------+-------+---------+---------+
       Total:                          936     0         496    
                                                                
    C:\ti\ccs2030\ccs\tools\compiler\ti-cgt-armllvm_4.0.3.LTS\lib\armv8m.main-ti-none-eabi/libclang_rt.builtins.a
       udivmoddi4.S.obj                176     0         0      
       aeabi_uldivmod.S.obj            20      0         0      
       aeabi_memset.S.obj              18      0         0      
       aeabi_memcpy.S.obj              4       0         0      
       aeabi_div0.c.obj                2       0         0      
    +--+-------------------------------+-------+---------+---------+
       Total:                          220     0         0      
                                                                
       Heap:                           0       0         2048   
       Stack:                          0       0         256    
       Linker Generated:               0       156       0      
    +--+-------------------------------+-------+---------+---------+
       Grand Total:                    44622   1418      157581 


LINKER GENERATED COPY TABLES

__TI_cinit_table @ 1000b408 records: 3, size/record: 8, table size: 24
	.data: load addr=1000b380, load size=00000067 bytes, run addr=300264c0, run size=000001d1 bytes, compression=lzss
	__llvm_prf_cnts: load addr=1000b3f4, load size=00000009 bytes, run addr=300261d0, run size=000002f0 bytes, compression=lzss
	.bss: load addr=1000b400, load size=00000008 bytes, run addr=30000000, run size=000259cc bytes, compression=zero_init


LINKER GENERATED HANDLER TABLE

__TI_handler_table @ 1000b3e8 records: 3, size/record: 4, table size: 12
	index: 0, handler: __TI_decompress_lzss
	index: 1, handler: __TI_decompress_none
	index: 2, handler: __TI_zero_init


GLOBAL SYMBOLS: SORTED ALPHABETICALLY BY Name 

address   name                                                           
-------   ----                                                           
1000ae85  ADC0_DCOMP_IRQHandler                                          
1000ae85  ADC0_SEQ0_IRQHandler                                           
1000ae85  ADC0_SEQ1_IRQHandler                                           
1000ae85  ADC0_SEQ2_IRQHandler                                           
1000ae85  ADC0_SEQ3_IRQHandler                                           
1000ae85  ADC1_DCOMP_IRQHandler                                          
1000ae85  ADC1_SEQ0_IRQHandler                                           
1000ae85  ADC1_SEQ1_IRQHandler                                           
1000ae85  ADC1_SEQ2_IRQHandler                                           
1000ae85  ADC1_SEQ3_IRQHandler                                           
1000ae85  AESADVHP_IRQHandler                                            
1000af66  C$$EXIT                                                        
1000ac47  C$$IO$$                                                        
1000ae85  CANFD0_IRQHandler                                              
1000ae85  CANFD1_IRQHandler                                              
1000ae85  COMP0_IRQHandler                                               
1000ae85  COMP1_IRQHandler                                               
1000ae85  DEBUGSS_IRQHandler                                             
10008eed  DL_Common_delayCycles                                          
1000aa71  DL_SPI_init                                                    
1000addd  DL_SPI_setClockConfig                                          
1000ae85  DMA0_IRQHandler                                                
1000ae85  DMA1_IRQHandler                                                
1000ae85  Default_Handler                                                
1000ae85  FLASHCTL_IRQHandler                                            
1000ae85  GPIOA_IRQHandler                                               
1000ae85  GPIOB_IRQHandler                                               
1000ae85  GPIOC_IRQHandler                                               
1000ab3d  HOSTclose                                                      
1000af67  HOSTexit                                                       
1000a8c9  HOSTlseek                                                      
1000a921  HOSTopen                                                       
1000a979  HOSTread                                                       
1000a745  HOSTrename                                                     
1000aab9  HOSTunlink                                                     
1000a9cd  HOSTwrite                                                      
1000ae85  HardFault_Handler                                              
1000ae85  I2S0_IRQHandler                                                
1000ae85  I2S1_IRQHandler                                                
1000ae85  LFSS_IRQHandler                                                
1000ae85  NMI_Handler                                                    
1000ae85  PKA_IRQHandler                                                 
1000ae85  PendSV_Handler                                                 
1000ae85  QSPI_IRQHandler                                                
1000ae4b  Reset_Handler                                                  
1000ae85  SHAW_IRQHandler                                                
1000ae85  SVC_Handler                                                    
10009c7b  SYSCFG_DL_GPIO_init                                            
1000a161  SYSCFG_DL_SPI_1_init                                           
1000a22b  SYSCFG_DL_SYSCTL_init                                          
1000acb1  SYSCFG_DL_init                                                 
10009b2d  SYSCFG_DL_initPower                                            
1000ae85  SYSCTL_IRQHandler                                              
1000ae85  SysTick_Handler                                                
10008859  TFT_DrawChar                                                   
100091dd  TFT_FillRect                                                   
100094b9  TFT_FillScreen                                                 
10000121  TFT_Init                                                       
10008c11  TFT_ReadID                                                     
10009711  TFT_ReadRegister                                               
1000844d  TFT_SetAddressWindow                                           
10009931  TFT_WriteData16                                                
10007fa1  TFT_WriteDataBulk                                              
1000ae85  TIMA0_0_IRQHandler                                             
1000ae85  TIMA0_1_IRQHandler                                             
1000ae85  TIMG12_0_IRQHandler                                            
1000ae85  TIMG4_0_IRQHandler                                             
1000ae85  TIMG4_1_IRQHandler                                             
1000ae85  TIMG4_2_IRQHandler                                             
1000ae85  TIMG4_3_IRQHandler                                             
1000ae85  TIMG8_0_IRQHandler                                             
1000ae85  TIMG8_1_IRQHandler                                             
1000ae85  TRNG_IRQHandler                                                
1000ae85  UC0_IRQHandler                                                 
1000ae85  UC10_IRQHandler                                                
1000ae85  UC1_IRQHandler                                                 
1000ae85  UC2_IRQHandler                                                 
1000ae85  UC3_IRQHandler                                                 
1000ae85  UC4_IRQHandler                                                 
1000ae85  UC5_IRQHandler                                                 
1000ae85  UC6_IRQHandler                                                 
1000ae85  UC7_IRQHandler                                                 
1000ae85  UC8_IRQHandler                                                 
1000ae85  UC9_IRQHandler                                                 
1000ae85  WWDT0_IRQHandler                                               
30025800  _CIOBUF_                                                       
30025800  __CIOBUF_                                                      
3003fff8  __STACK_END                                                    
00000100  __STACK_SIZE                                                   
00000800  __SYSMEM_SIZE                                                  
00000000  __TI_ATRegion0_region_sz                                       
00000000  __TI_ATRegion0_src_addr                                        
00000000  __TI_ATRegion0_trg_addr                                        
00000000  __TI_ATRegion1_region_sz                                       
00000000  __TI_ATRegion1_src_addr                                        
00000000  __TI_ATRegion1_trg_addr                                        
00000000  __TI_ATRegion2_region_sz                                       
00000000  __TI_ATRegion2_src_addr                                        
00000000  __TI_ATRegion2_trg_addr                                        
1000b408  __TI_CINIT_Base                                                
1000b420  __TI_CINIT_Limit                                               
1000b420  __TI_CINIT_Warm                                                
1000b3e8  __TI_Handler_Table_Base                                        
1000b3f4  __TI_Handler_Table_Limit                                       
1000abb1  __TI_auto_init_nobinit_nopinit                                 
1000abe9  __TI_cleanup                                                   
30026678  __TI_cleanup_ptr                                               
1000a599  __TI_closefile                                                 
1000a4b1  __TI_decompress_lzss                                           
1000af27  __TI_decompress_none                                           
1000aa21  __TI_doflush                                                   
3002667c  __TI_dtors_ptr                                                 
30026680  __TI_ft_end                                                    
ffffffff  __TI_pprof_out_hndl                                            
1000775d  __TI_printfi_nofloat                                           
ffffffff  __TI_prof_data_size                                            
ffffffff  __TI_prof_data_start                                           
1000ac51  __TI_readmsg                                                   
1000b380  __TI_static_base__                                             
30025920  __TI_tmpnams                                                   
1000ac1d  __TI_writemsg                                                  
1000a7a9  __TI_wrt_ok                                                    
1000aeed  __TI_zero_init                                                 
1000b180  __aeabi_ctype_table_                                           
1000b180  __aeabi_ctype_table_C                                          
30026684  __aeabi_errno                                                  
1000af49  __aeabi_errno_addr                                             
100065bf  __aeabi_ldiv0                                                  
1000af51  __aeabi_memclr                                                 
1000af51  __aeabi_memclr4                                                
1000af51  __aeabi_memclr8                                                
1000af6d  __aeabi_memcpy                                                 
1000af6d  __aeabi_memcpy4                                                
1000af6d  __aeabi_memcpy8                                                
1000af35  __aeabi_memset                                                 
1000af35  __aeabi_memset4                                                
1000af35  __aeabi_memset8                                                
1000aeb9  __aeabi_uldivmod                                               
ffffffff  __binit__                                                      
000056d0  __covrec_1000E6474C1A5E1D                                      
0000e078  __covrec_100DD5307E532BBD                                      
00007d40  __covrec_103A71B74506298C                                      
0000d998  __covrec_1046F7E2E81F3945                                      
00002bd8  __covrec_1064EC36D3C7733                                       
0001e720  __covrec_1067EFD43AC4737C                                      
00017718  __covrec_106C0A8F47E4EBF5                                      
000074d0  __covrec_1075EF97F2E045A2                                      
000064b8  __covrec_10762ED994E4B03E                                      
00013dc0  __covrec_107802700ECD7C02                                      
0001e900  __covrec_107B128032F6DB3F                                      
00021a60  __covrec_10824BD04F6231E0                                      
0001a5f8  __covrec_10ACAC719BF92A02                                      
00003dd0  __covrec_10CDF560CE03B49E                                      
0001a4b8  __covrec_10D7C14A5E1269A                                       
00014518  __covrec_10D83D798DF85215                                      
000231a8  __covrec_10DD02304F236F5B                                      
00004af0  __covrec_10F342C467029BF1                                      
000132f8  __covrec_10F8DACF1B96E88E                                      
0000a5e0  __covrec_11149732F53B94B7                                      
00003a10  __covrec_1124B4E416007A17                                      
000100a8  __covrec_112737B7DB212E19                                      
0001ff30  __covrec_1129F9D0907743CC                                      
00010ad0  __covrec_112D7586656E0825                                      
0000f108  __covrec_11412BD8EFA009D1                                      
000098e8  __covrec_114233953357CA75                                      
00024940  __covrec_11548A0C371099D9                                      
00021498  __covrec_1179DC1F40DF19BB                                      
00021088  __covrec_117A6AE779833FFF                                      
00020ac0  __covrec_119935E492C58911                                      
00004c08  __covrec_119A0EE09673F33A                                      
00008d08  __covrec_11CB741F06CF58AD                                      
000185a0  __covrec_11E4D0BB9C3E8C30                                      
000038a8  __covrec_11E83B12FD06EF7F                                      
00010c10  __covrec_11EA7B380E3FE653                                      
00011ed0  __covrec_11EEB5BE7CB6C17E                                      
000254a8  __covrec_11F13472B68456                                        
000031f0  __covrec_1202B22E96DFF081                                      
000041b8  __covrec_12298E9E02B67F15                                      
00008998  __covrec_12516C7168F02CA8                                      
00018ca8  __covrec_1267B4521C0A50E3                                      
000010f8  __covrec_12A6EEA4B36EB506                                      
0001c178  __covrec_12A84A218C9DEA06                                      
00025bb0  __covrec_12B18424C859DF9D                                      
00020110  __covrec_12B33D9FCAB5C7F6                                      
0000ef00  __covrec_12B874C006C9C706                                      
00020408  __covrec_12BA5CE176C32DDC                                      
000022f0  __covrec_12DC164FCA073030                                      
00011840  __covrec_12F6C4C3303F1EDF                                      
00005248  __covrec_12FB1F509BE3B64A                                      
00014040  __covrec_1313DC5687DCCBE4                                      
0001bac0  __covrec_13150132607A5180                                      
0001aa58  __covrec_1317F30DAB07CEFD                                      
00011098  __covrec_131F01CF878BAB3F                                      
00001a30  __covrec_13254DDF3A9F6BD5                                      
00020368  __covrec_132818003A70A7AF                                      
0001be58  __covrec_133B487217BB2E5A                                      
000165e8  __covrec_133E6E5754396960                                      
00025318  __covrec_134F21299CF91075                                      
0000ba80  __covrec_135E3FCED5C1DB84                                      
00024698  __covrec_13672E230F457DC9                                      
00001c38  __covrec_13706FF2FE24F713                                      
00025408  __covrec_13941B1E936B73E2                                      
00009d48  __covrec_1399F6D864308FE1                                      
00008678  __covrec_13A87FAAA82F45AD                                      
00011868  __covrec_1403AB881F579175                                      
0001a468  __covrec_1409994ABADCA9DB                                      
000179e8  __covrec_140C87832FFAF923                                      
00001580  __covrec_14450EBC2762AC74                                      
0001c358  __covrec_14465F9D45D58042                                      
0000d6f0  __covrec_1489F01BFF124CCA                                      
0000c4f8  __covrec_1492FB987F70AE50                                      
0001a9e0  __covrec_149ACD14E0572626                                      
000225a0  __covrec_14C7D3D01E57A504                                      
0001b8b8  __covrec_14C92017E2A5AC67                                      
00006d50  __covrec_14CB30D75510CB62                                      
00018cd0  __covrec_14D1DCA4E67C18C5                                      
00001da0  __covrec_14D6AAEDA91DD378                                      
00021ad8  __covrec_14FA4B69117446C1                                      
00021b28  __covrec_14FF88AAFCD7D57D                                      
00023ef0  __covrec_150B89D347BC7E6E                                      
0000d128  __covrec_150F5244634D9963                                      
00005d60  __covrec_151400A9FAA64F9A                                      
00004640  __covrec_15287B2FB07B63E                                       
0001a788  __covrec_1528E95DCB01A67C                                      
000047d0  __covrec_15384A390F3E3B8A                                      
00014680  __covrec_153C71C9353F6537                                      
000240f8  __covrec_1540C2C144B9922B                                      
00018230  __covrec_15599278F6628FD9                                      
000212e0  __covrec_15699B8DF7CF109F                                      
00024fd0  __covrec_157321A8C10AC04E                                      
00001f30  __covrec_157654A7A0905504                                      
0000df60  __covrec_15818B36E99F7352                                      
00006670  __covrec_15A3B0157279AF25                                      
0001cfb0  __covrec_15A6988EB176291B                                      
0001fc38  __covrec_15B0477F91E5A15B                                      
00003ee8  __covrec_15B53490F980A5F0                                      
0000e6b8  __covrec_15C52CB3FE6DC53D                                      
0000c1b0  __covrec_15CA912ADA0E059C                                      
0000d880  __covrec_15D033393456ECA2                                      
00008e48  __covrec_15D0BDFE860EE37A                                      
00000530  __covrec_15D3266DA7E8B312u                                     
00025b88  __covrec_15D8AD984765CE7C                                      
00019dd8  __covrec_15E9C88B8913D74B                                      
0001b9f8  __covrec_15EBD46F714DA966                                      
0001f4e0  __covrec_1607E55D10EC504D                                      
0001ef90  __covrec_161C5CCBB18E3472                                      
000006c8  __covrec_162BFCF090DC82B4u                                     
0001d6b8  __covrec_162CFD0A1B796938                                      
0001cf38  __covrec_163C92947DFA7B45                                      
00010468  __covrec_164549C24DB3B709                                      
0001ee00  __covrec_1658A1CFEC8A9371                                      
000239c8  __covrec_16674943AE982D61                                      
00013de8  __covrec_166C82B5B146B5D7                                      
00018690  __covrec_168493D43873B111                                      
000068a0  __covrec_168B08B0B1BDDB0C                                      
0000f130  __covrec_169C8B8E6C0FB5E5                                      
0000b698  __covrec_169F37FCD16F2F5F                                      
0000a568  __covrec_169F689896885C3B                                      
0001b368  __covrec_16A0659A24000E67                                      
00023158  __covrec_16BDE21014ED2C1                                       
00009b40  __covrec_16C1110CD5C2E118                                      
00002110  __covrec_16D31FC3694C4C73                                      
0001b4d0  __covrec_16D434825183503F                                      
0001cda8  __covrec_16D70E5A69A3760A                                      
0001d910  __covrec_16EB4AA73251958E                                      
00007110  __covrec_16EEF874AA8FE19C                                      
000154e0  __covrec_16F02D052FF565BE                                      
00002c50  __covrec_16FC0FA830B0A717                                      
00008ba0  __covrec_17030F34CE4442F0                                      
00018668  __covrec_1707DC81A21DBC1C                                      
0001f2b0  __covrec_171317B20F4BC1DB                                      
0000e578  __covrec_1729DBB404F40D36                                      
00014748  __covrec_172B59B25D72358A                                      
00018af0  __covrec_17302E52AA89C0CD                                      
00020cc8  __covrec_17309D8202C86DB3                                      
0000ce30  __covrec_173E31DEFEB9BEBF                                      
0001e888  __covrec_1740AFC189A8EDA2                                      
00014a40  __covrec_174915AB4E2EDF5C                                      
00018280  __covrec_174F15FCCDC74864                                      
00025c00  __covrec_1759666B8765F80D                                      
0000fae0  __covrec_176B4A9030347BD8                                      
0001efb8  __covrec_1796D1C61F0D17A8                                      
0000f748  __covrec_17C2B500368EAA37                                      
00007d68  __covrec_17D1BDAAEF4497CD                                      
00008240  __covrec_17D5BB20482478C1                                      
0001e810  __covrec_17DAEC6AFA72F54C                                      
00014e50  __covrec_17E07C5FF5F82422                                      
0001bcf0  __covrec_17E08951EDF009B4                                      
0001d208  __covrec_17F1308C877F8432                                      
000147e8  __covrec_17F9955224B25587                                      
00005f68  __covrec_180747396229F196                                      
000000e0  __covrec_1818E437BF5521D7u                                     
0001ae40  __covrec_182EBC3292D8B057                                      
0000c048  __covrec_184B21CE5E25881C                                      
0001a878  __covrec_1881D5B34314DF64                                      
00009dc0  __covrec_189184EF47F1D45C                                      
0000f298  __covrec_18988F4A8C26B06A                                      
0001c588  __covrec_18A4EB207556A42C                                      
000236d0  __covrec_18ABC13FAC28025C                                      
00023fe0  __covrec_18AC38AE70A94599                                      
00018bb8  __covrec_18ACAD82B94D6601                                      
00018b18  __covrec_18ACCAC5D58EF3D4                                      
00005540  __covrec_18C18E7C00E3081D                                      
0001b8e0  __covrec_18C79462758238BA                                      
000208b8  __covrec_18C7DFC85F74DF88                                      
00002430  __covrec_18D5400C16CA01F1                                      
00002778  __covrec_18D774BEC70D4D9C                                      
0001af30  __covrec_18DDFB0FE08ED969                                      
000084e8  __covrec_18E6994468F587BA                                      
0001c7b8  __covrec_1908F0908D2CBF18                                      
00002840  __covrec_191668A92D494EF8                                      
0001b188  __covrec_191831FA0CEE1893                                      
00017e48  __covrec_192A7CE8DD30AE20                                      
0001ae90  __covrec_1930B2CB90352D46                                      
00008628  __covrec_1948635EFC01FC33                                      
0000b648  __covrec_1980878B44DE845F                                      
000040a0  __covrec_19B19BA067EC9530                                      
00003330  __covrec_19B509771EDEE297                                      
000204d0  __covrec_19B8727C1D4ABDAE                                      
000024a8  __covrec_19D7BAE2E9C70ED1                                      
000229d8  __covrec_19E75B9307F97AB0                                      
0000d5b0  __covrec_19E7DEFA6AE5D22F                                      
00023018  __covrec_19F06ABB5A28AA72                                      
0001dc58  __covrec_19FA784ADD838849                                      
00024a80  __covrec_1A0F7EC2AC44F654                                      
0001c628  __covrec_1A22B483B14D442                                       
00012498  __covrec_1A33CCDD44EACE57                                      
00001c10  __covrec_1A38D973FC4945E6                                      
00014ec8  __covrec_1A3FA77D293B3485                                      
000042d0  __covrec_1A403F042FE11FBF                                      
00025160  __covrec_1A4544BED21CEB2C                                      
000055b8  __covrec_1A51366B4FC7718B                                      
0001d7a8  __covrec_1A6E887ACACAFF76                                      
00007458  __covrec_1A8C55AE636D69C5                                      
00006378  __covrec_1AACF26BB5605A86                                      
00011c78  __covrec_1AE29CA67FA34E7D                                      
0000d8a8  __covrec_1AE33A240379C2DF                                      
00016278  __covrec_1AE60D0DA8D77CF0                                      
0001cb28  __covrec_1AF6215EE93D46D6                                      
00022be0  __covrec_1AFE6ECE1BD6F5C2                                      
0001bef8  __covrec_1AFE76699DCE6D3D                                      
00012948  __covrec_1B020A5FD863F2A3                                      
0001b868  __covrec_1B0D2750B34B1703                                      
00008d80  __covrec_1B18202D86266264                                      
00001fa8  __covrec_1B1A49CBA341853F                                      
00006af8  __covrec_1B4B09F186F71739                                      
0000bb70  __covrec_1B6042E5C6D6E4E4                                      
00009cf8  __covrec_1B6C653586473113                                      
00003d80  __covrec_1B7D6464753F05D4                                      
0000b2b0  __covrec_1B8330EC8CF82B7A                                      
000176c8  __covrec_1B9CA30A65B78731                                      
00003bf0  __covrec_1BC23505D3E5B535                                      
00014860  __covrec_1BC9AF92F5A17ABA                                      
0000a888  __covrec_1BC9DC4C36958406                                      
0001e950  __covrec_1BD34071CFA619DA                                      
0000bc10  __covrec_1BD4C9D8514D13A4                                      
00025c50  __covrec_1BEE14838B08B7EA                                      
0000cde0  __covrec_1BEFD7A17115ADD8                                      
0001f9e0  __covrec_1BFF9732B2DAF38C                                      
00000d40  __covrec_1C007B757BEA42EBu                                     
0000a518  __covrec_1C5DBD83629793F2                                      
0001ad78  __covrec_1CA1AE9514CE36B4                                      
000251d8  __covrec_1CABCD001BB8A2D4                                      
000152d8  __covrec_1CC14C8A376E03E3                                      
0000e258  __covrec_1CD6231A2B6C7215                                      
00008718  __covrec_1CD62E534A58BD04                                      
000218d0  __covrec_1CD6F65EDB220D52                                      
00003560  __covrec_1CD8AFB3FE986B10                                      
0000fdd8  __covrec_1CE6D07EE9476C34                                      
0001b250  __covrec_1CE8FD9CC832CE68                                      
000236a8  __covrec_1D03C489628EC74D                                      
0001c678  __covrec_1D1393F256C668B4                                      
000065d0  __covrec_1D1BC46426D5D891                                      
0000b530  __covrec_1D3B54F07A3FC6C9                                      
00005360  __covrec_1D4AD82771B8B28                                       
000181b8  __covrec_1D5453C0FE32606E                                      
00021cb8  __covrec_1D69454E4585F9FA                                      
00001b70  __covrec_1D7007E929021E49                                      
0000a748  __covrec_1D75681C5D6AE4D3                                      
0001a058  __covrec_1D8009E1123EFE18                                      
00005dd8  __covrec_1D85E772B9A5FBF0                                      
000011c0  __covrec_1D9D9489E97EF145                                      
00018370  __covrec_1DA2DF1D9481285F                                      
00020d68  __covrec_1DBD55CB071CE798                                      
000086a0  __covrec_1E15BEDBD1191598                                      
000119d0  __covrec_1E33E45B11F11880                                      
000208e0  __covrec_1E5D0BA266A05409                                      
000216a0  __covrec_1E967D82AE57104C                                      
00020fc0  __covrec_1EB10222D35B87B9                                      
000054f0  __covrec_1EB57B4FC6C4A9AD                                      
00023270  __covrec_1EC243A73359BD5F                                      
00024350  __covrec_1ED2390858C3EB64                                      
00021d58  __covrec_1EE4D15989A2B4E4                                      
000120d8  __covrec_1EE82E9A6510D22                                       
0001edb0  __covrec_1EF1FB822FC56A69                                      
00005fe0  __covrec_1F08E62E14A303E2                                      
0000cb88  __covrec_1F0A35470F3FA2D3                                      
0000d2e0  __covrec_1F1626364F958FB1                                      
0001bae8  __covrec_1F323AB5CF4D4A72                                      
00003970  __covrec_1F334F489E63AAED                                      
00016840  __covrec_1F4169E57C49DBAC                                      
00023540  __covrec_1F54DD07CE6E3CC3                                      
0000dfd8  __covrec_1F5B2447F7A741D2                                      
000079f8  __covrec_1F5D27D009CD214B                                      
000196f8  __covrec_1F81DC0331A088EE                                      
0001d3c0  __covrec_1F9CF73C50D6AB19                                      
00006d78  __covrec_1FB69A5C47982AF0                                      
000209d0  __covrec_1FC1559D82C02D42                                      
00012330  __covrec_1FD1C76F6BF8E8F6                                      
0000eb90  __covrec_1FEA2AFA50128F1                                       
00010e40  __covrec_1FEEF3DF6942FBAC                                      
0000a9f0  __covrec_1FF7286EF173724F                                      
00023db0  __covrec_201277E0AA6EE9F3                                      
000215b0  __covrec_2046BE57FB3E054C                                      
0000e550  __covrec_2047FA64368F7801                                      
0001a260  __covrec_20502D4EF27C8C51                                      
0000dee8  __covrec_2064F94C6BB62874                                      
00001238  __covrec_208111CBA94CA35F                                      
0001a0f8  __covrec_208E88AD446ED6FF                                      
00008060  __covrec_20A7D5188ED8FAB3                                      
00009e60  __covrec_20B8D4E64B215B9C                                      
0000ef78  __covrec_20BEF289784C1686                                      
0001db90  __covrec_20C5FBED395A9EDE                                      
0000bb20  __covrec_20E98ECB4DC6386A                                      
00008c68  __covrec_20F044E5CDA24412                                      
0001d758  __covrec_20F4440F1638C2A5                                      
0001f328  __covrec_212223448B5B81B9                                      
00003b50  __covrec_21268F63E99373BB                                      
0000d4e8  __covrec_2129E8512E1CFF43                                      
0000e1b8  __covrec_212CD4EED102836C                                      
00010620  __covrec_213277D0E3EAEF39                                      
000082e0  __covrec_2134C687E921C98                                       
00003ec0  __covrec_213F398D64017722                                      
00011f98  __covrec_2140843D8A0C02F4                                      
00008c40  __covrec_214CA38EB4E45F3F                                      
00021330  __covrec_216718CA83AD3AF2                                      
000209a8  __covrec_2175477B7920D59E                                      
0001a328  __covrec_217DB9DBC67C1EFE                                      
0000cd40  __covrec_219C84079D560BE1                                      
0001d2f8  __covrec_219DAFA81AFAA2FB                                      
000214e8  __covrec_21D48F08684C7774                                      
0000a7c0  __covrec_21EF087419620A4F                                      
0000d628  __covrec_21FAAED6ED1DAF50                                      
00009a28  __covrec_21FDEB51F08B5802                                      
00007a48  __covrec_2223D3D591EDDDCA                                      
0000e910  __covrec_2228BE0A0B18FCC2                                      
00025a70  __covrec_222CA9EC1B745CD9                                      
0001b2a0  __covrec_2239F1A9CC961427                                      
00003510  __covrec_2254A56022687007                                      
00009988  __covrec_225C78E8947FBCFF                                      
0000a040  __covrec_226F07064FE6FE4C                                      
00007188  __covrec_227ACAC1F86AB36F                                      
00019338  __covrec_2286D5FF0FC802ED                                      
0001fc60  __covrec_228B4DCEDE67C9E2                                      
000113b8  __covrec_229BF9E7EA59E04D                                      
00008d58  __covrec_22A3DF8203636F27                                      
00007368  __covrec_22A69096D63E9F26                                      
00018dc0  __covrec_22AA610D5E826481                                      
000120b0  __covrec_22CFEBB8E9046740                                      
00014568  __covrec_22D092EAE16D02EF                                      
00024170  __covrec_22E2236BC99304F9                                      
0001a030  __covrec_22F1260B2ECCC08F                                      
0001e090  __covrec_22F2AD01BBE54AC3                                      
00009cd0  __covrec_230A6B0F288D8687                                      
0001a4e0  __covrec_230E01EBA14683DA                                      
00011390  __covrec_2316AF65E57F73EE                                      
0000ce08  __covrec_23414FF6FDBAB7F                                       
00007778  __covrec_2344DDD4165E3C96                                      
00015648  __covrec_2356CFAA058BDA63                                      
00003c18  __covrec_23659B3F51AF89D4                                      
00006620  __covrec_238718D9B8F026CA                                      
00017100  __covrec_23A2723218FB953F                                      
0000a180  __covrec_23AAB77CB06E7DBD                                      
00023ea0  __covrec_23BA94AFA28E8B44                                      
000195b8  __covrec_23BDC91C28D00DEB                                      
0000e2d0  __covrec_23F534FAE1D87C82                                      
00009b90  __covrec_24133A90A2476865                                      
0000a478  __covrec_241C4C12BB9C7883                                      
00014478  __covrec_2429638F3104CEC6                                      
00012358  __covrec_244E3BFCF14FBB37                                      
000154b8  __covrec_245CEEBD24015B1F                                      
0001f8f0  __covrec_245EBA72A5A0F5EB                                      
0000fb58  __covrec_24686C65B076F4D8                                      
00004fa0  __covrec_24747BAEFEB715DF                                      
00002f20  __covrec_247DE68C7385B955                                      
0000cc78  __covrec_24A17424AED64D46                                      
00012f60  __covrec_24C47999447E0EDB                                      
00004b68  __covrec_24C73BE3D43CDFB3                                      
00015eb8  __covrec_24C869B71C1745EC                                      
0001ecc0  __covrec_24CD7D1265135F07                                      
0001eb30  __covrec_24D4168F36768F8A                                      
00014630  __covrec_24D80F5FFDB3B16                                       
00017948  __covrec_24DBDAA504A8EB                                        
0001b430  __covrec_24DC5A464E150DEB                                      
0000a630  __covrec_24F8166ADFB6955A                                      
0000b8f0  __covrec_250012161518D6F8                                      
00010328  __covrec_250A0483F2FF1D4D                                      
00013398  __covrec_25252A92B9E1D4A0                                      
000255c0  __covrec_2548E4241C41D4AC                                      
00017998  __covrec_25644B6D8D9339A2                                      
00010170  __covrec_2570FA30E66336F1                                      
00001c60  __covrec_25729E2FAFDE5F6F                                      
000197c0  __covrec_2597CFE535DF7925                                      
00016390  __covrec_259FE72B02F982E3                                      
00017628  __covrec_25B72A3D7BD5840F                                      
00024760  __covrec_25D863D26F29F221                                      
00002048  __covrec_25DFC7148C9D864B                                      
00018730  __covrec_25E129209C6D6E08                                      
000141d0  __covrec_260485F951D8CFA2                                      
0000c458  __covrec_264CB999923DE4F5                                      
00015a58  __covrec_2662EFE42B16DEE1                                      
0000ba08  __covrec_2698899049233C4                                       
000240d0  __covrec_26BDD9085FF96DA5                                      
00023608  __covrec_26F7BD59BDABA46                                       
0000c138  __covrec_2708E590C77BFB25                                      
00007e08  __covrec_2709FF32A8BA8E6F                                      
00009258  __covrec_2715A430D64995B4                                      
000126c8  __covrec_272FDAC1309E7A25                                      
00007a70  __covrec_2745191F30F0AEC1                                      
000038f8  __covrec_27471DFC1A3248D1                                      
00011070  __covrec_2756432ECEA8F9EF                                      
00025728  __covrec_276B3C7F132E7949                                      
00024c10  __covrec_278B19F5D60C3947                                      
0000a6a8  __covrec_27A202879E3C81D3                                      
00013258  __covrec_27A62EA8B23C7F26                                      
0000b0a8  __covrec_27C46EF82C1AE1CD                                      
0000ea50  __covrec_27E49F3E01DBE1D6                                      
00012d08  __covrec_27F2061FC9DD30DC                                      
000191a8  __covrec_27F653CEA4118248                                      
000169d0  __covrec_280C086A8D3E033A                                      
00000f90  __covrec_282DA6497C39E9B6u                                     
00001968  __covrec_284DA521D8559D26                                      
0000d3f8  __covrec_287D9B69AD67FA8C                                      
0000a810  __covrec_288A925DDA731D8B                                      
00010a08  __covrec_28AB09AA957E8E5D                                      
0000df10  __covrec_28BEFE8F5D8EE7EC                                      
0001f490  __covrec_28CAF5403BA112D7                                      
000031c8  __covrec_28F571A374A1166C                                      
000123a8  __covrec_290C7234D3EA6415                                      
0000dad8  __covrec_2916D4CE3C5622FA                                      
000054c8  __covrec_294467C743CBF1B1                                      
0000d0b0  __covrec_294F354326BFCB90                                      
00012830  __covrec_295D7C850CEC82FB                                      
0000fcc0  __covrec_2965DB5DD63025B0                                      
0001f670  __covrec_299EDB45E19271B                                       
00005d10  __covrec_29A8AA14A9DA30F6                                      
0001a3a0  __covrec_29CB61A807DB331C                                      
00024cb0  __covrec_29FD4C6F37BB673F                                      
0001eec8  __covrec_2A1CAF1263274BD9                                      
00007fe8  __covrec_2A233428C5A454AC                                      
00000060  __covrec_2A33AB353E6B969Cu                                     
00005428  __covrec_2A479213FC2AB65B                                      
00009528  __covrec_2A4CCF1D319004E1                                      
000045f0  __covrec_2A5638AAC5D7CC3E                                      
00015350  __covrec_2A5F24567CA81B28                                      
00006648  __covrec_2A64308BC019022F                                      
00024468  __covrec_2A658EA1206C62D6                                      
000128f8  __covrec_2A67B4937DAC4E9B                                      
00018028  __covrec_2A736453A4775CC3                                      
00014fe0  __covrec_2A8B557658325237                                      
00025480  __covrec_2A91C3E5F45518F9                                      
0000f658  __covrec_2AD81064E4937D7C                                      
00013ff0  __covrec_2ADD8BD0BF6DAA7F                                      
00010878  __covrec_2AED7DF3EA151398                                      
00020818  __covrec_2AFC953AB3BFA4B3                                      
0000b2d8  __covrec_2B07707B9D9F07EE                                      
00018a78  __covrec_2B07AC81363554B8                                      
0000e7d0  __covrec_2B26269A0C35C539                                      
0001fe68  __covrec_2B3D97B203BD5320                                      
00012088  __covrec_2B56950CEA0AFA17                                      
00019b30  __covrec_2B5FFCF4F8CB86BC                                      
0001ad00  __covrec_2B68E5DDE2E9662B                                      
00006f80  __covrec_2B6B057AF5E50C48                                      
00005ef0  __covrec_2B74F11BD355595D                                      
00016818  __covrec_2B9D588B68FFC9FD                                      
000143d8  __covrec_2B9ED78528214928                                      
00003998  __covrec_2BB0897863BDDE98                                      
00002458  __covrec_2BCC7EF97C8ED3F4                                      
0001ca60  __covrec_2BE6C0B46C211135                                      
00005ec8  __covrec_2C06B48448868366                                      
000246c0  __covrec_2C177686F2932C2C                                      
00001530  __covrec_2C4212E771447E5C                                      
0000fdb0  __covrec_2C520D0F75191740                                      
0001a350  __covrec_2C5B3AD84DE89A09                                      
00010350  __covrec_2C5C8AB1C319E9C0                                      
00003768  __covrec_2C71637F471DCA8C                                      
000049d8  __covrec_2CBCB5CCC40FC669                                      
0001a7b0  __covrec_2D0041D38F4C7BA8                                      
00002e30  __covrec_2D0F884009B2DA9E                                      
00015080  __covrec_2D13BBFC3A449323                                      
000229b0  __covrec_2D1E6856B3061151                                      
00025138  __covrec_2D2B2BAF1BAC8BDA                                      
000121a0  __covrec_2D2E2AC985541939                                      
00007c78  __covrec_2D2FD55B093F9048                                      
0001d528  __covrec_2D3B4279E82844EA                                      
00001be8  __covrec_2D4BDEB45C2CFFC8                                      
000248c8  __covrec_2D4D821B616E6924                                      
0000bf30  __covrec_2D5D7E1688291C83                                      
00015800  __covrec_2D61228427B0BF14                                      
00024aa8  __covrec_2D723378264E6A7                                       
00021178  __covrec_2D7A7904D991C2E0                                      
00022ff0  __covrec_2D8A3E6347FF950C                                      
0001de10  __covrec_2D99555663CB507E                                      
0001e338  __covrec_2DA3C7F5F3A1833F                                      
00002408  __covrec_2DB52AD9020BC696                                      
000018a0  __covrec_2DCA02178A5C8479                                      
000164a8  __covrec_2DD25A1E0605CEF0                                      
00008380  __covrec_2DD8E7886342070F                                      
00021448  __covrec_2DDC7AACECA4585A                                      
00002ac0  __covrec_2DE085303229B4EE                                      
00011ef8  __covrec_2DE0F3CD2C01B348                                      
00010c88  __covrec_2DE272027F87C8F0                                      
00023360  __covrec_2DECA8561F707322                                      
0000c430  __covrec_2DECEC16FA65F7EE                                      
0001bd40  __covrec_2DF772145F02FC49                                      
00003a60  __covrec_2DFF4B2C27246D78                                      
0000a860  __covrec_2E2151C7D59847CC                                      
0000a3d8  __covrec_2E29E84D15E6DE5E                                      
00003c40  __covrec_2E31E149C2991E60                                      
0001ab98  __covrec_2E3C982E9C9C353                                       
000179c0  __covrec_2E459FB28F5F2122                                      
0001eb80  __covrec_2E6EC07223ED40B7                                      
000199a0  __covrec_2E714EFCCE61715E                                      
0000bcb0  __covrec_2E85DD0760447FDA                                      
00003d30  __covrec_2E947C36FC40193C                                      
0000ebe0  __covrec_2EA6382F7796F268                                      
00023fb8  __covrec_2EB222C72903A525                                      
00010210  __covrec_2EB618AB385E229                                       
000104b8  __covrec_2ECF50A98A5A7931                                      
00007070  __covrec_2EDF067CA811BA10                                      
0000f1f8  __covrec_2EE0C371EA2AB181                                      
00023f68  __covrec_2F22268672A76EE3                                      
00016480  __covrec_2F298529E754A752                                      
00010968  __covrec_2F3EF3621992E2EB                                      
00008cb8  __covrec_2F5B1A181A2C7366                                      
00002480  __covrec_2F7C353226655800                                      
0000c318  __covrec_2F9585BC7187F99D                                      
0000a950  __covrec_2F9BAF6A83D4517A                                      
00011548  __covrec_2FC6EA2CCB410808                                      
00001800  __covrec_2FF1B6784FEB79EF                                      
00010be8  __covrec_2FF365847D9E59CB                                      
000007f0  __covrec_2FF7B4984425CC0u                                      
00001d78  __covrec_301ADB85F583BECD                                      
00015fd0  __covrec_302F2AC2878AEE63                                      
000244b8  __covrec_303E360AA0461E56                                      
0000a720  __covrec_304BDA55F3A9B1EC                                      
00005590  __covrec_3054D29EA86FAB3                                       
0001fa80  __covrec_3060B93F85E68B18                                      
00024ad0  __covrec_307BB5214E98EBCB                                      
00001300  __covrec_30A09FAFE95AA5E1                                      
0000f978  __covrec_30A37C889E8AA2A2                                      
00010b48  __covrec_30A3A69C659C62BC                                      
00022e10  __covrec_30A6073BD61E816A                                      
000217b8  __covrec_30B5CF75E7DDB3BE                                      
0001b750  __covrec_30B7C7B021FF32BD                                      
0000d650  __covrec_30BBDCDB00E40FA8                                      
0000d6a0  __covrec_30BCA7D18EAD40B3                                      
00024918  __covrec_30C72D90FAAB52FA                                      
00024e90  __covrec_30E2ED287923C2A1                                      
00009618  __covrec_30E4B92CBA94CEB4                                      
000191f8  __covrec_30ED4319F76DB893                                      
00005630  __covrec_30F0310DBA5B7C0F                                      
00023b80  __covrec_30F8FDE14BEBA5C3                                      
0001d5c8  __covrec_30FBE63F83B9D1D                                       
00022898  __covrec_30FFBF09B05F3927                                      
0001efe0  __covrec_30FFD4E1DBF1C36F                                      
0001adc8  __covrec_3129FF84AE3F76E2                                      
00000188  __covrec_312A4BFE34759836u                                     
00020d90  __covrec_31384D9C1FCD85B5                                      
00007cf0  __covrec_3140A2128FD3814F                                      
0000a770  __covrec_3153666E47568118                                      
0000d308  __covrec_31620BF60C9C44CF                                      
000188e8  __covrec_3163B63F3B49E158                                      
000223e8  __covrec_31723A59EE01CB6F                                      
00010af8  __covrec_319E77DD70975468                                      
000035d8  __covrec_31AA6DE22EF89545                                      
00013fa0  __covrec_31B0598EDF1F8AA0                                      
00014b30  __covrec_31B1F8CB4704B234                                      
0000c2f0  __covrec_31C4306191D4F373                                      
00024b20  __covrec_31DC30DDC7036A3C                                      
000213a8  __covrec_31DC7ECBF26839AC                                      
0001aaa8  __covrec_31F7B8F147936BE1                                      
00017c90  __covrec_31FD0D502C5066BA                                      
00025c28  __covrec_3218CEAEDF4FBA00                                      
00020390  __covrec_321A183A8097BE95                                      
00018460  __covrec_322133A61A45AB4E                                      
0001fd00  __covrec_324DA2EC0B259559                                      
00012dd0  __covrec_3250D68213C51EB6                                      
0000ab08  __covrec_3258B6424A4A9A11                                      
0001e180  __covrec_325BB6249AC215ED                                      
0000d768  __covrec_3263463054E54155                                      
00011c00  __covrec_3267F8BCE2AF6452                                      
00010f58  __covrec_32742937545D892E                                      
[...]
00025070  __covrec_DEE1C41A02EED5C4                                      
00025098  __covrec_A52E9CCCE269F017                                      
000250c0  __covrec_59F98C605AC61246                                      
000250e8  __covrec_ADE3F00B66E34EBB                                      
00025110  __covrec_F977D804E2DE5C3E                                      
00025138  __covrec_2D2B2BAF1BAC8BDA                                      
00025160  __covrec_1A4544BED21CEB2C                                      
00025188  __covrec_5F9688E4D5455A4F                                      
000251b0  __covrec_DFE73B7B1021BC7A                                      
000251d8  __covrec_1CABCD001BB8A2D4                                      
00025200  __covrec_BE4C15D3B32B067C                                      
00025228  __covrec_FD9DA43F75BC40F9                                      
00025250  __covrec_A867A2AB552AD431                                      
00025278  __covrec_AA40C52F613ED07F                                      
000252a0  __covrec_A18395C77B6C122B                                      
000252c8  __covrec_80A470E2383756C7                                      
000252f0  __covrec_41297A6DA905A84F                                      
00025318  __covrec_134F21299CF91075                                      
00025340  __covrec_871145ED86CD1F0                                       
00025368  __covrec_BE385D0749AA9AC6                                      
00025390  __covrec_5B3116183A6F0466                                      
000253b8  __covrec_D4626EC386D868E0                                      
000253e0  __covrec_731B204584E19236                                      
00025408  __covrec_13941B1E936B73E2                                      
00025430  __covrec_9D8BCDECE7C49ABE                                      
00025458  __covrec_4DAE465C3086FC76                                      
00025480  __covrec_2A91C3E5F45518F9                                      
000254a8  __covrec_11F13472B68456                                        
000254d0  __covrec_7B0291F67719FE1E                                      
000254f8  __covrec_6822925391E24728                                      
00025520  __covrec_9BE0DEA223C84842                                      
00025548  __covrec_A974A80756D49DB9                                      
00025570  __covrec_E1A5B2CA3303A7AC                                      
00025598  __covrec_CECC738F131939BC                                      
000255c0  __covrec_2548E4241C41D4AC                                      
000255e8  __covrec_D586C93DA51AE2EF                                      
00025610  __covrec_9D7FE2815054410B                                      
00025638  __covrec_BF0525D0545F407D                                      
00025660  __covrec_CED9A24C87C67E33                                      
00025688  __covrec_BBC1B71FF0D6E9B7                                      
000256b0  __covrec_E66B7ADE829927E1                                      
000256d8  __covrec_CCA1F12623A87E34                                      
00025700  __covrec_693DE5C38757BCA9                                      
00025728  __covrec_276B3C7F132E7949                                      
00025750  __covrec_A359454EB6553D3C                                      
00025778  __covrec_AC331E4603C5064F                                      
000257a0  __covrec_6B6CF2E8B51150E7                                      
000257c8  __covrec_FC4C0F69166A5CA                                       
000257f0  __covrec_9988F745693DE43F                                      
00025818  __covrec_F2FDFE424BC57950                                      
00025840  __covrec_D946AFFF68D80E46                                      
00025868  __covrec_77E8D9E82E558C56                                      
00025890  __covrec_E6BC0395B465B060                                      
000258b8  __covrec_B5717455E0C92E77                                      
000258e0  __covrec_7BCD1EAB9F4C3537                                      
00025908  __covrec_4636F542C7B57A00                                      
00025930  __covrec_7D40DEB2329FBEA7                                      
00025958  __covrec_812471B10D40FFA1                                      
00025980  __covrec_8348022D202C8AC0                                      
000259a8  __covrec_CDBEC65CA76225B3                                      
000259d0  __covrec_74886A0737907A5C                                      
000259f8  __covrec_676F8970FE61FFB9                                      
00025a20  __covrec_4436F28390350551                                      
00025a48  __covrec_346C6355D054AFA7                                      
00025a70  __covrec_222CA9EC1B745CD9                                      
00025a98  __covrec_C37F4325D39AA6F4                                      
00025ac0  __covrec_AD1A311A8594BE7E                                      
00025ae8  __covrec_C1879FA7C346EBC                                       
00025b10  __covrec_749663B955003AA6                                      
00025b38  __covrec_D65B84EB5603889D                                      
00025b60  __covrec_A3B838279DB1FA53                                      
00025b88  __covrec_15D8AD984765CE7C                                      
00025bb0  __covrec_12B18424C859DF9D                                      
00025bd8  __covrec_913EA166209F947B                                      
00025c00  __covrec_1759666B8765F80D                                      
00025c28  __covrec_3218CEAEDF4FBA00                                      
00025c50  __covrec_1BEE14838B08B7EA                                      
00025c78  __covrec_60E17CA99ACCDE1D                                      
00025ca0  __covrec_9C1F00C8590A33A7                                      
00025cc8  __covrec_E3820D34BA47BB77                                      
00025cf0  __covrec_F442D8DCEFB37265                                      
00025d18  __covrec_63D8F0E07CCD453E                                      
00025d40  __covrec_87407FA9A44A40A2u                                     
00025d70  __covrec_708B7A7D79BBA6F8u                                     
10000000  interruptVectors                                               
10000121  TFT_Init                                                       
100065bf  __aeabi_ldiv0                                                  
100065c1  main                                                           
1000775b  _nop                                                           
1000775d  __TI_printfi_nofloat                                           
10007fa1  TFT_WriteDataBulk                                              
1000844d  TFT_SetAddressWindow                                           
10008859  TFT_DrawChar                                                   
10008c11  TFT_ReadID                                                     
10008eed  DL_Common_delayCycles                                          
10008f09  strcmp                                                         
100091dd  TFT_FillRect                                                   
100094b9  TFT_FillScreen                                                 
10009711  TFT_ReadRegister                                               
10009931  TFT_WriteData16                                                
10009b2d  SYSCFG_DL_initPower                                            
10009c7b  SYSCFG_DL_GPIO_init                                            
10009da5  aligned_alloc                                                  
10009da5  memalign                                                       
10009eb1  fputs                                                          
10009fad  free                                                           
1000a089  setvbuf                                                        
1000a161  SYSCFG_DL_SPI_1_init                                           
1000a22b  SYSCFG_DL_SYSCTL_init                                          
1000a2dd  __udivmoddi4                                                   
1000a38d  memcpy                                                         
1000a429  fputc                                                          
1000a4b1  __TI_decompress_lzss                                           
1000a525  memset                                                         
1000a599  __TI_closefile                                                 
1000a675  fseeko                                                         
1000a6dd  getdevice                                                      
1000a745  HOSTrename                                                     
1000a7a9  __TI_wrt_ok                                                    
1000a809  close                                                          
1000a869  printf                                                         
1000a8c9  HOSTlseek                                                      
1000a921  HOSTopen                                                       
1000a979  HOSTread                                                       
1000a9cd  HOSTwrite                                                      
1000aa21  __TI_doflush                                                   
1000aa71  DL_SPI_init                                                    
1000aab9  HOSTunlink                                                     
1000aafd  atoi                                                           
1000ab3d  HOSTclose                                                      
1000ab79  sprintf                                                        
1000abb1  __TI_auto_init_nobinit_nopinit                                 
1000abe9  __TI_cleanup                                                   
1000ac1d  __TI_writemsg                                                  
1000ac47  C$$IO$$                                                        
1000ac51  __TI_readmsg                                                   
1000ac81  exit                                                           
1000acb1  SYSCFG_DL_init                                                 
1000acdd  finddevice                                                     
1000ad09  lseek                                                          
1000ad35  unlink                                                         
1000ad61  write                                                          
1000addd  DL_SPI_setClockConfig                                          
1000ae05  _c_int00_noargs                                                
1000ae29  memccpy                                                        
1000ae4b  Reset_Handler                                                  
1000ae85  ADC0_DCOMP_IRQHandler                                          
1000ae85  ADC0_SEQ0_IRQHandler                                           
1000ae85  ADC0_SEQ1_IRQHandler                                           
1000ae85  ADC0_SEQ2_IRQHandler                                           
1000ae85  ADC0_SEQ3_IRQHandler                                           
1000ae85  ADC1_DCOMP_IRQHandler                                          
1000ae85  ADC1_SEQ0_IRQHandler                                           
1000ae85  ADC1_SEQ1_IRQHandler                                           
1000ae85  ADC1_SEQ2_IRQHandler                                           
1000ae85  ADC1_SEQ3_IRQHandler                                           
1000ae85  AESADVHP_IRQHandler                                            
1000ae85  CANFD0_IRQHandler                                              
1000ae85  CANFD1_IRQHandler                                              
1000ae85  COMP0_IRQHandler                                               
1000ae85  COMP1_IRQHandler                                               
1000ae85  DEBUGSS_IRQHandler                                             
1000ae85  DMA0_IRQHandler                                                
1000ae85  DMA1_IRQHandler                                                
1000ae85  Default_Handler                                                
1000ae85  FLASHCTL_IRQHandler                                            
1000ae85  GPIOA_IRQHandler                                               
1000ae85  GPIOB_IRQHandler                                               
1000ae85  GPIOC_IRQHandler                                               
1000ae85  HardFault_Handler                                              
1000ae85  I2S0_IRQHandler                                                
1000ae85  I2S1_IRQHandler                                                
1000ae85  LFSS_IRQHandler                                                
1000ae85  NMI_Handler                                                    
1000ae85  PKA_IRQHandler                                                 
1000ae85  PendSV_Handler                                                 
1000ae85  QSPI_IRQHandler                                                
1000ae85  SHAW_IRQHandler                                                
1000ae85  SVC_Handler                                                    
1000ae85  SYSCTL_IRQHandler                                              
1000ae85  SysTick_Handler                                                
1000ae85  TIMA0_0_IRQHandler                                             
1000ae85  TIMA0_1_IRQHandler                                             
1000ae85  TIMG12_0_IRQHandler                                            
1000ae85  TIMG4_0_IRQHandler                                             
1000ae85  TIMG4_1_IRQHandler                                             
1000ae85  TIMG4_2_IRQHandler                                             
1000ae85  TIMG4_3_IRQHandler                                             
1000ae85  TIMG8_0_IRQHandler                                             
1000ae85  TIMG8_1_IRQHandler                                             
1000ae85  TRNG_IRQHandler                                                
1000ae85  UC0_IRQHandler                                                 
1000ae85  UC10_IRQHandler                                                
1000ae85  UC1_IRQHandler                                                 
1000ae85  UC2_IRQHandler                                                 
1000ae85  UC3_IRQHandler                                                 
1000ae85  UC4_IRQHandler                                                 
1000ae85  UC5_IRQHandler                                                 
1000ae85  UC6_IRQHandler                                                 
1000ae85  UC7_IRQHandler                                                 
1000ae85  UC8_IRQHandler                                                 
1000ae85  UC9_IRQHandler                                                 
1000ae85  WWDT0_IRQHandler                                               
1000aeb9  __aeabi_uldivmod                                               
1000aedd  wcslen                                                         
1000aeed  __TI_zero_init                                                 
1000af27  __TI_decompress_none                                           
1000af35  __aeabi_memset                                                 
1000af35  __aeabi_memset4                                                
1000af35  __aeabi_memset8                                                
1000af49  __aeabi_errno_addr                                             
1000af51  __aeabi_memclr                                                 
1000af51  __aeabi_memclr4                                                
1000af51  __aeabi_memclr8                                                
1000af59  malloc                                                         
1000af61  abort                                                          
1000af66  C$$EXIT                                                        
1000af67  HOSTexit                                                       
1000af6d  __aeabi_memcpy                                                 
1000af6d  __aeabi_memcpy4                                                
1000af6d  __aeabi_memcpy8                                                
1000af79  _system_pre_init                                               
1000af7d  fseek                                                          
1000af81  remove                                                         
1000b180  __aeabi_ctype_table_                                           
1000b180  __aeabi_ctype_table_C                                          
1000b380  __TI_static_base__                                             
1000b3e8  __TI_Handler_Table_Base                                        
1000b3f4  __TI_Handler_Table_Limit                                       
1000b408  __TI_CINIT_Base                                                
1000b420  __TI_CINIT_Limit                                               
1000b420  __TI_CINIT_Warm                                                
30000000  __start___llvm_prf_bits                                        
30000000  __stop___llvm_prf_bits                                         
30025800  _CIOBUF_                                                       
30025800  __CIOBUF_                                                      
30025920  __TI_tmpnams                                                   
300259c0  parmbuf                                                        
300259d0  _sys_memory                                                    
300261d0  __start___llvm_prf_cnts                                        
300262f8  __profc_Default_Handler                                        
30026358  __profc_Reset_Handler                                          
30026360  __profc_SYSCFG_DL_GPIO_init                                    
30026368  __profc_SYSCFG_DL_SPI_1_init                                   
30026370  __profc_SYSCFG_DL_SYSCTL_init                                  
30026378  __profc_SYSCFG_DL_init                                         
30026380  __profc_SYSCFG_DL_initPower                                    
300264c0  __stop___llvm_prf_cnts                                         
300264c0  _ftable                                                        
300265b0  _device                                                        
30026628  _stream                                                        
30026678  __TI_cleanup_ptr                                               
3002667c  __TI_dtors_ptr                                                 
30026680  __TI_ft_end                                                    
30026684  __aeabi_errno                                                  
30026688  _lock                                                          
3002668c  _unlock                                                        
3003fef8  __stack                                                        
3003fff8  __STACK_END                                                    
ffffffff  __TI_pprof_out_hndl                                            
ffffffff  __TI_prof_data_size                                            
ffffffff  __TI_prof_data_start                                           
ffffffff  __binit__                                                      
ffffffff  binit                                                          
UNDEFED   __mpu_init                                                     
UNDEFED   _system_post_cinit                                             

[4024 symbols]
