******************************************************************************
            TI ARM Clang Linker PC v4.0.3                      
******************************************************************************
>> Linked Mon Oct 27 11:47:40 2025

OUTPUT FILE NAME:   <tft_print_string.out>
ENTRY POINT SYMBOL: "_c_int00_noargs"  address: 1000a7a5


MEMORY CONFIGURATION

         name            origin    length      used     unused   attr    fill
----------------------  --------  ---------  --------  --------  ----  --------
  FLASH                 10000000   000fffff  0000adc0  000f523f  R  X
  SRAM                  30000000   0003ffff  00000f3d  0003f0c2  RW X
  DATA                  80000000   00007fff  00000000  00007fff  R   
  BCR_CONFIG            80101800   000003ff  00000000  000003ff  R   
  BSL_CONFIG            80101c00   000003ff  00000000  000003ff  R   


SEGMENT ALLOCATION MAP

run origin  load origin   length   init length attrs members
----------  ----------- ---------- ----------- ----- -------
10000000    10000000    0000adc0   0000adc0    r-x
  10000000    10000000    00000120   00000120    r-- .intvecs
  10000120    10000120    0000a820   0000a820    r-x .text
  1000a940    1000a940    000003e0   000003e0    r-- .rodata
  1000ad20    1000ad20    000000a0   000000a0    r-- .cinit
30000000    30000000    00000e40   00000000    rw-
  30000000    30000000    00000800   00000000    rw- .sysmem
  30000800    30000800    000002a0   00000000    rw- __llvm_prf_cnts
  30000aa0    30000aa0    000001d1   00000000    rw- .data
  30000c74    30000c74    000001cc   00000000    rw- .bss
3003fef8    3003fef8    00000100   00000000    rw-
  3003fef8    3003fef8    00000100   00000000    rw- .stack


SECTION ALLOCATION MAP

 output                                  attributes/
section   page    origin      length       input sections
--------  ----  ----------  ----------   ----------------
.intvecs   0    10000000    00000120     
                  10000000    00000114     startup_mspm33c321x_ticlang.o (.intvecs)
                  10000114    0000000c     --HOLE-- [fill = 0]

.text      0    10000120    0000a820     
                  10000120    0000649e     tft_print_string.o (.text.TFT_Init)
                  100065be    00000002     libclang_rt.builtins.a : aeabi_div0.c.obj (.text.__aeabi_ldiv0)
                  100065c0    00000ffa     tft_print_string.o (.text.main)
                  100075ba    00000002     libc.a : _lock.c.obj (.text._nop)
                  100075bc    00000844            : _printfi.c.obj (.text:__TI_printfi_nofloat)
                  10007e00    0000040a     tft_print_string.o (.text.TFT_SetAddressWindow)
                  1000820a    00000002     --HOLE-- [fill = 0]
                  1000820c    000003b6     tft_print_string.o (.text.TFT_DrawChar)
                  100085c2    00000002     --HOLE-- [fill = 0]
                  100085c4    000002dc     tft_print_string.o (.text.TFT_ReadID)
                  100088a0    000002dc     libc.a : strcmp_t2.S.obj (.text:strcmp)
                  10008b7c    000002da     tft_print_string.o (.text.TFT_FillRect)
                  10008e56    00000002     --HOLE-- [fill = 0]
                  10008e58    00000256     tft_print_string.o (.text.TFT_FillScreen)
                  100090ae    00000002     --HOLE-- [fill = 0]
                  100090b0    00000220     tft_print_string.o (.text.TFT_ReadRegister)
                  100092d0    000001fc     tft_print_string.o (.text.TFT_WriteData16)
                  100094cc    0000014e     ti_msp_dl_config.o (.text.SYSCFG_DL_initPower)
                  1000961a    0000012a     ti_msp_dl_config.o (.text.SYSCFG_DL_GPIO_init)
                  10009744    0000010c     libc.a : memory.c.obj (.text.aligned_alloc)
                  10009850    000000fc            : fputs.c.obj (.text.fputs)
                  1000994c    000000dc            : memory.c.obj (.text.free)
                  10009a28    000000d8            : setvbuf.c.obj (.text.setvbuf)
                  10009b00    000000ca     ti_msp_dl_config.o (.text.SYSCFG_DL_SPI_1_init)
                  10009bca    000000b2     ti_msp_dl_config.o (.text.SYSCFG_DL_SYSCTL_init)
                  10009c7c    000000b0     libclang_rt.builtins.a : udivmoddi4.S.obj (.text)
                  10009d2c    0000009c     libc.a : memcpy_t2.S.obj (.text:memcpy)
                  10009dc8    00000088            : fputc.c.obj (.text.fputc)
                  10009e50    00000074            : copy_decompress_lzss.c.obj (.text:decompress:lzss)
                  10009ec4    00000072            : memset_t2.S.obj (.text:memset)
                  10009f36    00000002     --HOLE-- [fill = 0]
                  10009f38    00000070            : fclose.c.obj (.text.__TI_closefile)
                  10009fa8    0000006c            : memory.c.obj (.text.split)
                  1000a014    00000068            : fseek.c.obj (.text.fseeko)
                  1000a07c    00000068            : getdevice.c.obj (.text.getdevice)
                  1000a0e4    00000064     libsysbm.a : hostrename.c.obj (.text.HOSTrename)
                  1000a148    00000060     libc.a : _io_perm.c.obj (.text.__TI_wrt_ok)
                  1000a1a8    00000060     libsysbm.a : close.c.obj (.text.close)
                  1000a208    00000060     libc.a : printf.c.obj (.text.printf)
                  1000a268    00000058     libsysbm.a : hostlseek.c.obj (.text.HOSTlseek)
                  1000a2c0    00000058                : hostopen.c.obj (.text.HOSTopen)
                  1000a318    00000054                : hostread.c.obj (.text.HOSTread)
                  1000a36c    00000054                : hostwrite.c.obj (.text.HOSTwrite)
                  1000a3c0    00000050     libc.a : fflush.c.obj (.text.__TI_doflush)
                  1000a410    00000046     driverlib.a : dl_unicommspi.o (.text.DL_SPI_init)
                  1000a456    00000002     --HOLE-- [fill = 0]
                  1000a458    00000044     libsysbm.a : hostunlink.c.obj (.text.HOSTunlink)
                  1000a49c    00000040     libc.a : atoi.c.obj (.text.atoi)
                  1000a4dc    0000003c     libsysbm.a : hostclose.c.obj (.text.HOSTclose)
                  1000a518    00000038     libc.a : sprintf.c.obj (.text.sprintf)
                  1000a550    00000038            : autoinit.c.obj (.text:__TI_auto_init_nobinit_nopinit)
                  1000a588    00000034            : fopen.c.obj (.text.__TI_cleanup)
                  1000a5bc    00000034     libsysbm.a : trgmsg.c.obj (.text.__TI_writemsg)
                  1000a5f0    00000030                : trgmsg.c.obj (.text.__TI_readmsg)
                  1000a620    00000030     libc.a : exit.c.obj (.text.exit)
                  1000a650    0000002c     ti_msp_dl_config.o (.text.SYSCFG_DL_init)
                  1000a67c    0000002c     libc.a : getdevice.c.obj (.text.finddevice)
                  1000a6a8    0000002c     libsysbm.a : lseek.c.obj (.text.lseek)
                  1000a6d4    0000002c                : unlink.c.obj (.text.unlink)
                  1000a700    0000002c                : write.c.obj (.text.write)
                  1000a72c    00000028     driverlib.a : dl_unicommspi.o (.text.DL_Common_updateReg)
                  1000a754    00000028     libc.a : memory.c.obj (.text.free_list_insert)
                  1000a77c    00000026     driverlib.a : dl_unicommspi.o (.text.DL_SPI_setClockConfig)
                  1000a7a2    00000002     --HOLE-- [fill = 0]
                  1000a7a4    00000024     libc.a : boot_cortex_m.c.obj (.text:_c_int00_noargs)
                  1000a7c8    00000022            : memccpy.c.obj (.text.memccpy)
                  1000a7ea    0000001c     startup_mspm33c321x_ticlang.o (.text.Reset_Handler)
                  1000a806    00000002     --HOLE-- [fill = 0]
                  1000a808    0000001c     libc.a : memory.c.obj (.text.free_list_remove)
                  1000a824    0000001a     startup_mspm33c321x_ticlang.o (.text.Default_Handler)
                  1000a83e    00000018     libc.a : sprintf.c.obj (.text._outs)
                  1000a856    00000014     driverlib.a : dl_common.o (.text.DL_Common_delayCycles)
                  1000a86a    00000002     --HOLE-- [fill = 0]
                  1000a86c    00000014     libclang_rt.builtins.a : aeabi_uldivmod.S.obj (.text.__aeabi_uldivmod)
                  1000a880    00000012     libc.a : copy_zero_init.c.obj (.text:decompress:ZI:__TI_zero_init_nomemset)
                  1000a892    00000010            : memory.c.obj (.text.OUTLINED_FUNCTION_0)
                  1000a8a2    00000010            : wcslen.c.obj (.text.wcslen)
                  1000a8b2    0000000e     libsysbm.a : hostrename.c.obj (.text.strcpy)
                  1000a8c0    0000000e     libc.a : _printfi.c.obj (.text.strlen)
                  1000a8ce    0000000e     libsysbm.a : hostrename.c.obj (.text.strlen)
                  1000a8dc    0000000e     libc.a : copy_decompress_none.c.obj (.text:decompress:none)
                  1000a8ea    00000002     --HOLE-- [fill = 0]
                  1000a8ec    0000000a     libclang_rt.builtins.a : aeabi_memset.S.obj (.text.__aeabi_memset)
                  1000a8f6    0000000a     libc.a : sprintf.c.obj (.text._outc)
                  1000a900    00000008            : aeabi_portable.c.obj (.text.__aeabi_errno_addr)
                  1000a908    00000008     libclang_rt.builtins.a : aeabi_memset.S.obj (.text.__aeabi_memclr)
                  1000a910    00000008     libc.a : memory.c.obj (.text.malloc)
                  1000a918    00000006            : exit.c.obj (.text:abort)
                  1000a91e    00000004     libsysbm.a : hostexit.c.obj (.text.HOSTexit)
                  1000a922    00000002     --HOLE-- [fill = 0]
                  1000a924    00000004     libclang_rt.builtins.a : aeabi_memcpy.S.obj (.text.__aeabi_memcpy)
                  1000a928    00000004     libc.a : printf.c.obj (.text._outc)
                  1000a92c    00000004            : printf.c.obj (.text._outs)
                  1000a930    00000004            : pre_init.c.obj (.text._system_pre_init)
                  1000a934    00000004            : fseek.c.obj (.text.fseek)
                  1000a938    00000004     libsysbm.a : remove.c.obj (.text.remove)
                  1000a93c    00000004     --HOLE-- [fill = 0]

.cinit     0    1000ad20    000000a0     
                  1000ad20    00000066     (.cinit..data.load) [load image, compression = lzss]
                  1000ad86    00000002     --HOLE-- [fill = 0]
                  1000ad88    0000000c     (__TI_handler_table)
                  1000ad94    00000009     (.cinit.__llvm_prf_cnts.load) [load image, compression = lzss]
                  1000ad9d    00000003     --HOLE-- [fill = 0]
                  1000ada0    00000008     (.cinit..bss.load) [load image, compression = zero_init]
                  1000ada8    00000018     (__TI_cinit_table)

.rodata    0    1000a940    000003e0     
                  1000a940    000001e0     tft_print_string.o (.rodata.font5x7)
                  1000ab20    00000101     libc.a : aeabi_ctype.S.obj (.rodata:__aeabi_ctype_table_)
                  1000ac21    0000002d     tft_print_string.o (.rodata.str1.18251430490500911177.1)
                  1000ac4e    0000001a     tft_print_string.o (.rodata.str1.6922480396711339577.1)
                  1000ac68    00000018     ti_msp_dl_config.o (.rodata.UC6_Inst)
                  1000ac80    00000014     tft_print_string.o (.rodata.str1.6894987087813231667.1)
                  1000ac94    00000011     libc.a : _printfi.c.obj (.rodata.str1.10348868589481759720.1)
                  1000aca5    00000011            : _printfi.c.obj (.rodata.str1.15363888844622738466.1)
                  1000acb6    00000011     tft_print_string.o (.rodata.str1.9835773699310192725.1)
                  1000acc7    00000010     tft_print_string.o (.rodata.str1.12882787055500912437.1)
                  1000acd7    0000000f     tft_print_string.o (.rodata.str1.4047111943454375061.1)
                  1000ace6    0000000c     tft_print_string.o (.rodata.str1.10424330504266084443.1)
                  1000acf2    0000000c     tft_print_string.o (.rodata.str1.1894742391797236260.1)
                  1000acfe    0000000a     ti_msp_dl_config.o (.rodata.gSPI_1_config)
                  1000ad08    00000007     tft_print_string.o (.rodata.str1.12038880324170786440.1)
                  1000ad0f    00000007     tft_print_string.o (.rodata.str1.13257948776442003855.1)
                  1000ad16    00000004     ti_msp_dl_config.o (.rodata.gSPI_1_clockConfig)
                  1000ad1a    00000006     --HOLE-- [fill = 0]

.init_array 
*          0    10000000    00000000     UNINITIALIZED

.binit     0    10000000    00000000     

.sysmem    0    30000000    00000800     UNINITIALIZED
                  30000000    00000010     libc.a : memory.c.obj (.sysmem)
                  30000010    000007f0     --HOLE--

__llvm_prf_bits 
*          0    30000000    00000000     UNINITIALIZED

.data      0    30000aa0    000001d1     UNINITIALIZED
                  30000aa0    000000f0     libc.a : defs.c.obj (.data._ftable)
                  30000b90    00000078     libsysbm.a : host_device.c.obj (.data._device)
                  30000c08    00000050                : host_device.c.obj (.data._stream)
                  30000c58    00000008     libc.a : exit.c.obj (.data..L_MergedGlobals)
                  30000c60    00000004            : defs.c.obj (.data.__TI_ft_end)
                  30000c64    00000004            : aeabi_portable.c.obj (.data.__aeabi_errno)
                  30000c68    00000004            : _lock.c.obj (.data._lock)
                  30000c6c    00000004            : _lock.c.obj (.data._unlock)
                  30000c70    00000001            : memory.c.obj (.data.memory_is_initialized)

.bss       0    30000c74    000001cc     UNINITIALIZED
                  30000c74    00000120     libsysbm.a : trgmsg.c.obj (.bss:_CIOBUF_)
                  30000d94    000000a0     libc.a : defs.c.obj (.bss.__TI_tmpnams)
                  30000e34    00000008     libsysbm.a : hostopen.c.obj (.bss.parmbuf)
                  30000e3c    00000004     libc.a : memory.c.obj (.bss.sys_free)

.stack     0    3003fef8    00000100     UNINITIALIZED
                  3003fef8    00000004     libc.a : boot_cortex_m.c.obj (.stack)
                  3003fefc    000000fc     --HOLE--

__llvm_prf_cnts 
*          0    30000800    000002a0     UNINITIALIZED
                  30000800    00000050     tft_print_string.o (__llvm_prf_cnts.__profc_TFT_DrawChar)
                  30000850    00000038     tft_print_string.o (__llvm_prf_cnts.__profc_TFT_FillRect)
                  30000888    00000028     tft_print_string.o (__llvm_prf_cnts.__profc_TFT_DrawString)
                  300008b0    00000028     tft_print_string.o (__llvm_prf_cnts.__profc_main)
                  300008d8    00000020     tft_print_string.o (__llvm_prf_cnts.__profc_TFT_DrawPixel)
                  300008f8    00000010     startup_mspm33c321x_ticlang.o (__llvm_prf_cnts.__profc_Default_Handler)
                  30000908    00000010     tft_print_string.o (__llvm_prf_cnts.__profc_TFT_FillScreen)
                  30000918    00000010     tft_print_string.o (__llvm_prf_cnts.__profc_tft_print_string.c_SPI_WriteByte)
                  30000928    00000010     ti_msp_dl_config.o (__llvm_prf_cnts.__profc_ti_msp_dl_config.c_DL_SPI_enablePower)
                  30000938    00000008     startup_mspm33c321x_ticlang.o (__llvm_prf_cnts.__profc_Reset_Handler)
                  30000940    00000008     ti_msp_dl_config.o (__llvm_prf_cnts.__profc_SYSCFG_DL_GPIO_init)
                  30000948    00000008     ti_msp_dl_config.o (__llvm_prf_cnts.__profc_SYSCFG_DL_SPI_1_init)
                  30000950    00000008     ti_msp_dl_config.o (__llvm_prf_cnts.__profc_SYSCFG_DL_SYSCTL_init)
                  30000958    00000008     ti_msp_dl_config.o (__llvm_prf_cnts.__profc_SYSCFG_DL_init)
                  30000960    00000008     ti_msp_dl_config.o (__llvm_prf_cnts.__profc_SYSCFG_DL_initPower)
                  30000968    00000008     tft_print_string.o (__llvm_prf_cnts.__profc_TFT_HardwareReset)
                  30000970    00000008     tft_print_string.o (__llvm_prf_cnts.__profc_TFT_Init)
                  30000978    00000008     tft_print_string.o (__llvm_prf_cnts.__profc_TFT_ReadID)
                  30000980    00000008     tft_print_string.o (__llvm_prf_cnts.__profc_TFT_ReadRegister)
                  30000988    00000008     tft_print_string.o (__llvm_prf_cnts.__profc_TFT_SetAddressWindow)
                  30000990    00000008     tft_print_string.o (__llvm_prf_cnts.__profc_TFT_WriteCommand)
                  30000998    00000008     tft_print_string.o (__llvm_prf_cnts.__profc_TFT_WriteData16)
                  300009a0    00000008     tft_print_string.o (__llvm_prf_cnts.__profc_TFT_WriteData)
                  300009a8    00000008     tft_print_string.o (__llvm_prf_cnts.__profc_tft_print_string.c_CS_High)
                  300009b0    00000008     tft_print_string.o (__llvm_prf_cnts.__profc_tft_print_string.c_CS_Low)
                  300009b8    00000008     tft_print_string.o (__llvm_prf_cnts.__profc_tft_print_string.c_DC_Command)
                  300009c0    00000008     tft_print_string.o (__llvm_prf_cnts.__profc_tft_print_string.c_DC_Data)
                  300009c8    00000008     tft_print_string.o (__llvm_prf_cnts.__profc_tft_print_string.c_DL_Common_updateReg)
                  300009d0    00000008     tft_print_string.o (__llvm_prf_cnts.__profc_tft_print_string.c_DL_GPIO_clearPins)
                  300009d8    00000008     tft_print_string.o (__llvm_prf_cnts.__profc_tft_print_string.c_DL_GPIO_setPins)
                  300009e0    00000008     tft_print_string.o (__llvm_prf_cnts.__profc_tft_print_string.c_DL_SPI_enable)
                  300009e8    00000008     tft_print_string.o (__llvm_prf_cnts.__profc_tft_print_string.c_DL_SPI_isBusy)
                  300009f0    00000008     tft_print_string.o (__llvm_prf_cnts.__profc_tft_print_string.c_DL_SPI_receiveData8)
                  300009f8    00000008     tft_print_string.o (__llvm_prf_cnts.__profc_tft_print_string.c_DL_SPI_setBitRateSerialClockDivider)
                  30000a00    00000008     tft_print_string.o (__llvm_prf_cnts.__profc_tft_print_string.c_DL_SPI_transmitData8)
                  30000a08    00000008     ti_msp_dl_config.o (__llvm_prf_cnts.__profc_ti_msp_dl_config.c_DL_Common_updateReg)
                  30000a10    00000008     ti_msp_dl_config.o (__llvm_prf_cnts.__profc_ti_msp_dl_config.c_DL_GPIO_clearPins)
                  30000a18    00000008     ti_msp_dl_config.o (__llvm_prf_cnts.__profc_ti_msp_dl_config.c_DL_GPIO_enableOutput)
                  30000a20    00000008     ti_msp_dl_config.o (__llvm_prf_cnts.__profc_ti_msp_dl_config.c_DL_GPIO_enablePower)
                  30000a28    00000008     ti_msp_dl_config.o (__llvm_prf_cnts.__profc_ti_msp_dl_config.c_DL_GPIO_initDigitalOutput)
                  30000a30    00000008     ti_msp_dl_config.o (__llvm_prf_cnts.__profc_ti_msp_dl_config.c_DL_GPIO_initPeripheralInputFunction)
                  30000a38    00000008     ti_msp_dl_config.o (__llvm_prf_cnts.__profc_ti_msp_dl_config.c_DL_GPIO_initPeripheralOutputFunction)
                  30000a40    00000008     ti_msp_dl_config.o (__llvm_prf_cnts.__profc_ti_msp_dl_config.c_DL_GPIO_reset)
                  30000a48    00000008     ti_msp_dl_config.o (__llvm_prf_cnts.__profc_ti_msp_dl_config.c_DL_SPI_enable)
                  30000a50    00000008     ti_msp_dl_config.o (__llvm_prf_cnts.__profc_ti_msp_dl_config.c_DL_SPI_reset)
                  30000a58    00000008     ti_msp_dl_config.o (__llvm_prf_cnts.__profc_ti_msp_dl_config.c_DL_SPI_setBitRateSerialClockDivider)
                  30000a60    00000008     ti_msp_dl_config.o (__llvm_prf_cnts.__profc_ti_msp_dl_config.c_DL_SPI_setFIFOThreshold)
                  30000a68    00000008     ti_msp_dl_config.o (__llvm_prf_cnts.__profc_ti_msp_dl_config.c_DL_SYSCTL_disableHFXT)
                  30000a70    00000008     ti_msp_dl_config.o (__llvm_prf_cnts.__profc_ti_msp_dl_config.c_DL_SYSCTL_disableSYSPLL)
                  30000a78    00000008     ti_msp_dl_config.o (__llvm_prf_cnts.__profc_ti_msp_dl_config.c_DL_SYSCTL_setBORThreshold)
                  30000a80    00000008     ti_msp_dl_config.o (__llvm_prf_cnts.__profc_ti_msp_dl_config.c_DL_SYSCTL_setSYSOSCFreq)
                  30000a88    00000008     ti_msp_dl_config.o (__llvm_prf_cnts.__profc_ti_msp_dl_config.c_DL_UNICOMM_enablePower)
                  30000a90    00000008     ti_msp_dl_config.o (__llvm_prf_cnts.__profc_ti_msp_dl_config.c_DL_UNICOMM_reset)
                  30000a98    00000008     ti_msp_dl_config.o (__llvm_prf_cnts.__profc_ti_msp_dl_config.c_DL_UNICOMM_setIPMode)

MODULE SUMMARY

       Module                          code    ro data   rw data
       ------                          ----    -------   -------
    .\
       tft_print_string.o              34944   657       440    
       ti_msp_dl_config.o              1056    38        208    
       startup_mspm33c321x_ticlang.o   54      276       24     
    +--+-------------------------------+-------+---------+---------+
       Total:                          36054   971       672    
                                                                
    C:/ti/mspm33_sdk_1_00_00_00_internal/source/ti/driverlib/lib/ticlang/m33/mspm33c321x/driverlib.a
       dl_unicommspi.o                 148     0         0      
       dl_common.o                     20      0         0      
    +--+-------------------------------+-------+---------+---------+
       Total:                          168     0         0      
                                                                
    C:\ti\ccs2030\ccs\tools\compiler\ti-cgt-armllvm_4.0.3.LTS\lib\armv8m.main-ti-none-eabi/c/libc.a
       _printfi.c.obj                  2130    34        0      
       strcmp_t2.S.obj                 732     0         0      
       memory.c.obj                    688     0         5      
       defs.c.obj                      0       0         404    
       aeabi_ctype.S.obj               0       257       0      
       fputs.c.obj                     252     0         0      
       setvbuf.c.obj                   216     0         0      
       memcpy_t2.S.obj                 156     0         0      
       getdevice.c.obj                 148     0         0      
       fputc.c.obj                     136     0         0      
       copy_decompress_lzss.c.obj      116     0         0      
       memset_t2.S.obj                 114     0         0      
       fclose.c.obj                    112     0         0      
       fseek.c.obj                     108     0         0      
       printf.c.obj                    104     0         0      
       _io_perm.c.obj                  96      0         0      
       sprintf.c.obj                   90      0         0      
       fflush.c.obj                    80      0         0      
       atoi.c.obj                      64      0         0      
       exit.c.obj                      54      0         8      
       autoinit.c.obj                  56      0         0      
       fopen.c.obj                     52      0         0      
       boot_cortex_m.c.obj             36      0         0      
       memccpy.c.obj                   34      0         0      
       copy_zero_init.c.obj            18      0         0      
       wcslen.c.obj                    16      0         0      
       copy_decompress_none.c.obj      14      0         0      
       aeabi_portable.c.obj            8       0         4      
       _lock.c.obj                     2       0         8      
       pre_init.c.obj                  4       0         0      
    +--+-------------------------------+-------+---------+---------+
       Total:                          5636    291       429    
                                                                
    C:\ti\ccs2030\ccs\tools\compiler\ti-cgt-armllvm_4.0.3.LTS\lib\armv8m.main-ti-none-eabi/c/libsysbm.a
       trgmsg.c.obj                    100     0         288    
       host_device.c.obj               0       0         200    
       hostrename.c.obj                128     0         0      
       close.c.obj                     96      0         0      
       hostopen.c.obj                  88      0         8      
       hostlseek.c.obj                 88      0         0      
       hostread.c.obj                  84      0         0      
       hostwrite.c.obj                 84      0         0      
       hostunlink.c.obj                68      0         0      
       hostclose.c.obj                 60      0         0      
       lseek.c.obj                     44      0         0      
       unlink.c.obj                    44      0         0      
       write.c.obj                     44      0         0      
       hostexit.c.obj                  4       0         0      
       remove.c.obj                    4       0         0      
    +--+-------------------------------+-------+---------+---------+
       Total:                          936     0         496    
                                                                
    C:\ti\ccs2030\ccs\tools\compiler\ti-cgt-armllvm_4.0.3.LTS\lib\armv8m.main-ti-none-eabi/libclang_rt.builtins.a
       udivmoddi4.S.obj                176     0         0      
       aeabi_uldivmod.S.obj            20      0         0      
       aeabi_memset.S.obj              18      0         0      
       aeabi_memcpy.S.obj              4       0         0      
       aeabi_div0.c.obj                2       0         0      
    +--+-------------------------------+-------+---------+---------+
       Total:                          220     0         0      
                                                                
       Heap:                           0       0         2048   
       Stack:                          0       0         256    
       Linker Generated:               0       155       0      
    +--+-------------------------------+-------+---------+---------+
       Grand Total:                    43014   1417      3901   


LINKER GENERATED COPY TABLES

__TI_cinit_table @ 1000ada8 records: 3, size/record: 8, table size: 24
	.data: load addr=1000ad20, load size=00000066 bytes, run addr=30000aa0, run size=000001d1 bytes, compression=lzss
	__llvm_prf_cnts: load addr=1000ad94, load size=00000009 bytes, run addr=30000800, run size=000002a0 bytes, compression=lzss
	.bss: load addr=1000ada0, load size=00000008 bytes, run addr=30000c74, run size=000001cc bytes, compression=zero_init


LINKER GENERATED HANDLER TABLE

__TI_handler_table @ 1000ad88 records: 3, size/record: 4, table size: 12
	index: 0, handler: __TI_decompress_lzss
	index: 1, handler: __TI_decompress_none
	index: 2, handler: __TI_zero_init


GLOBAL SYMBOLS: SORTED ALPHABETICALLY BY Name 

address   name                                                           
-------   ----                                                           
1000a825  ADC0_DCOMP_IRQHandler                                          
1000a825  ADC0_SEQ0_IRQHandler                                           
1000a825  ADC0_SEQ1_IRQHandler                                           
1000a825  ADC0_SEQ2_IRQHandler                                           
1000a825  ADC0_SEQ3_IRQHandler                                           
1000a825  ADC1_DCOMP_IRQHandler                                          
1000a825  ADC1_SEQ0_IRQHandler                                           
1000a825  ADC1_SEQ1_IRQHandler                                           
1000a825  ADC1_SEQ2_IRQHandler                                           
1000a825  ADC1_SEQ3_IRQHandler                                           
1000a825  AESADVHP_IRQHandler                                            
1000a91e  C$$EXIT                                                        
1000a5e7  C$$IO$$                                                        
1000a825  CANFD0_IRQHandler                                              
1000a825  CANFD1_IRQHandler                                              
1000a825  COMP0_IRQHandler                                               
1000a825  COMP1_IRQHandler                                               
1000a825  DEBUGSS_IRQHandler                                             
1000a857  DL_Common_delayCycles                                          
1000a411  DL_SPI_init                                                    
1000a77d  DL_SPI_setClockConfig                                          
1000a825  DMA0_IRQHandler                                                
1000a825  DMA1_IRQHandler                                                
1000a825  Default_Handler                                                
1000a825  FLASHCTL_IRQHandler                                            
1000a825  GPIOA_IRQHandler                                               
1000a825  GPIOB_IRQHandler                                               
1000a825  GPIOC_IRQHandler                                               
1000a4dd  HOSTclose                                                      
1000a91f  HOSTexit                                                       
1000a269  HOSTlseek                                                      
1000a2c1  HOSTopen                                                       
1000a319  HOSTread                                                       
1000a0e5  HOSTrename                                                     
1000a459  HOSTunlink                                                     
1000a36d  HOSTwrite                                                      
1000a825  HardFault_Handler                                              
1000a825  I2S0_IRQHandler                                                
1000a825  I2S1_IRQHandler                                                
1000a825  LFSS_IRQHandler                                                
1000a825  NMI_Handler                                                    
1000a825  PKA_IRQHandler                                                 
1000a825  PendSV_Handler                                                 
1000a825  QSPI_IRQHandler                                                
1000a7eb  Reset_Handler                                                  
1000a825  SHAW_IRQHandler                                                
1000a825  SVC_Handler                                                    
1000961b  SYSCFG_DL_GPIO_init                                            
10009b01  SYSCFG_DL_SPI_1_init                                           
10009bcb  SYSCFG_DL_SYSCTL_init                                          
1000a651  SYSCFG_DL_init                                                 
100094cd  SYSCFG_DL_initPower                                            
1000a825  SYSCTL_IRQHandler                                              
1000a825  SysTick_Handler                                                
1000820d  TFT_DrawChar                                                   
10008b7d  TFT_FillRect                                                   
10008e59  TFT_FillScreen                                                 
10000121  TFT_Init                                                       
100085c5  TFT_ReadID                                                     
100090b1  TFT_ReadRegister                                               
10007e01  TFT_SetAddressWindow                                           
100092d1  TFT_WriteData16                                                
1000a825  TIMA0_0_IRQHandler                                             
1000a825  TIMA0_1_IRQHandler                                             
1000a825  TIMG12_0_IRQHandler                                            
1000a825  TIMG4_0_IRQHandler                                             
1000a825  TIMG4_1_IRQHandler                                             
1000a825  TIMG4_2_IRQHandler                                             
1000a825  TIMG4_3_IRQHandler                                             
1000a825  TIMG8_0_IRQHandler                                             
1000a825  TIMG8_1_IRQHandler                                             
1000a825  TRNG_IRQHandler                                                
1000a825  UC0_IRQHandler                                                 
1000a825  UC10_IRQHandler                                                
1000a825  UC1_IRQHandler                                                 
1000a825  UC2_IRQHandler                                                 
1000a825  UC3_IRQHandler                                                 
1000a825  UC4_IRQHandler                                                 
1000a825  UC5_IRQHandler                                                 
1000a825  UC6_IRQHandler                                                 
1000a825  UC7_IRQHandler                                                 
1000a825  UC8_IRQHandler                                                 
1000a825  UC9_IRQHandler                                                 
1000a825  WWDT0_IRQHandler                                               
30000c74  _CIOBUF_                                                       
30000c74  __CIOBUF_                                                      
3003fff8  __STACK_END                                                    
00000100  __STACK_SIZE                                                   
00000800  __SYSMEM_SIZE                                                  
00000000  __TI_ATRegion0_region_sz                                       
00000000  __TI_ATRegion0_src_addr                                        
00000000  __TI_ATRegion0_trg_addr                                        
00000000  __TI_ATRegion1_region_sz                                       
00000000  __TI_ATRegion1_src_addr                                        
00000000  __TI_ATRegion1_trg_addr                                        
00000000  __TI_ATRegion2_region_sz                                       
00000000  __TI_ATRegion2_src_addr                                        
00000000  __TI_ATRegion2_trg_addr                                        
1000ada8  __TI_CINIT_Base                                                
1000adc0  __TI_CINIT_Limit                                               
1000adc0  __TI_CINIT_Warm                                                
1000ad88  __TI_Handler_Table_Base                                        
1000ad94  __TI_Handler_Table_Limit                                       
1000a551  __TI_auto_init_nobinit_nopinit                                 
1000a589  __TI_cleanup                                                   
30000c58  __TI_cleanup_ptr                                               
10009f39  __TI_closefile                                                 
10009e51  __TI_decompress_lzss                                           
1000a8dd  __TI_decompress_none                                           
1000a3c1  __TI_doflush                                                   
30000c5c  __TI_dtors_ptr                                                 
30000c60  __TI_ft_end                                                    
ffffffff  __TI_pprof_out_hndl                                            
100075bd  __TI_printfi_nofloat                                           
ffffffff  __TI_prof_data_size                                            
ffffffff  __TI_prof_data_start                                           
1000a5f1  __TI_readmsg                                                   
1000ad20  __TI_static_base__                                             
30000d94  __TI_tmpnams                                                   
1000a5bd  __TI_writemsg                                                  
1000a149  __TI_wrt_ok                                                    
1000a881  __TI_zero_init_nomemset                                        
1000ab20  __aeabi_ctype_table_                                           
1000ab20  __aeabi_ctype_table_C                                          
30000c64  __aeabi_errno                                                  
1000a901  __aeabi_errno_addr                                             
100065bf  __aeabi_ldiv0                                                  
1000a909  __aeabi_memclr                                                 
1000a909  __aeabi_memclr4                                                
1000a909  __aeabi_memclr8                                                
1000a925  __aeabi_memcpy                                                 
1000a925  __aeabi_memcpy4                                                
1000a925  __aeabi_memcpy8                                                
1000a8ed  __aeabi_memset                                                 
1000a8ed  __aeabi_memset4                                                
1000a8ed  __aeabi_memset8                                                
1000a86d  __aeabi_uldivmod                                               
ffffffff  __binit__                                                      
00006e48  __covrec_1023CC7A05D1C857                                      
0000a7c8  __covrec_10402DA83972EF70                                      
00008c98  __covrec_104F6490017D05A8                                      
0000dc48  __covrec_1050014C366CDFC3                                      
0001e5c0  __covrec_1067EFD43AC4737C                                      
000175b8  __covrec_106C0A8F47E4EBF5                                      
00010830  __covrec_10768CD58029E93A                                      
00013c60  __covrec_107802700ECD7C02                                      
0001e7a0  __covrec_107B128032F6DB3F                                      
00010060  __covrec_107E242441A6800E                                      
00021900  __covrec_10824BD04F6231E0                                      
00002f00  __covrec_1092B8100624D9D4                                      
0001a498  __covrec_10ACAC719BF92A02                                      
0000fa70  __covrec_10BF03AA020E03DC                                      
000044b8  __covrec_10CA7F544600EC40                                      
0001a358  __covrec_10D7C14A5E1269A                                       
000143b8  __covrec_10D83D798DF85215                                      
000096e8  __covrec_10DCB6C664939210                                      
00023048  __covrec_10DD02304F236F5B                                      
00009da0  __covrec_10E6C5023376B447                                      
0000ba38  __covrec_1118DB498456F053                                      
00009cb0  __covrec_111D4E659D1B9189                                      
0001fdd0  __covrec_1129F9D0907743CC                                      
000247e0  __covrec_11548A0C371099D9                                      
00021338  __covrec_1179DC1F40DF19BB                                      
00020f28  __covrec_117A6AE779833FFF                                      
0000b4c0  __covrec_1196CFAC20B75BA6                                      
00020960  __covrec_119935E492C58911                                      
00018440  __covrec_11E4D0BB9C3E8C30                                      
00025348  __covrec_11F13472B68456                                        
00004260  __covrec_11F6A586A2526EB1                                      
00012540  __covrec_1251A35A0970234D                                      
000123d8  __covrec_1252B6F62DA468CB                                      
0000c820  __covrec_125E1E45BC7C7C7C                                      
00018b48  __covrec_1267B4521C0A50E3                                      
00011230  __covrec_1279FBE51906932D                                      
0001c018  __covrec_12A84A218C9DEA06                                      
00000e58  __covrec_12AA3DA74F1C26EEu                                     
00025a50  __covrec_12B18424C859DF9D                                      
0001ffb0  __covrec_12B33D9FCAB5C7F6                                      
00008720  __covrec_12B55116E3FD43F0                                      
000202a8  __covrec_12BA5CE176C32DDC                                      
00002a50  __covrec_12E229EDAFE071B0                                      
00006ee8  __covrec_12E451D5FD4BC15C                                      
0000eff8  __covrec_12E9BF6B0F46696E                                      
0000fa98  __covrec_12FC52E2FA6342AA                                      
0000a020  __covrec_131051CC4F38C235                                      
00013ee0  __covrec_1313DC5687DCCBE4                                      
0001b960  __covrec_13150132607A5180                                      
0001a8f8  __covrec_1317F30DAB07CEFD                                      
00005de0  __covrec_1326CC56CE20C51C                                      
00020208  __covrec_132818003A70A7AF                                      
0001bcf8  __covrec_133B487217BB2E5A                                      
00016488  __covrec_133E6E5754396960                                      
000251b8  __covrec_134F21299CF91075                                      
00024538  __covrec_13672E230F457DC9                                      
0000f228  __covrec_13842304A753553A                                      
000252a8  __covrec_13941B1E936B73E2                                      
00005458  __covrec_13BC69C874A21492                                      
0000e788  __covrec_13CC0386C0FE26A4                                      
0001a308  __covrec_1409994ABADCA9DB                                      
00017888  __covrec_140C87832FFAF923                                      
0000bd08  __covrec_1425568313A5D00B                                      
0000f908  __covrec_143D8864B88EC7                                        
0001c1f8  __covrec_14465F9D45D58042                                      
0000eee0  __covrec_144A7CB8F7A34D88                                      
0001a880  __covrec_149ACD14E0572626                                      
000080e0  __covrec_14C66619ED0A4EB0                                      
00022440  __covrec_14C7D3D01E57A504                                      
0001b758  __covrec_14C92017E2A5AC67                                      
00004878  __covrec_14CDC761CF8E9A58                                      
00018b70  __covrec_14D1DCA4E67C18C5                                      
00021978  __covrec_14FA4B69117446C1                                      
000219c8  __covrec_14FF88AAFCD7D57D                                      
0000e670  __covrec_150479F9E5FBD7D8                                      
00023d90  __covrec_150B89D347BC7E6E                                      
00002910  __covrec_15119103588495AB                                      
000015d8  __covrec_152673F38A78F1AC                                      
0001a628  __covrec_1528E95DCB01A67C                                      
00014520  __covrec_153C71C9353F6537                                      
00023f98  __covrec_1540C2C144B9922B                                      
000180d0  __covrec_15599278F6628FD9                                      
000119d8  __covrec_1559A753CBCD912                                       
00007d48  __covrec_155BF15AF1725543                                      
00021180  __covrec_15699B8DF7CF109F                                      
00024e70  __covrec_157321A8C10AC04E                                      
0000c5c8  __covrec_1592E9D9A7BE6E81                                      
00001308  __covrec_15A4E099EF3F0308                                      
0001ce50  __covrec_15A6988EB176291B                                      
0001fad8  __covrec_15B0477F91E5A15B                                      
0000e170  __covrec_15BDA8DF4B9F7AFD                                      
000005a8  __covrec_15D3266DA7E8B312u                                     
00025a28  __covrec_15D8AD984765CE7C                                      
00019c78  __covrec_15E9C88B8913D74B                                      
0001b898  __covrec_15EBD46F714DA966                                      
000046c0  __covrec_15FEB5EC406DF1C0                                      
0001f380  __covrec_1607E55D10EC504D                                      
0001ee30  __covrec_161C5CCBB18E3472                                      
0001d558  __covrec_162CFD0A1B796938                                      
0001cdd8  __covrec_163C92947DFA7B45                                      
00009710  __covrec_164B00CE41411A39                                      
0001eca0  __covrec_1658A1CFEC8A9371                                      
0000f048  __covrec_1665DF5ABC7F9702                                      
00023868  __covrec_16674943AE982D61                                      
00013c88  __covrec_166C82B5B146B5D7                                      
00018530  __covrec_168493D43873B111                                      
0001b208  __covrec_16A0659A24000E67                                      
00006cb8  __covrec_16A0BDFF873D0C33                                      
00022ff8  __covrec_16BDE21014ED2C1                                       
0001b370  __covrec_16D434825183503F                                      
0001cc48  __covrec_16D70E5A69A3760A                                      
0001d7b0  __covrec_16EB4AA73251958E                                      
00015380  __covrec_16F02D052FF565BE                                      
0000e3c8  __covrec_16F72906FF25664                                       
00018508  __covrec_1707DC81A21DBC1C                                      
0001f150  __covrec_171317B20F4BC1DB                                      
000042b0  __covrec_1729B897EC3E9D55                                      
000145e8  __covrec_172B59B25D72358A                                      
00018990  __covrec_17302E52AA89C0CD                                      
00020b68  __covrec_17309D8202C86DB3                                      
0001e728  __covrec_1740AFC189A8EDA2                                      
000148e0  __covrec_174915AB4E2EDF5C                                      
00004170  __covrec_174B483BF1D4D3A2                                      
00018120  __covrec_174F15FCCDC74864                                      
00025aa0  __covrec_1759666B8765F80D                                      
00007438  __covrec_1763AD381E08C727                                      
0001ee58  __covrec_1796D1C61F0D17A8                                      
000099e0  __covrec_17970B130FF0A350                                      
0000b768  __covrec_17AC65D73DB46C93                                      
0000a340  __covrec_17C9E801F312B3E3                                      
0001e6b0  __covrec_17DAEC6AFA72F54C                                      
00014cf0  __covrec_17E07C5FF5F82422                                      
0001bb90  __covrec_17E08951EDF009B4                                      
00010d80  __covrec_17EC8A2818E12476                                      
000066f0  __covrec_17F0AF440FB2ACF1                                      
0001d0a8  __covrec_17F1308C877F8432                                      
00014688  __covrec_17F9955224B25587                                      
00002730  __covrec_180013410BE335D6                                      
00000158  __covrec_1818E437BF5521D7u                                     
0001ace0  __covrec_182EBC3292D8B057                                      
00011140  __covrec_183836D30B814024                                      
0000e850  __covrec_184C1E86679BF82F                                      
0000b4e8  __covrec_186202DA69309C07                                      
00007668  __covrec_1866A87733095610                                      
0001a718  __covrec_1881D5B34314DF64                                      
0001c428  __covrec_18A4EB207556A42C                                      
00023570  __covrec_18ABC13FAC28025C                                      
00023e80  __covrec_18AC38AE70A94599                                      
00018a58  __covrec_18ACAD82B94D6601                                      
000189b8  __covrec_18ACCAC5D58EF3D4                                      
00001d30  __covrec_18B5601698497F65                                      
0001b780  __covrec_18C79462758238BA                                      
00020758  __covrec_18C7DFC85F74DF88                                      
0000dbf8  __covrec_18C94DA6BFD92430                                      
0000a570  __covrec_18CE6F0F4C02E579                                      
0000e300  __covrec_18D99E5A4092CA78                                      
0001add0  __covrec_18DDFB0FE08ED969                                      
0000b8a8  __covrec_18FAC92170EF791                                       
0001c658  __covrec_1908F0908D2CBF18                                      
00006c18  __covrec_191635B89B7328D6                                      
0001b028  __covrec_191831FA0CEE1893                                      
00006678  __covrec_19218F8744BE11D9                                      
000103a8  __covrec_1928DA071D707E66                                      
00017ce8  __covrec_192A7CE8DD30AE20                                      
00002d70  __covrec_192ECA18318C91FA                                      
0001ad30  __covrec_1930B2CB90352D46                                      
00001600  __covrec_1932E15BF73661EF                                      
00007410  __covrec_193CFD98E9659D5A                                      
0000bec0  __covrec_194C16AF4D18B8CA                                      
00006358  __covrec_196DB9D71049E839                                      
0000bab0  __covrec_197045DF44ECF7D5                                      
00002938  __covrec_1977E031DC3B2F52                                      
00005db8  __covrec_19963FE64510D88A                                      
00020370  __covrec_19B8727C1D4ABDAE                                      
0000f368  __covrec_19DCEAAFD5634AA2                                      
00022878  __covrec_19E75B9307F97AB0                                      
00022eb8  __covrec_19F06ABB5A28AA72                                      
0001daf8  __covrec_19FA784ADD838849                                      
00002028  __covrec_1A019B76C9A43D2B                                      
00004a08  __covrec_1A03CA54CF0E3DB3                                      
00006790  __covrec_1A0E2586852E51BE                                      
00024920  __covrec_1A0F7EC2AC44F654                                      
0000f3e0  __covrec_1A123BE70171CEE9                                      
0001c4c8  __covrec_1A22B483B14D442                                       
00014d68  __covrec_1A3FA77D293B3485                                      
00025000  __covrec_1A4544BED21CEB2C                                      
000056b0  __covrec_1A4B0EF37CF9A1C9                                      
00002500  __covrec_1A5E905A46241ED1                                      
0001d648  __covrec_1A6E887ACACAFF76                                      
00012978  __covrec_1ACAEDDCBD157E0B                                      
00008978  __covrec_1ADEFB3B78C34D97                                      
0000adb8  __covrec_1AE5F64B805AD839                                      
00016118  __covrec_1AE60D0DA8D77CF0                                      
0001c9c8  __covrec_1AF6215EE93D46D6                                      
00022a80  __covrec_1AFE6ECE1BD6F5C2                                      
0001bd98  __covrec_1AFE76699DCE6D3D                                      
000083b0  __covrec_1B0CDB4B47E806F1                                      
0001b708  __covrec_1B0D2750B34B1703                                      
00005ac0  __covrec_1B10749F3D1BDA81                                      
000077d0  __covrec_1B1077DDD062D6BA                                      
0000c870  __covrec_1B12B13B66AE8ADA                                      
0000ec60  __covrec_1B3B162B0775227C                                      
0000d568  __covrec_1B6F8A0108E064E7                                      
00017568  __covrec_1B9CA30A65B78731                                      
00014700  __covrec_1BC9AF92F5A17ABA                                      
0001e7f0  __covrec_1BD34071CFA619DA                                      
00025af0  __covrec_1BEE14838B08B7EA                                      
0001f880  __covrec_1BFF9732B2DAF38C                                      
0000e878  __covrec_1C0F07FFFEEA0FBB                                      
00004fd0  __covrec_1C1BC28BACB5856B                                      
0000b2e0  __covrec_1C2B198FC7EBDDF7                                      
00011f28  __covrec_1C4FD3B56D06C944                                      
0000d130  __covrec_1C582A5AF6E3150C                                      
00008fe0  __covrec_1C5CF3C4ECC0EE0B                                      
00012cc0  __covrec_1C82476001C377C6                                      
00003298  __covrec_1C8A1F63ED89F79                                       
000055c0  __covrec_1C90FF594F1532E                                       
0001ac18  __covrec_1CA1AE9514CE36B4                                      
00025078  __covrec_1CABCD001BB8A2D4                                      
00015178  __covrec_1CC14C8A376E03E3                                      
00007a28  __covrec_1CD190FD80988AF5                                      
00021770  __covrec_1CD6F65EDB220D52                                      
0001b0f0  __covrec_1CE8FD9CC832CE68                                      
00023548  __covrec_1D03C489628EC74D                                      
00001f88  __covrec_1D0CA07040E30BCF                                      
00004e40  __covrec_1D10719491E443B4                                      
0001c518  __covrec_1D1393F256C668B4                                      
0000b178  __covrec_1D250A74110FC001                                      
00001ec0  __covrec_1D27FB41EF35B07A                                      
00006d08  __covrec_1D32141B314A8162                                      
00018058  __covrec_1D5453C0FE32606E                                      
00021b58  __covrec_1D69454E4585F9FA                                      
00019ef8  __covrec_1D8009E1123EFE18                                      
0000b830  __covrec_1D99720D3CBE8A1D                                      
00018210  __covrec_1DA2DF1D9481285F                                      
00020c08  __covrec_1DBD55CB071CE798                                      
00010628  __covrec_1DCB49A9D1BBA860                                      
00012ec8  __covrec_1DCD81F017A9227E                                      
00012388  __covrec_1E21AFFA23EEE61D                                      
00020780  __covrec_1E5D0BA266A05409                                      
00001268  __covrec_1E82A23A891FE3B9                                      
00003db0  __covrec_1E952C354BD3611                                       
00021540  __covrec_1E967D82AE57104C                                      
0000bc90  __covrec_1EA181142C714AF8                                      
00020e60  __covrec_1EB10222D35B87B9                                      
00023110  __covrec_1EC243A73359BD5F                                      
00006b50  __covrec_1EC71A979B1CE770                                      
000241f0  __covrec_1ED2390858C3EB64                                      
00021bf8  __covrec_1EE4D15989A2B4E4                                      
0001ec50  __covrec_1EF1FB822FC56A69                                      
00004968  __covrec_1EF5A533E38799C1                                      
0001b988  __covrec_1F323AB5CF4D4A72                                      
00001dd0  __covrec_1F34AE96C4E2574A                                      
000166e0  __covrec_1F4169E57C49DBAC                                      
000233e0  __covrec_1F54DD07CE6E3CC3                                      
00003b58  __covrec_1F597DFC14A00405                                      
0000f4d0  __covrec_1F5FF66F2D36986F                                      
00019598  __covrec_1F81DC0331A088EE                                      
0001d260  __covrec_1F9CF73C50D6AB19                                      
00011af0  __covrec_1FA6E95E81D2BC69                                      
00002ca8  __covrec_1FA7387FB7B19C91                                      
00020870  __covrec_1FC1559D82C02D42                                      
00008f90  __covrec_1FE8C1295838AB9C                                      
00008b58  __covrec_200DE2E8A931B281                                      
00023c50  __covrec_201277E0AA6EE9F3                                      
00021450  __covrec_2046BE57FB3E054C                                      
0001a100  __covrec_20502D4EF27C8C51                                      
00007898  __covrec_2051F2ACEA60C416                                      
0000ca00  __covrec_20725E2B0E397AAC                                      
00012dd8  __covrec_2085379822B935D7                                      
00019f98  __covrec_208E88AD446ED6FF                                      
00008e78  __covrec_20945B95C233A5CF                                      
00002e88  __covrec_20A01B11E4708E4E                                      
0001da30  __covrec_20C5FBED395A9EDE                                      
00009670  __covrec_20DCF9E5285841FB                                      
00002528  __covrec_20E663181C30151A                                      
0001d5f8  __covrec_20F4440F1638C2A5                                      
00007618  __covrec_211D000549D8B184                                      
0001f1c8  __covrec_212223448B5B81B9                                      
00002488  __covrec_2126C1FB6C34FAF8                                      
0000c500  __covrec_213C2F2638E0A11                                       
0000cb68  __covrec_214801789E487993                                      
00009558  __covrec_21513C44CAC6645D                                      
00005e08  __covrec_2151B3D4C84EC997                                      
00010ba0  __covrec_2161A3B1BD2A2053                                      
000211d0  __covrec_216718CA83AD3AF2                                      
00020848  __covrec_2175477B7920D59E                                      
00009b48  __covrec_217D053E655FC1D9                                      
0001a1c8  __covrec_217DB9DBC67C1EFE                                      
0001d198  __covrec_219DAFA81AFAA2FB                                      
00006da8  __covrec_21CC17C6CFE2A7EE                                      
00021388  __covrec_21D48F08684C7774                                      
000036d0  __covrec_221AE175728F3FBF                                      
00025910  __covrec_222CA9EC1B745CD9                                      
0001b140  __covrec_2239F1A9CC961427                                      
0000b790  __covrec_2252F8206698E2E2                                      
00009d50  __covrec_22579C75D90CA500                                      
0000ffc0  __covrec_227F1BE9C034CC8                                       
00007398  __covrec_22825F062D9E4D84                                      
000191d8  __covrec_2286D5FF0FC802ED                                      
0000ae30  __covrec_228932116B473594                                      
0001fb00  __covrec_228B4DCEDE67C9E2                                      
00018c60  __covrec_22AA610D5E826481                                      
00014408  __covrec_22D092EAE16D02EF                                      
00007c08  __covrec_22D79D37A01B51B4                                      
00024010  __covrec_22E2236BC99304F9                                      
00011b40  __covrec_22E8BACF027D0D96                                      
00007be0  __covrec_22EC965E43476600                                      
00019ed0  __covrec_22F1260B2ECCC08F                                      
0001df30  __covrec_22F2AD01BBE54AC3                                      
00009238  __covrec_22F835699BB190E6                                      
0000ce10  __covrec_22FFAC652868EC1B                                      
000061c8  __covrec_22FFCF4797880387                                      
0001a380  __covrec_230E01EBA14683DA                                      
0000e418  __covrec_2318CB96E0D7FBDF                                      
000065b0  __covrec_23211AC245E81FCF                                      
00008db0  __covrec_234EE0E1795EE358                                      
000087e8  __covrec_2351F88F127D0B46                                      
000154e8  __covrec_2356CFAA058BDA63                                      
000021b8  __covrec_2376911973C8E37F                                      
00011c80  __covrec_23896F9D7125DE20                                      
00016fa0  __covrec_23A2723218FB953F                                      
00012ea0  __covrec_23B8B76DBA939AFC                                      
0000b998  __covrec_23B9D0BBC3C9C419                                      
00023d40  __covrec_23BA94AFA28E8B44                                      
00019458  __covrec_23BDC91C28D00DEB                                      
000073c0  __covrec_23C8C5FB2F55EE3D                                      
00007168  __covrec_23CF7FB8C820AD55                                      
0000b678  __covrec_23E03697AF9F17                                        
00004eb8  __covrec_23E510DF166BAA0F                                      
0000cb90  __covrec_240B8C78BE440450                                      
0000afe8  __covrec_24139CB0AAB818CA                                      
0000bf88  __covrec_241D8ADD5598FF48                                      
000081d0  __covrec_241F95B03750FC54                                      
00014318  __covrec_2429638F3104CEC6                                      
00002a28  __covrec_242FE1ED062E40D7                                      
00015358  __covrec_245CEEBD24015B1F                                      
0001f790  __covrec_245EBA72A5A0F5EB                                      
000029b0  __covrec_2463E7E08DECF3B1                                      
00008158  __covrec_2472C6E6F1979D9C                                      
00010880  __covrec_2479BFEDD49CEA10                                      
00004b20  __covrec_248C2ECBED5DA60E                                      
00001768  __covrec_24B4A20E236ECDA9                                      
0000a2a0  __covrec_24BA09EF1295DB82                                      
00015d58  __covrec_24C869B71C1745EC                                      
0001eb60  __covrec_24CD7D1265135F07                                      
0001e9d0  __covrec_24D4168F36768F8A                                      
000144d0  __covrec_24D80F5FFDB3B16                                       
000177e8  __covrec_24DBDAA504A8EB                                        
0001b2d0  __covrec_24DC5A464E150DEB                                      
000026e0  __covrec_2503759EB6E90E14                                      
0000cc58  __covrec_25211AC592F1B24D                                      
00025460  __covrec_2548E4241C41D4AC                                      
000073e8  __covrec_2559E87E705DE4E8                                      
00017838  __covrec_25644B6D8D9339A2                                      
00002bb8  __covrec_2576A8E7DA3C4429                                      
00019660  __covrec_2597CFE535DF7925                                      
00016230  __covrec_259FE72B02F982E3                                      
00007b68  __covrec_25A02A98D579BC42                                      
00009e90  __covrec_25A1744F7E491383                                      
00005750  __covrec_25AC24018D5EACDA                                      
00007fc8  __covrec_25B21FDD2A2C0C28                                      
000174c8  __covrec_25B72A3D7BD5840F                                      
00024600  __covrec_25D863D26F29F221                                      
000185d0  __covrec_25E129209C6D6E08                                      
00014070  __covrec_260485F951D8CFA2                                      
0000aae8  __covrec_260F8D527C914AD5                                      
0000c668  __covrec_2652DE4F588E91C7                                      
00005700  __covrec_265336C6F754143E                                      
00009c10  __covrec_2655E42FAFEF6E24                                      
000158f8  __covrec_2662EFE42B16DEE1                                      
0000e1e8  __covrec_269E9C49857D1D7                                       
00010560  __covrec_26B99E7C3A35A5E                                       
00023f70  __covrec_26BDD9085FF96DA5                                      
00008900  __covrec_26CA93B1FEFF3383                                      
00001c40  __covrec_26D61B7BC567FF8D                                      
00013260  __covrec_26E35E4EA55A9CF7                                      
000234a8  __covrec_26F7BD59BDABA46                                       
0000f9f8  __covrec_270180F9A20C27B3                                      
00004080  __covrec_273367FF0B0C704A                                      
00007f50  __covrec_274B8E95EB0A15C3                                      
0000bba0  __covrec_27645499F8F54F62                                      
000255c8  __covrec_276B3C7F132E7949                                      
000033b0  __covrec_2784C98FB2C61B35                                      
00024ab0  __covrec_278B19F5D60C3947                                      
00009f30  __covrec_27A4B3616955A6F                                       
0000d298  __covrec_27B4BC43331D1EBF                                      
000090a8  __covrec_27C5FBC67E1E9384                                      
0000b9e8  __covrec_27D202FA0925643E                                      
00019048  __covrec_27F653CEA4118248                                      
00016870  __covrec_280C086A8D3E033A                                      
00005f70  __covrec_28227E36A3652689                                      
00011d20  __covrec_2848607F140931FE                                      
00004800  __covrec_286F08361C23B524                                      
0000b6a0  __covrec_28722DC9A6A7A0F6                                      
0000a9a8  __covrec_287AFB0659407C85                                      
00003568  __covrec_28A88C4B23B3DE0C                                      
0001f330  __covrec_28CAF5403BA112D7                                      
00002190  __covrec_28F838F4FFA4FD95                                      
000126a8  __covrec_28FF43AB01D6D62B                                      
0000cf28  __covrec_291BF149A80F941B                                      
00010b78  __covrec_296B1E3A98D34CB9                                      
00001178  __covrec_2993E999C1AB99A6                                      
0001f510  __covrec_299EDB45E19271B                                       
0001a240  __covrec_29CB61A807DB331C                                      
00011668  __covrec_29D8B71BD559BBF3                                      
00024b50  __covrec_29FD4C6F37BB673F                                      
00004e90  __covrec_2A18EBC22827A358                                      
0001ed68  __covrec_2A1CAF1263274BD9                                      
000000d8  __covrec_2A33AB353E6B969Cu                                     
0000b7b8  __covrec_2A41FEA703D30DF4                                      
00007190  __covrec_2A48D82C22C342B1                                      
00006920  __covrec_2A4E43D163C7CA25                                      
00011348  __covrec_2A51027837DE5F93                                      
000151f0  __covrec_2A5F24567CA81B28                                      
00024308  __covrec_2A658EA1206C62D6                                      
00017ec8  __covrec_2A736453A4775CC3                                      
00014e80  __covrec_2A8B557658325237                                      
00025320  __covrec_2A91C3E5F45518F9                                      
00012900  __covrec_2AAFCC3441F0DFEE                                      
00008658  __covrec_2ACF0A1C80694F81                                      
00013e90  __covrec_2ADD8BD0BF6DAA7F                                      
000206b8  __covrec_2AFC953AB3BFA4B3                                      
00018918  __covrec_2B07AC81363554B8                                      
0000bce0  __covrec_2B0C684798037F31                                      
000101f0  __covrec_2B21FDB0898CB54C                                      
0001fd08  __covrec_2B3D97B203BD5320                                      
00002c58  __covrec_2B488ECCDCF47FFF                                      
000130f8  __covrec_2B48BD4D4528BC6B                                      
000199d0  __covrec_2B5FFCF4F8CB86BC                                      
0001aba0  __covrec_2B68E5DDE2E9662B                                      
000166b8  __covrec_2B9D588B68FFC9FD                                      
00014278  __covrec_2B9ED78528214928                                      
0000dec8  __covrec_2BAF6C2AC62493AD                                      
0000efd0  __covrec_2BD1359FDD101FCE                                      
0001c900  __covrec_2BE6C0B46C211135                                      
00004440  __covrec_2BEFC0F69E8C164F                                      
00005980  __covrec_2BFA2B19470B5649                                      
00012130  __covrec_2BFAB7D19AEBB05D                                      
00024560  __covrec_2C177686F2932C2C                                      
00004d78  __covrec_2C1908626EFF2248                                      
0000ff98  __covrec_2C3952B744454935                                      
0001a1f0  __covrec_2C5B3AD84DE89A09                                      
00012e50  __covrec_2C6190218231AAE                                       
000059d0  __covrec_2CB2CC2E755D6E7A                                      
0000d108  __covrec_2CC5600C3338903C                                      
000048a0  __covrec_2CCEAFF426DA2370                                      
00000d70  __covrec_2CD6ABA464D7A0E6u                                     
000016a0  __covrec_2CEBCEAD59C06249                                      
00001010  __covrec_2CFBFE4C32D0AD99                                      
0001a650  __covrec_2D0041D38F4C7BA8                                      
00014f20  __covrec_2D13BBFC3A449323                                      
00022850  __covrec_2D1E6856B3061151                                      
00024fd8  __covrec_2D2B2BAF1BAC8BDA                                      
0001d3c8  __covrec_2D3B4279E82844EA                                      
00024768  __covrec_2D4D821B616E6924                                      
00012c20  __covrec_2D5FE959D5649960                                      
000156a0  __covrec_2D61228427B0BF14                                      
00024948  __covrec_2D723378264E6A7                                       
00021018  __covrec_2D7A7904D991C2E0                                      
00009fd0  __covrec_2D7E40FCFD4CEF04                                      
000131c0  __covrec_2D8335BE80CFA7D7                                      
00010128  __covrec_2D85FFE97F3D8181                                      
00022e90  __covrec_2D8A3E6347FF950C                                      
00006538  __covrec_2D929E1AD9F70BDE                                      
0001dcb0  __covrec_2D99555663CB507E                                      
0001e1d8  __covrec_2DA3C7F5F3A1833F                                      
00006a38  __covrec_2DBF5C9EF92503AF                                      
000076b8  __covrec_2DC1AD7C09215E88                                      
0000e698  __covrec_2DD031E3D180C5AB                                      
00016348  __covrec_2DD25A1E0605CEF0                                      
000212e8  __covrec_2DDC7AACECA4585A                                      
00023200  __covrec_2DECA8561F707322                                      
0001bbe0  __covrec_2DF772145F02FC49                                      
000085e0  __covrec_2E0020B83E65DC90                                      
000039a0  __covrec_2E102BB14031DE56                                      
00005958  __covrec_2E17DA251BD4721A                                      
0000ad90  __covrec_2E1D0A9C988A2372                                      
00004c10  __covrec_2E3564B73E7D0DB1                                      
0001aa38  __covrec_2E3C982E9C9C353                                       
00007230  __covrec_2E3ED51A9B7163D1                                      
00017860  __covrec_2E459FB28F5F2122                                      
00005a20  __covrec_2E56886CD3F08EAC                                      
0001ea20  __covrec_2E6EC07223ED40B7                                      
00019840  __covrec_2E714EFCCE61715E                                      
00004cd8  __covrec_2E7FB90635C14D77                                      
00023e58  __covrec_2EB222C72903A525                                      
00006128  __covrec_2EB290531E37A7B3                                      
0000c2a8  __covrec_2EE7EA86F3C2FDED                                      
00006830  __covrec_2F0EABD5585F9463                                      
000104c0  __covrec_2F11A7C450D43A5A                                      
00023e08  __covrec_2F22268672A76EE3                                      
00016320  __covrec_2F298529E754A752                                      
0000ab38  __covrec_2F431A39AD26567C                                      
00003838  __covrec_2F891DC39CD76AA0                                      
000006e0  __covrec_2FF7B4984425CC0u                                      
00002078  __covrec_301D12FD89EDAFF6                                      
00013170  __covrec_301D43B3351EFB29                                      
000046e8  __covrec_301E254B6696032F                                      
0000caa0  __covrec_301E9008487A8E5A                                      
00003248  __covrec_302CFBA3FEA8284C                                      
00015e70  __covrec_302F2AC2878AEE63                                      
00024358  __covrec_303E360AA0461E56                                      
0001f920  __covrec_3060B93F85E68B18                                      
0000f570  __covrec_3078C071207D5A9A                                      
00024970  __covrec_307BB5214E98EBCB                                      
0000c208  __covrec_3085D5A32F63C05B                                      
00003630  __covrec_3094C4A52E876901                                      
0000dc70  __covrec_30956D0D6E9E0D04                                      
00022cb0  __covrec_30A6073BD61E816A                                      
00009b70  __covrec_30B597955BA6320C                                      
00021658  __covrec_30B5CF75E7DDB3BE                                      
0001b5f0  __covrec_30B7C7B021FF32BD                                      
00004850  __covrec_30C534B1918EDF43                                      
000247b8  __covrec_30C72D90FAAB52FA                                      
00024d30  __covrec_30E2ED287923C2A1                                      
00002ff0  __covrec_30ED20BD6FD75E93                                      
00019098  __covrec_30ED4319F76DB893                                      
00023a20  __covrec_30F8FDE14BEBA5C3                                      
0001d468  __covrec_30FBE63F83B9D1D                                       
00022738  __covrec_30FFBF09B05F3927                                      
0001ee80  __covrec_30FFD4E1DBF1C36F                                      
00001678  __covrec_310734427A5C2FF7                                      
000027d0  __covrec_3119748A40B8FD21                                      
00007208  __covrec_3119EA9C51EB645A                                      
00009580  __covrec_31275655330CBBD9                                      
0001ac68  __covrec_3129FF84AE3F76E2                                      
00000200  __covrec_312A4BFE34759836u                                     
0000dab8  __covrec_312B4A80325F8BEE                                      
00020c30  __covrec_31384D9C1FCD85B5                                      
0000ec38  __covrec_315C29ED72804039                                      
00018788  __covrec_3163B63F3B49E158                                      
00022288  __covrec_31723A59EE01CB6F                                      
000106a0  __covrec_318F9B2B6AA9E76F                                      
0000eb98  __covrec_319B19E57F9F05E2                                      
00013e40  __covrec_31B0598EDF1F8AA0                                      
000149d0  __covrec_31B1F8CB4704B234                                      
0000cca8  __covrec_31C2D018DFB3186C                                      
000249c0  __covrec_31DC30DDC7036A3C                                      
00021248  __covrec_31DC7ECBF26839AC                                      
00005cf0  __covrec_31F758E3603BA0E2                                      
0001a948  __covrec_31F7B8F147936BE1                                      
0000d270  __covrec_31FAB2036533CBB5                                      
00017b30  __covrec_31FD0D502C5066BA                                      
00025ac8  __covrec_3218CEAEDF4FBA00                                      
00020230  __covrec_321A183A8097BE95                                      
00018300  __covrec_322133A61A45AB4E                                      
00001650  __covrec_322F74AC64654F73                                      
0001fba0  __covrec_324DA2EC0B259559                                      
0001e020  __covrec_325BB6249AC215ED                                      
00017608  __covrec_328AFB179A26404D                                      
00020ed8  __covrec_328C937DCC0945C6                                      
00017630  __covrec_329ACE27EDB24189                                      
00015fd8  __covrec_32E8DB488C68B78D                                      
00009a58  __covrec_32F0BABD12598782                                      
00015a88  __covrec_32F0D770382D1DA9                                      
00006880  __covrec_33039D8C38F74131                                      
000183c8  __covrec_33066D15E3040297                                      
[...]
00024e98  __covrec_80F12DDB53016D40                                      
00024ec0  __covrec_7149D062015CF471                                      
00024ee8  __covrec_FEEDC4A55B8BFBDD                                      
00024f10  __covrec_DEE1C41A02EED5C4                                      
00024f38  __covrec_A52E9CCCE269F017                                      
00024f60  __covrec_59F98C605AC61246                                      
00024f88  __covrec_ADE3F00B66E34EBB                                      
00024fb0  __covrec_F977D804E2DE5C3E                                      
00024fd8  __covrec_2D2B2BAF1BAC8BDA                                      
00025000  __covrec_1A4544BED21CEB2C                                      
00025028  __covrec_5F9688E4D5455A4F                                      
00025050  __covrec_DFE73B7B1021BC7A                                      
00025078  __covrec_1CABCD001BB8A2D4                                      
000250a0  __covrec_BE4C15D3B32B067C                                      
000250c8  __covrec_FD9DA43F75BC40F9                                      
000250f0  __covrec_A867A2AB552AD431                                      
00025118  __covrec_AA40C52F613ED07F                                      
00025140  __covrec_A18395C77B6C122B                                      
00025168  __covrec_80A470E2383756C7                                      
00025190  __covrec_41297A6DA905A84F                                      
000251b8  __covrec_134F21299CF91075                                      
000251e0  __covrec_871145ED86CD1F0                                       
00025208  __covrec_BE385D0749AA9AC6                                      
00025230  __covrec_5B3116183A6F0466                                      
00025258  __covrec_D4626EC386D868E0                                      
00025280  __covrec_731B204584E19236                                      
000252a8  __covrec_13941B1E936B73E2                                      
000252d0  __covrec_9D8BCDECE7C49ABE                                      
000252f8  __covrec_4DAE465C3086FC76                                      
00025320  __covrec_2A91C3E5F45518F9                                      
00025348  __covrec_11F13472B68456                                        
00025370  __covrec_7B0291F67719FE1E                                      
00025398  __covrec_6822925391E24728                                      
000253c0  __covrec_9BE0DEA223C84842                                      
000253e8  __covrec_A974A80756D49DB9                                      
00025410  __covrec_E1A5B2CA3303A7AC                                      
00025438  __covrec_CECC738F131939BC                                      
00025460  __covrec_2548E4241C41D4AC                                      
00025488  __covrec_D586C93DA51AE2EF                                      
000254b0  __covrec_9D7FE2815054410B                                      
000254d8  __covrec_BF0525D0545F407D                                      
00025500  __covrec_CED9A24C87C67E33                                      
00025528  __covrec_BBC1B71FF0D6E9B7                                      
00025550  __covrec_E66B7ADE829927E1                                      
00025578  __covrec_CCA1F12623A87E34                                      
000255a0  __covrec_693DE5C38757BCA9                                      
000255c8  __covrec_276B3C7F132E7949                                      
000255f0  __covrec_A359454EB6553D3C                                      
00025618  __covrec_AC331E4603C5064F                                      
00025640  __covrec_6B6CF2E8B51150E7                                      
00025668  __covrec_FC4C0F69166A5CA                                       
00025690  __covrec_9988F745693DE43F                                      
000256b8  __covrec_F2FDFE424BC57950                                      
000256e0  __covrec_D946AFFF68D80E46                                      
00025708  __covrec_77E8D9E82E558C56                                      
00025730  __covrec_E6BC0395B465B060                                      
00025758  __covrec_B5717455E0C92E77                                      
00025780  __covrec_7BCD1EAB9F4C3537                                      
000257a8  __covrec_4636F542C7B57A00                                      
000257d0  __covrec_7D40DEB2329FBEA7                                      
000257f8  __covrec_812471B10D40FFA1                                      
00025820  __covrec_8348022D202C8AC0                                      
00025848  __covrec_CDBEC65CA76225B3                                      
00025870  __covrec_74886A0737907A5C                                      
00025898  __covrec_676F8970FE61FFB9                                      
000258c0  __covrec_4436F28390350551                                      
000258e8  __covrec_346C6355D054AFA7                                      
00025910  __covrec_222CA9EC1B745CD9                                      
00025938  __covrec_C37F4325D39AA6F4                                      
00025960  __covrec_AD1A311A8594BE7E                                      
00025988  __covrec_C1879FA7C346EBC                                       
000259b0  __covrec_749663B955003AA6                                      
000259d8  __covrec_D65B84EB5603889D                                      
00025a00  __covrec_A3B838279DB1FA53                                      
00025a28  __covrec_15D8AD984765CE7C                                      
00025a50  __covrec_12B18424C859DF9D                                      
00025a78  __covrec_913EA166209F947B                                      
00025aa0  __covrec_1759666B8765F80D                                      
00025ac8  __covrec_3218CEAEDF4FBA00                                      
00025af0  __covrec_1BEE14838B08B7EA                                      
00025b18  __covrec_60E17CA99ACCDE1D                                      
00025b40  __covrec_9C1F00C8590A33A7                                      
00025b68  __covrec_E3820D34BA47BB77                                      
00025b90  __covrec_F442D8DCEFB37265                                      
00025bb8  __covrec_63D8F0E07CCD453E                                      
10000000  interruptVectors                                               
10000121  TFT_Init                                                       
100065bf  __aeabi_ldiv0                                                  
100065c1  main                                                           
100075bb  _nop                                                           
100075bd  __TI_printfi_nofloat                                           
10007e01  TFT_SetAddressWindow                                           
1000820d  TFT_DrawChar                                                   
100085c5  TFT_ReadID                                                     
100088a9  strcmp                                                         
10008b7d  TFT_FillRect                                                   
10008e59  TFT_FillScreen                                                 
100090b1  TFT_ReadRegister                                               
100092d1  TFT_WriteData16                                                
100094cd  SYSCFG_DL_initPower                                            
1000961b  SYSCFG_DL_GPIO_init                                            
10009745  aligned_alloc                                                  
10009745  memalign                                                       
10009851  fputs                                                          
1000994d  free                                                           
10009a29  setvbuf                                                        
10009b01  SYSCFG_DL_SPI_1_init                                           
10009bcb  SYSCFG_DL_SYSCTL_init                                          
10009c7d  __udivmoddi4                                                   
10009d2d  memcpy                                                         
10009dc9  fputc                                                          
10009e51  __TI_decompress_lzss                                           
10009ec5  memset                                                         
10009f39  __TI_closefile                                                 
1000a015  fseeko                                                         
1000a07d  getdevice                                                      
1000a0e5  HOSTrename                                                     
1000a149  __TI_wrt_ok                                                    
1000a1a9  close                                                          
1000a209  printf                                                         
1000a269  HOSTlseek                                                      
1000a2c1  HOSTopen                                                       
1000a319  HOSTread                                                       
1000a36d  HOSTwrite                                                      
1000a3c1  __TI_doflush                                                   
1000a411  DL_SPI_init                                                    
1000a459  HOSTunlink                                                     
1000a49d  atoi                                                           
1000a4dd  HOSTclose                                                      
1000a519  sprintf                                                        
1000a551  __TI_auto_init_nobinit_nopinit                                 
1000a589  __TI_cleanup                                                   
1000a5bd  __TI_writemsg                                                  
1000a5e7  C$$IO$$                                                        
1000a5f1  __TI_readmsg                                                   
1000a621  exit                                                           
1000a651  SYSCFG_DL_init                                                 
1000a67d  finddevice                                                     
1000a6a9  lseek                                                          
1000a6d5  unlink                                                         
1000a701  write                                                          
1000a77d  DL_SPI_setClockConfig                                          
1000a7a5  _c_int00_noargs                                                
1000a7c9  memccpy                                                        
1000a7eb  Reset_Handler                                                  
1000a825  ADC0_DCOMP_IRQHandler                                          
1000a825  ADC0_SEQ0_IRQHandler                                           
1000a825  ADC0_SEQ1_IRQHandler                                           
1000a825  ADC0_SEQ2_IRQHandler                                           
1000a825  ADC0_SEQ3_IRQHandler                                           
1000a825  ADC1_DCOMP_IRQHandler                                          
1000a825  ADC1_SEQ0_IRQHandler                                           
1000a825  ADC1_SEQ1_IRQHandler                                           
1000a825  ADC1_SEQ2_IRQHandler                                           
1000a825  ADC1_SEQ3_IRQHandler                                           
1000a825  AESADVHP_IRQHandler                                            
1000a825  CANFD0_IRQHandler                                              
1000a825  CANFD1_IRQHandler                                              
1000a825  COMP0_IRQHandler                                               
1000a825  COMP1_IRQHandler                                               
1000a825  DEBUGSS_IRQHandler                                             
1000a825  DMA0_IRQHandler                                                
1000a825  DMA1_IRQHandler                                                
1000a825  Default_Handler                                                
1000a825  FLASHCTL_IRQHandler                                            
1000a825  GPIOA_IRQHandler                                               
1000a825  GPIOB_IRQHandler                                               
1000a825  GPIOC_IRQHandler                                               
1000a825  HardFault_Handler                                              
1000a825  I2S0_IRQHandler                                                
1000a825  I2S1_IRQHandler                                                
1000a825  LFSS_IRQHandler                                                
1000a825  NMI_Handler                                                    
1000a825  PKA_IRQHandler                                                 
1000a825  PendSV_Handler                                                 
1000a825  QSPI_IRQHandler                                                
1000a825  SHAW_IRQHandler                                                
1000a825  SVC_Handler                                                    
1000a825  SYSCTL_IRQHandler                                              
1000a825  SysTick_Handler                                                
1000a825  TIMA0_0_IRQHandler                                             
1000a825  TIMA0_1_IRQHandler                                             
1000a825  TIMG12_0_IRQHandler                                            
1000a825  TIMG4_0_IRQHandler                                             
1000a825  TIMG4_1_IRQHandler                                             
1000a825  TIMG4_2_IRQHandler                                             
1000a825  TIMG4_3_IRQHandler                                             
1000a825  TIMG8_0_IRQHandler                                             
1000a825  TIMG8_1_IRQHandler                                             
1000a825  TRNG_IRQHandler                                                
1000a825  UC0_IRQHandler                                                 
1000a825  UC10_IRQHandler                                                
1000a825  UC1_IRQHandler                                                 
1000a825  UC2_IRQHandler                                                 
1000a825  UC3_IRQHandler                                                 
1000a825  UC4_IRQHandler                                                 
1000a825  UC5_IRQHandler                                                 
1000a825  UC6_IRQHandler                                                 
1000a825  UC7_IRQHandler                                                 
1000a825  UC8_IRQHandler                                                 
1000a825  UC9_IRQHandler                                                 
1000a825  WWDT0_IRQHandler                                               
1000a857  DL_Common_delayCycles                                          
1000a86d  __aeabi_uldivmod                                               
1000a881  __TI_zero_init_nomemset                                        
1000a8a3  wcslen                                                         
1000a8dd  __TI_decompress_none                                           
1000a8ed  __aeabi_memset                                                 
1000a8ed  __aeabi_memset4                                                
1000a8ed  __aeabi_memset8                                                
1000a901  __aeabi_errno_addr                                             
1000a909  __aeabi_memclr                                                 
1000a909  __aeabi_memclr4                                                
1000a909  __aeabi_memclr8                                                
1000a911  malloc                                                         
1000a919  abort                                                          
1000a91e  C$$EXIT                                                        
1000a91f  HOSTexit                                                       
1000a925  __aeabi_memcpy                                                 
1000a925  __aeabi_memcpy4                                                
1000a925  __aeabi_memcpy8                                                
1000a931  _system_pre_init                                               
1000a935  fseek                                                          
1000a939  remove                                                         
1000ab20  __aeabi_ctype_table_                                           
1000ab20  __aeabi_ctype_table_C                                          
1000ad20  __TI_static_base__                                             
1000ad88  __TI_Handler_Table_Base                                        
1000ad94  __TI_Handler_Table_Limit                                       
1000ada8  __TI_CINIT_Base                                                
1000adc0  __TI_CINIT_Limit                                               
1000adc0  __TI_CINIT_Warm                                                
30000000  __start___llvm_prf_bits                                        
30000000  __stop___llvm_prf_bits                                         
30000000  _sys_memory                                                    
30000800  __start___llvm_prf_cnts                                        
300008f8  __profc_Default_Handler                                        
30000938  __profc_Reset_Handler                                          
30000940  __profc_SYSCFG_DL_GPIO_init                                    
30000948  __profc_SYSCFG_DL_SPI_1_init                                   
30000950  __profc_SYSCFG_DL_SYSCTL_init                                  
30000958  __profc_SYSCFG_DL_init                                         
30000960  __profc_SYSCFG_DL_initPower                                    
30000aa0  __stop___llvm_prf_cnts                                         
30000aa0  _ftable                                                        
30000b90  _device                                                        
30000c08  _stream                                                        
30000c58  __TI_cleanup_ptr                                               
30000c5c  __TI_dtors_ptr                                                 
30000c60  __TI_ft_end                                                    
30000c64  __aeabi_errno                                                  
30000c68  _lock                                                          
30000c6c  _unlock                                                        
30000c74  _CIOBUF_                                                       
30000c74  __CIOBUF_                                                      
30000d94  __TI_tmpnams                                                   
30000e34  parmbuf                                                        
3003fef8  __stack                                                        
3003fff8  __STACK_END                                                    
ffffffff  __TI_pprof_out_hndl                                            
ffffffff  __TI_prof_data_size                                            
ffffffff  __TI_prof_data_start                                           
ffffffff  __binit__                                                      
ffffffff  binit                                                          
UNDEFED   __mpu_init                                                     
UNDEFED   _system_post_cinit                                             

[4017 symbols]
