******************************************************************************
            TI ARM Clang Linker PC v4.0.3                      
******************************************************************************
>> Linked Tue Oct 14 11:03:23 2025

OUTPUT FILE NAME:   <gpio_toggle_output_LP_MSPM33C321A_nortos_ticlang.out>
ENTRY POINT SYMBOL: "_c_int00_noargs"  address: 100004bd


MEMORY CONFIGURATION

         name            origin    length      used     unused   attr    fill
----------------------  --------  ---------  --------  --------  ----  --------
  FLASH                 10000000   000fffff  00000570  000ffa8f  R  X
  SRAM                  30000000   0003ffff  00000198  0003fe67  RW X
  DATA                  80000000   00007fff  00000000  00007fff  R   
  BCR_CONFIG            80101800   000003ff  00000000  000003ff  R   
  BSL_CONFIG            80101c00   000003ff  00000000  000003ff  R   


SEGMENT ALLOCATION MAP

run origin  load origin   length   init length attrs members
----------  ----------- ---------- ----------- ----- -------
10000000    10000000    00000570   00000570    r-x
  10000000    10000000    00000120   00000120    r-- .intvecs
  10000120    10000120    00000430   00000430    r-x .text
  10000550    10000550    00000020   00000020    r-- .cinit
30000000    30000000    00000098   00000000    rw-
  30000000    30000000    00000098   00000000    rw- __llvm_prf_cnts
3003fef8    3003fef8    00000100   00000000    rw-
  3003fef8    3003fef8    00000100   00000000    rw- .stack


SECTION ALLOCATION MAP

 output                                  attributes/
section   page    origin      length       input sections
--------  ----  ----------  ----------   ----------------
.intvecs   0    10000000    00000120     
                  10000000    00000114     startup_mspm33c321x_ticlang.o (.intvecs)
                  10000114    0000000c     --HOLE-- [fill = 0]

.text      0    10000120    00000430     
                  10000120    000000c0     ti_msp_dl_config.o (.text.SYSCFG_DL_initPower)
                  100001e0    0000009c     libc.a : memcpy_t2.S.obj (.text:memcpy)
                  1000027c    0000007c     blink.o (.text.main)
                  100002f8    0000007a     ti_msp_dl_config.o (.text.SYSCFG_DL_GPIO_init)
                  10000372    00000076     ti_msp_dl_config.o (.text.SYSCFG_DL_SYSCTL_init)
                  100003e8    00000074     libc.a : copy_decompress_lzss.c.obj (.text:decompress:lzss)
                  1000045c    00000038            : autoinit.c.obj (.text:__TI_auto_init_nobinit_nopinit)
                  10000494    00000028     ti_msp_dl_config.o (.text.SYSCFG_DL_init)
                  100004bc    00000024     libc.a : boot_cortex_m.c.obj (.text:_c_int00_noargs)
                  100004e0    0000001c     startup_mspm33c321x_ticlang.o (.text.Reset_Handler)
                  100004fc    0000001a     startup_mspm33c321x_ticlang.o (.text.Default_Handler)
                  10000516    00000014     driverlib.a : dl_common.o (.text.DL_Common_delayCycles)
                  1000052a    0000000e     libc.a : copy_decompress_none.c.obj (.text:decompress:none)
                  10000538    00000006            : exit.c.obj (.text:abort)
                  1000053e    00000004     libsysbm.a : hostexit.c.obj (.text.HOSTexit)
                  10000542    00000002     --HOLE-- [fill = 0]
                  10000544    00000004     libclang_rt.builtins.a : aeabi_memcpy.S.obj (.text.__aeabi_memcpy)
                  10000548    00000004     libc.a : pre_init.c.obj (.text._system_pre_init)
                  1000054c    00000004     --HOLE-- [fill = 0]

.cinit     0    10000550    00000020     
                  10000550    00000009     (.cinit.__llvm_prf_cnts.load) [load image, compression = lzss]
                  10000559    00000003     --HOLE-- [fill = 0]
                  1000055c    00000008     (__TI_handler_table)
                  10000564    00000008     (__TI_cinit_table)
                  1000056c    00000004     --HOLE-- [fill = 0]

.init_array 
*          0    10000000    00000000     UNINITIALIZED

.binit     0    10000000    00000000     

.stack     0    3003fef8    00000100     UNINITIALIZED
                  3003fef8    00000004     libc.a : boot_cortex_m.c.obj (.stack)
                  3003fefc    000000fc     --HOLE--

__llvm_prf_cnts 
*          0    30000000    00000098     UNINITIALIZED
                  30000000    00000010     startup_mspm33c321x_ticlang.o (__llvm_prf_cnts.__profc_Default_Handler)
                  30000010    00000010     blink.o (__llvm_prf_cnts.__profc_main)
                  30000020    00000008     startup_mspm33c321x_ticlang.o (__llvm_prf_cnts.__profc_Reset_Handler)
                  30000028    00000008     ti_msp_dl_config.o (__llvm_prf_cnts.__profc_SYSCFG_DL_GPIO_init)
                  30000030    00000008     ti_msp_dl_config.o (__llvm_prf_cnts.__profc_SYSCFG_DL_SYSCTL_init)
                  30000038    00000008     ti_msp_dl_config.o (__llvm_prf_cnts.__profc_SYSCFG_DL_init)
                  30000040    00000008     ti_msp_dl_config.o (__llvm_prf_cnts.__profc_SYSCFG_DL_initPower)
                  30000048    00000008     blink.o (__llvm_prf_cnts.__profc_blink.c_DL_GPIO_clearPins)
                  30000050    00000008     blink.o (__llvm_prf_cnts.__profc_blink.c_DL_GPIO_setPins)
                  30000058    00000008     ti_msp_dl_config.o (__llvm_prf_cnts.__profc_ti_msp_dl_config.c_DL_Common_updateReg)
                  30000060    00000008     ti_msp_dl_config.o (__llvm_prf_cnts.__profc_ti_msp_dl_config.c_DL_GPIO_clearPins)
                  30000068    00000008     ti_msp_dl_config.o (__llvm_prf_cnts.__profc_ti_msp_dl_config.c_DL_GPIO_enableOutput)
                  30000070    00000008     ti_msp_dl_config.o (__llvm_prf_cnts.__profc_ti_msp_dl_config.c_DL_GPIO_enablePower)
                  30000078    00000008     ti_msp_dl_config.o (__llvm_prf_cnts.__profc_ti_msp_dl_config.c_DL_GPIO_initDigitalOutput)
                  30000080    00000008     ti_msp_dl_config.o (__llvm_prf_cnts.__profc_ti_msp_dl_config.c_DL_GPIO_reset)
                  30000088    00000008     ti_msp_dl_config.o (__llvm_prf_cnts.__profc_ti_msp_dl_config.c_DL_SYSCTL_setBORThreshold)
                  30000090    00000008     ti_msp_dl_config.o (__llvm_prf_cnts.__profc_ti_msp_dl_config.c_DL_SYSCTL_setSYSOSCFreq)

__llvm_prf_bits 
*          0    30000000    00000000     UNINITIALIZED

MODULE SUMMARY

       Module                          code   ro data   rw data
       ------                          ----   -------   -------
    .\
       ti_msp_dl_config.o              472    0         96     
       startup_mspm33c321x_ticlang.o   54     276       24     
       blink.o                         124    0         32     
    +--+-------------------------------+------+---------+---------+
       Total:                          650    276       152    
                                                               
    C:/ti/mspm33_sdk_1_00_00_00_internal/source/ti/driverlib/lib/ticlang/m33/mspm33c321x/driverlib.a
       dl_common.o                     20     0         0      
    +--+-------------------------------+------+---------+---------+
       Total:                          20     0         0      
                                                               
    C:\ti\ccs2030\ccs\tools\compiler\ti-cgt-armllvm_4.0.3.LTS\lib\armv8m.main-ti-none-eabi/c/libc.a
       memcpy_t2.S.obj                 156    0         0      
       copy_decompress_lzss.c.obj      116    0         0      
       autoinit.c.obj                  56     0         0      
       boot_cortex_m.c.obj             36     0         0      
       copy_decompress_none.c.obj      14     0         0      
       exit.c.obj                      6      0         0      
       pre_init.c.obj                  4      0         0      
    +--+-------------------------------+------+---------+---------+
       Total:                          388    0         0      
                                                               
    C:\ti\ccs2030\ccs\tools\compiler\ti-cgt-armllvm_4.0.3.LTS\lib\armv8m.main-ti-none-eabi/c/libsysbm.a
       hostexit.c.obj                  4      0         0      
    +--+-------------------------------+------+---------+---------+
       Total:                          4      0         0      
                                                               
    C:\ti\ccs2030\ccs\tools\compiler\ti-cgt-armllvm_4.0.3.LTS\lib\armv8m.main-ti-none-eabi/libclang_rt.builtins.a
       aeabi_memcpy.S.obj              4      0         0      
    +--+-------------------------------+------+---------+---------+
       Total:                          4      0         0      
                                                               
       Stack:                          0      0         256    
       Linker Generated:               0      25        0      
    +--+-------------------------------+------+---------+---------+
       Grand Total:                    1066   301       408    


LINKER GENERATED COPY TABLES

__TI_cinit_table @ 10000564 records: 1, size/record: 8, table size: 8
	__llvm_prf_cnts: load addr=10000550, load size=00000009 bytes, run addr=30000000, run size=00000098 bytes, compression=lzss


LINKER GENERATED HANDLER TABLE

__TI_handler_table @ 1000055c records: 2, size/record: 4, table size: 8
	index: 0, handler: __TI_decompress_lzss
	index: 1, handler: __TI_decompress_none


GLOBAL SYMBOLS: SORTED ALPHABETICALLY BY Name 

address   name                                                
-------   ----                                                
100004fd  ADC0_DCOMP_IRQHandler                               
100004fd  ADC0_SEQ0_IRQHandler                                
100004fd  ADC0_SEQ1_IRQHandler                                
100004fd  ADC0_SEQ2_IRQHandler                                
100004fd  ADC0_SEQ3_IRQHandler                                
100004fd  ADC1_DCOMP_IRQHandler                               
100004fd  ADC1_SEQ0_IRQHandler                                
100004fd  ADC1_SEQ1_IRQHandler                                
100004fd  ADC1_SEQ2_IRQHandler                                
100004fd  ADC1_SEQ3_IRQHandler                                
100004fd  AESADVHP_IRQHandler                                 
1000053e  C$$EXIT                                             
100004fd  CANFD0_IRQHandler                                   
100004fd  CANFD1_IRQHandler                                   
100004fd  COMP0_IRQHandler                                    
100004fd  COMP1_IRQHandler                                    
100004fd  DEBUGSS_IRQHandler                                  
10000517  DL_Common_delayCycles                               
100004fd  DMA0_IRQHandler                                     
100004fd  DMA1_IRQHandler                                     
100004fd  Default_Handler                                     
100004fd  FLASHCTL_IRQHandler                                 
100004fd  GPIOA_IRQHandler                                    
100004fd  GPIOB_IRQHandler                                    
100004fd  GPIOC_IRQHandler                                    
1000053f  HOSTexit                                            
100004fd  HardFault_Handler                                   
100004fd  I2S0_IRQHandler                                     
100004fd  I2S1_IRQHandler                                     
100004fd  LFSS_IRQHandler                                     
100004fd  NMI_Handler                                         
100004fd  PKA_IRQHandler                                      
100004fd  PendSV_Handler                                      
100004fd  QSPI_IRQHandler                                     
100004e1  Reset_Handler                                       
100004fd  SHAW_IRQHandler                                     
100004fd  SVC_Handler                                         
100002f9  SYSCFG_DL_GPIO_init                                 
10000373  SYSCFG_DL_SYSCTL_init                               
10000495  SYSCFG_DL_init                                      
10000121  SYSCFG_DL_initPower                                 
100004fd  SYSCTL_IRQHandler                                   
100004fd  SysTick_Handler                                     
100004fd  TIMA0_0_IRQHandler                                  
100004fd  TIMA0_1_IRQHandler                                  
100004fd  TIMG12_0_IRQHandler                                 
100004fd  TIMG4_0_IRQHandler                                  
100004fd  TIMG4_1_IRQHandler                                  
100004fd  TIMG4_2_IRQHandler                                  
100004fd  TIMG4_3_IRQHandler                                  
100004fd  TIMG8_0_IRQHandler                                  
100004fd  TIMG8_1_IRQHandler                                  
100004fd  TRNG_IRQHandler                                     
100004fd  UC0_IRQHandler                                      
100004fd  UC10_IRQHandler                                     
100004fd  UC1_IRQHandler                                      
100004fd  UC2_IRQHandler                                      
100004fd  UC3_IRQHandler                                      
100004fd  UC4_IRQHandler                                      
100004fd  UC5_IRQHandler                                      
100004fd  UC6_IRQHandler                                      
100004fd  UC7_IRQHandler                                      
100004fd  UC8_IRQHandler                                      
100004fd  UC9_IRQHandler                                      
100004fd  WWDT0_IRQHandler                                    
3003fff8  __STACK_END                                         
00000100  __STACK_SIZE                                        
00000000  __TI_ATRegion0_region_sz                            
00000000  __TI_ATRegion0_src_addr                             
00000000  __TI_ATRegion0_trg_addr                             
00000000  __TI_ATRegion1_region_sz                            
00000000  __TI_ATRegion1_src_addr                             
00000000  __TI_ATRegion1_trg_addr                             
00000000  __TI_ATRegion2_region_sz                            
00000000  __TI_ATRegion2_src_addr                             
00000000  __TI_ATRegion2_trg_addr                             
10000564  __TI_CINIT_Base                                     
1000056c  __TI_CINIT_Limit                                    
1000056c  __TI_CINIT_Warm                                     
1000055c  __TI_Handler_Table_Base                             
10000564  __TI_Handler_Table_Limit                            
1000045d  __TI_auto_init_nobinit_nopinit                      
100003e9  __TI_decompress_lzss                                
1000052b  __TI_decompress_none                                
ffffffff  __TI_pprof_out_hndl                                 
ffffffff  __TI_prof_data_size                                 
ffffffff  __TI_prof_data_start                                
10000550  __TI_static_base__                                  
10000545  __aeabi_memcpy                                      
10000545  __aeabi_memcpy4                                     
10000545  __aeabi_memcpy8                                     
ffffffff  __binit__                                           
00004b58  __covrec_101D7AD5CD1F21E7                           
000083e8  __covrec_1038EB58730FD48B                           
0001d410  __covrec_1067EFD43AC4737C                           
00016368  __covrec_106C0A8F47E4EBF5                           
000005d0  __covrec_106FBD1B4BD32CAC                           
00012a10  __covrec_107802700ECD7C02                           
0001d5f0  __covrec_107B128032F6DB3F                           
000207c8  __covrec_10824BD04F6231E0                           
000028d0  __covrec_109FB62289BD602B                           
00006908  __covrec_10A8EDBD7725E4C4                           
000192e8  __covrec_10ACAC719BF92A02                           
00006818  __covrec_10BC67A46C6BA4E1                           
0000be30  __covrec_10C156195D5FF38D                           
0000f120  __covrec_10C5D299B45023A7                           
000191a8  __covrec_10D7C14A5E1269A                            
00013168  __covrec_10D83D798DF85215                           
00021f10  __covrec_10DD02304F236F5B                           
0000f648  __covrec_10FE96CA7F74C8D3                           
0000db68  __covrec_110470EA4E630670                           
0000c380  __covrec_1110D355F864FCE7                           
0001ec98  __covrec_1129F9D0907743CC                           
000107c8  __covrec_114DF3CD24AB0DD6                           
00023770  __covrec_11548A0C371099D9                           
0000e798  __covrec_11781F62243E51DE                           
00020200  __covrec_1179DC1F40DF19BB                           
0001fdf0  __covrec_117A6AE779833FFF                           
00004c48  __covrec_117BD7CDED6D0222                           
0001f828  __covrec_119935E492C58911                           
00008d98  __covrec_11B7661F647265EF                           
00010f70  __covrec_11CCE926D1DAC2F9                           
0000ff30  __covrec_11DF4A44D85F4DF6                           
00017240  __covrec_11E4D0BB9C3E8C30                           
0000f5a8  __covrec_11EC53A6105E36FA                           
000242d8  __covrec_11F13472B68456                             
0000dd70  __covrec_120CDBEDF9A0A8FB                           
0000e928  __covrec_12229EF93006C0C6                           
0000cd58  __covrec_123EB8C578FD193B                           
0000f918  __covrec_123F45FD61E08121                           
00017998  __covrec_1267B4521C0A50E3                           
00005a80  __covrec_1270D38127654F8B                           
00000828  __covrec_1279EB38C65A9C81                           
00009090  __covrec_129D40AB2FC1D69A                           
00005c38  __covrec_129F94317DA7F30                            
0001ae68  __covrec_12A84A218C9DEA06                           
000249e0  __covrec_12B18424C859DF9D                           
0001ee78  __covrec_12B33D9FCAB5C7F6                           
0001f170  __covrec_12BA5CE176C32DDC                           
0000f030  __covrec_12C0351F1D4A27D9                           
00006110  __covrec_12D287B1D1EA8674                           
00008ca8  __covrec_12D78B30B5B7617A                           
00002678  __covrec_12E34682498B0B72                           
0000d668  __covrec_12FB7772134BB406                           
00012c90  __covrec_1313DC5687DCCBE4                           
0001a7b0  __covrec_13150132607A5180                           
00019748  __covrec_1317F30DAB07CEFD                           
00008118  __covrec_1317FD1781CC6A2C                           
00011e70  __covrec_131A8C62578FD3BF                           
0001f0d0  __covrec_132818003A70A7AF                           
0001ab48  __covrec_133B487217BB2E5A                           
00015238  __covrec_133E6E5754396960                           
0000dbe0  __covrec_1341E8EC7B05D348                           
00024148  __covrec_134F21299CF91075                           
0000b930  __covrec_1356A4438101A4BA                           
000234c8  __covrec_13672E230F457DC9                           
00024238  __covrec_13941B1E936B73E2                           
0000d438  __covrec_13A722056043017C                           
0000ec98  __covrec_13B2AC272D44B342                           
00008be0  __covrec_13B3010E9D4F59A0                           
000011b0  __covrec_13C06AA66973640C                           
00001c00  __covrec_13D2FC1D8D22F2CC                           
00019158  __covrec_1409994ABADCA9DB                           
00016638  __covrec_140C87832FFAF923                           
0001b048  __covrec_14465F9D45D58042                           
00012398  __covrec_148D9A2319AC213B                           
000196d0  __covrec_149ACD14E0572626                           
00009d10  __covrec_14A6DC76ABD3128C                           
00005df0  __covrec_14AA3B7ABB91D212                           
00006430  __covrec_14AD27DAB44290B3                           
00002d08  __covrec_14BDA604853DFA10                           
00021308  __covrec_14C7D3D01E57A504                           
0001a5a8  __covrec_14C92017E2A5AC67                           
000179c0  __covrec_14D1DCA4E67C18C5                           
000115d8  __covrec_14D3A38ADC7E8368                           
0000b700  __covrec_14DB6DEE3873BAB3                           
00020840  __covrec_14FA4B69117446C1                           
00020890  __covrec_14FF88AAFCD7D57D                           
00022cd0  __covrec_150B89D347BC7E6E                           
00001110  __covrec_151F220D67DF3059                           
00019478  __covrec_1528E95DCB01A67C                           
000132d0  __covrec_153C71C9353F6537                           
00022f28  __covrec_1540C2C144B9922B                           
00016ed0  __covrec_15599278F6628FD9                           
00001228  __covrec_155ADAEE4A3C67F4                           
00006570  __covrec_15622BEB7C318D21                           
00020048  __covrec_15699B8DF7CF109F                           
00023e00  __covrec_157321A8C10AC04E                           
0001bca0  __covrec_15A6988EB176291B                           
0000a8c8  __covrec_15AE6051F35A213B                           
0001e9a0  __covrec_15B0477F91E5A15B                           
000249b8  __covrec_15D8AD984765CE7C                           
00001278  __covrec_15DC9CBFDAF32061                           
00005198  __covrec_15E4CDCB5EB4F3D4                           
00018ac8  __covrec_15E9C88B8913D74B                           
0001a6e8  __covrec_15EBD46F714DA966                           
0001e248  __covrec_1607E55D10EC504D                           
0001dc80  __covrec_161C5CCBB18E3472                           
0001c3a8  __covrec_162CFD0A1B796938                           
0001bc28  __covrec_163C92947DFA7B45                           
0000d5c8  __covrec_163DF186A631F368                           
0001daf0  __covrec_1658A1CFEC8A9371                           
000227a8  __covrec_16674943AE982D61                           
00012a38  __covrec_166C82B5B146B5D7                           
000014d0  __covrec_166F1AF22F7E2C0C                           
000055a8  __covrec_16798DAE29A6728C                           
0000be80  __covrec_167C8B35F4ADBEFA                           
00017330  __covrec_168493D43873B111                           
0001a058  __covrec_16A0659A24000E67                           
00010b10  __covrec_16A2F9143DB29852                           
00021ec0  __covrec_16BDE21014ED2C1                            
0001a1c0  __covrec_16D434825183503F                           
0001ba98  __covrec_16D70E5A69A3760A                           
0001c600  __covrec_16EB4AA73251958E                           
00014130  __covrec_16F02D052FF565BE                           
00017308  __covrec_1707DC81A21DBC1C                           
0001dfc8  __covrec_171317B20F4BC1DB                           
00013398  __covrec_172B59B25D72358A                           
00017790  __covrec_17302E52AA89C0CD                           
0001fa30  __covrec_17309D8202C86DB3                           
0001d578  __covrec_1740AFC189A8EDA2                           
00013690  __covrec_174915AB4E2EDF5C                           
00016f20  __covrec_174F15FCCDC74864                           
00000cb0  __covrec_1755ACCADDE2ADE2                           
00024a30  __covrec_1759666B8765F80D                           
00008140  __covrec_177C43FE745EB825                           
000033c0  __covrec_177E454A53552891                           
0001dca8  __covrec_1796D1C61F0D17A8                           
00002fb0  __covrec_17C6694668EA5AC3                           
000102f0  __covrec_17C744CC31D4D421                           
0001d500  __covrec_17DAEC6AFA72F54C                           
00013aa0  __covrec_17E07C5FF5F82422                           
0001a9e0  __covrec_17E08951EDF009B4                           
00002b78  __covrec_17E6A0EBA1760BB8                           
0001bef8  __covrec_17F1308C877F8432                           
0000d3c0  __covrec_17F8E9CABBEF06E7                           
0000e9f0  __covrec_17F963AB32CA4FE2                           
00013438  __covrec_17F9955224B25587                           
00004cc0  __covrec_1820A44D584DEF75                           
00005c10  __covrec_1824871B460CA334                           
00002e20  __covrec_182B8B029510F629                           
00019b30  __covrec_182EBC3292D8B057                           
00003f00  __covrec_1872965C19E53D15                           
00019568  __covrec_1881D5B34314DF64                           
0001b278  __covrec_18A4EB207556A42C                           
00022438  __covrec_18ABC13FAC28025C                           
00022de8  __covrec_18AC38AE70A94599                           
00017858  __covrec_18ACAD82B94D6601                           
000177b8  __covrec_18ACCAC5D58EF3D4                           
00004450  __covrec_18B090C97B6E0500                           
0001a5d0  __covrec_18C79462758238BA                           
0001f620  __covrec_18C7DFC85F74DF88                           
000000f8  __covrec_18CB9EF68833044u                           
00019c20  __covrec_18DDFB0FE08ED969                           
00002c90  __covrec_19005C1DF6B253C1                           
00010048  __covrec_190629809904F076                           
0001b4a8  __covrec_1908F0908D2CBF18                           
00019e78  __covrec_191831FA0CEE1893                           
00016ae8  __covrec_192A7CE8DD30AE20                           
0000b250  __covrec_192B699B2B42C444                           
00019b80  __covrec_1930B2CB90352D46                           
00000698  __covrec_1954B3AEC47397EF                           
00010138  __covrec_19A1896E038C7DD5                           
0001f238  __covrec_19B8727C1D4ABDAE                           
0000ea40  __covrec_19BCAF8D097C46DD                           
00021740  __covrec_19E75B9307F97AB0                           
00021d80  __covrec_19F06ABB5A28AA72                           
0001c948  __covrec_19FA784ADD838849                           
00003b18  __covrec_1A00969098F4224A                           
000238b0  __covrec_1A0F7EC2AC44F654                           
0001b318  __covrec_1A22B483B14D442                            
000050a8  __covrec_1A31150D8176ABFA                           
00013b18  __covrec_1A3FA77D293B3485                           
00023f90  __covrec_1A4544BED21CEB2C                           
000026c8  __covrec_1A63E06A5352E3CC                           
00008b40  __covrec_1A646CA9748EDB0C                           
0001c498  __covrec_1A6E887ACACAFF76                           
00008938  __covrec_1A7F2303B42046F8                           
0000cf60  __covrec_1ADA6098EFAC29C8                           
00014ec8  __covrec_1AE60D0DA8D77CF0                           
00002f38  __covrec_1AF36DF059A3AD37                           
0001b818  __covrec_1AF6215EE93D46D6                           
00021948  __covrec_1AFE6ECE1BD6F5C2                           
0001abe8  __covrec_1AFE76699DCE6D3D                           
0001a558  __covrec_1B0D2750B34B1703                           
00003348  __covrec_1B195569B99A4E21                           
000049f0  __covrec_1B6039F89FCDB1DE                           
00004f40  __covrec_1B62C2F7F2CFC0D6                           
0000e6a8  __covrec_1B69184597CDB5                             
00016318  __covrec_1B9CA30A65B78731                           
00011790  __covrec_1BB36A6A6DA4D17A                           
000134b0  __covrec_1BC9AF92F5A17ABA                           
0001d640  __covrec_1BD34071CFA619DA                           
000068e0  __covrec_1BE3021FE05BF3BD                           
00024a80  __covrec_1BEE14838B08B7EA                           
0000da28  __covrec_1BEE15CBA2D54933                           
00005b48  __covrec_1BFC824417740B44                           
0001e748  __covrec_1BFF9732B2DAF38C                           
00004540  __covrec_1C54EF15B9D8B63D                           
0000e428  __covrec_1C6519B00F9C4D5A                           
00001a98  __covrec_1C6DF580FDBD96AA                           
00005378  __covrec_1C74D0C9D64F6DD1                           
00019a68  __covrec_1CA1AE9514CE36B4                           
00024008  __covrec_1CABCD001BB8A2D4                           
00013f28  __covrec_1CC14C8A376E03E3                           
00003fa0  __covrec_1CC64667D520CF78                           
00020638  __covrec_1CD6F65EDB220D52                           
00019f40  __covrec_1CE8FD9CC832CE68                           
0000e770  __covrec_1CEA2E328AA70A5B                           
00000c10  __covrec_1CF4646B205A9FF0                           
00022410  __covrec_1D03C489628EC74D                           
0001b368  __covrec_1D1393F256C668B4                           
000031e0  __covrec_1D4017870F54F401                           
0000f440  __covrec_1D47A9FE18580AF8                           
00016e58  __covrec_1D5453C0FE32606E                           
0000ce48  __covrec_1D58190537E3CFC3                           
00001fe8  __covrec_1D68D76C51C8264                            
00020a20  __covrec_1D69454E4585F9FA                           
00018d48  __covrec_1D8009E1123EFE18                           
0000b890  __covrec_1D9749F129EAD7ED                           
00017010  __covrec_1DA2DF1D9481285F                           
0000ba20  __covrec_1DB8EFF5C1EC663C                           
0001fad0  __covrec_1DBD55CB071CE798                           
00009928  __covrec_1DC54CDADD288D5C                           
0000a738  __covrec_1DCBF9D97AAE5C9C                           
00011e98  __covrec_1DFF9AD33F426A1E                           
00008820  __covrec_1E125F2EDD4F5B10                           
0000cd80  __covrec_1E2E4201513B70B2                           
00008fc8  __covrec_1E52F16D7720D4E7                           
000074e8  __covrec_1E5603FECA1E1A8E                           
0001f648  __covrec_1E5D0BA266A05409                           
0000e8d8  __covrec_1E71116FA83D460E                           
00020408  __covrec_1E967D82AE57104C                           
0001fd28  __covrec_1EB10222D35B87B9                           
00021fd8  __covrec_1EC243A73359BD5F                           
00023180  __covrec_1ED2390858C3EB64                           
00020ac0  __covrec_1EE4D15989A2B4E4                           
00011380  __covrec_1EF06040FF9A6CE1                           
0001daa0  __covrec_1EF1FB822FC56A69                           
00007ad8  __covrec_1EF97DE3B5D220E4                           
000063b8  __covrec_1F22DD1C959C91ED                           
0000eae0  __covrec_1F322E02CCAFCD19                           
0001a7d8  __covrec_1F323AB5CF4D4A72                           
00015490  __covrec_1F4169E57C49DBAC                           
000222a8  __covrec_1F54DD07CE6E3CC3                           
000183e8  __covrec_1F81DC0331A088EE                           
0000e9a0  __covrec_1F8F92C492321EC2                           
0001c0b0  __covrec_1F9CF73C50D6AB19                           
0000f148  __covrec_1FB714EAEB0C2680                           
0001f738  __covrec_1FC1559D82C02D42                           
0000ad28  __covrec_1FF148111818E899                           
000112e0  __covrec_200F03983A93B724                           
00022b90  __covrec_201277E0AA6EE9F3                           
00003960  __covrec_201817040F60CC63                           
00007ce0  __covrec_2018D0000D49AFFA                           
00007f60  __covrec_201BD6063BBF692E                           
00020318  __covrec_2046BE57FB3E054C                           
00018f50  __covrec_20502D4EF27C8C51                           
000076a0  __covrec_20639EFE5768C3A2                           
00018de8  __covrec_208E88AD446ED6FF                           
0000de60  __covrec_20938AE362B3035                            
000009e0  __covrec_2095F8ED47FA2B8E                           
00008898  __covrec_20A8AEAB0FB7E85F                           
0001c880  __covrec_20C5FBED395A9EDE                           
00010ed0  __covrec_20D1F53B41F4F4F                            
00003c08  __covrec_20D45F1C1B0DCBF4                           
00006e08  __covrec_20D8102C0F82A672                           
0000c4c0  __covrec_20DFD31670A46363                           
0001c448  __covrec_20F4440F1638C2A5                           
00010700  __covrec_20FA208D99FB8250                           
0001e090  __covrec_212223448B5B81B9                           
0000d398  __covrec_214B7FF2F70B9A96                           
0000e3b0  __covrec_215F044CC7672678                           
00020098  __covrec_216718CA83AD3AF2                           
0001f710  __covrec_2175477B7920D59E                           
00019018  __covrec_217DB9DBC67C1EFE                           
0000eec8  __covrec_2185F92B9C3E5BAF                           
000118a8  __covrec_218A031C18D395B                            
0000d2d0  __covrec_219190D4F77683FE                           
0001bfe8  __covrec_219DAFA81AFAA2FB                           
0000b1d8  __covrec_21A906EE96F4D83                            
00005120  __covrec_21B93DD5F55307D7                           
00020250  __covrec_21D48F08684C7774                           
0000cba0  __covrec_21D597CC8605C935                           
0000ab20  __covrec_21E4DD6FCD2569FE                           
00002588  __covrec_21F8331B37F355A3                           
00001200  __covrec_220EB616F014858A                           
000248a0  __covrec_222CA9EC1B745CD9                           
00019f90  __covrec_2239F1A9CC961427                           
00008a00  __covrec_224D6AD422EC06A9                           
00018028  __covrec_2286D5FF0FC802ED                           
0001e9c8  __covrec_228B4DCEDE67C9E2                           
00017ab0  __covrec_22AA610D5E826481                           
000131b8  __covrec_22D092EAE16D02EF                           
00022fa0  __covrec_22E2236BC99304F9                           
00000378  __covrec_22E3EDC592CCE64A                           
00018d20  __covrec_22F1260B2ECCC08F                           
0001cd80  __covrec_22F2AD01BBE54AC3                           
00006408  __covrec_23071AE42576F880                           
00004c70  __covrec_230C8126DDCE4055                           
000191d0  __covrec_230E01EBA14683DA                           
00001fc0  __covrec_23305BD9D99395D7                           
0000bca0  __covrec_2336F440E54F8423                           
00001d90  __covrec_233A7BFC175F361D                           
0000e680  __covrec_2346BFE42F6F6558                           
00014298  __covrec_2356CFAA058BDA63                           
0000ad50  __covrec_239882757F2C71CD                           
0000a698  __covrec_2399BFF2B2C79A27                           
00015d50  __covrec_23A2723218FB953F                           
0000a1c0  __covrec_23A46A9976AAC318                           
000120c8  __covrec_23B908501499F1C3                           
00022c80  __covrec_23BA94AFA28E8B44                           
000182a8  __covrec_23BDC91C28D00DEB                           
0000ad00  __covrec_23DFCA457C136F68                           
000130c8  __covrec_2429638F3104CEC6                           
00011e20  __covrec_242B3053019705CC                           
0000c970  __covrec_2436C0B58D2C054A                           
00014108  __covrec_245CEEBD24015B1F                           
0001e658  __covrec_245EBA72A5A0F5EB                           
00001e30  __covrec_2472237B4D7BA73B                           
00008708  __covrec_248CE10267CDF42E                           
0000cb50  __covrec_2499694F1FAFF322                           
0000af58  __covrec_24A738CF15DF1A1E                           
00014b08  __covrec_24C869B71C1745EC                           
0001d9b0  __covrec_24CD7D1265135F07                           
0001d820  __covrec_24D4168F36768F8A                           
00013280  __covrec_24D80F5FFDB3B16                            
00016598  __covrec_24DBDAA504A8EB                             
0001a120  __covrec_24DC5A464E150DEB                           
000044f0  __covrec_251446D4DB5BA0F                            
00007308  __covrec_251AC1BAAF70978                            
000243f0  __covrec_2548E4241C41D4AC                           
00001020  __covrec_25589AEB54999A95                           
000165e8  __covrec_25644B6D8D9339A2                           
0000bae8  __covrec_2572A5DE118464FB                           
00011830  __covrec_25831A646804D08                            
00009ae0  __covrec_2588EBE00D582DBD                           
000184b0  __covrec_2597CFE535DF7925                           
00014fe0  __covrec_259FE72B02F982E3                           
0000dc30  __covrec_25A4B5D15264BBAB                           
00016278  __covrec_25B72A3D7BD5840F                           
00023590  __covrec_25D863D26F29F221                           
000173d0  __covrec_25E129209C6D6E08                           
00012e20  __covrec_260485F951D8CFA2                           
0000b548  __covrec_2637454506591008                           
0000dd48  __covrec_2650CA825C881156                           
000146a8  __covrec_2662EFE42B16DEE1                           
0000ffa8  __covrec_268EF44671D87F36                           
00009f18  __covrec_268FED8287120A5F                           
00003ca8  __covrec_26A033CE85860DD8                           
00022f00  __covrec_26BDD9085FF96DA5                           
000030f0  __covrec_26C8977D61E9CA27                           
00022370  __covrec_26F7BD59BDABA46                            
00009b08  __covrec_2702C1420258A632                           
00008a78  __covrec_27678FA5BC56B6BD                           
00024558  __covrec_276B3C7F132E7949                           
0000f0d0  __covrec_2779926C79411405                           
00023a40  __covrec_278B19F5D60C3947                           
000010c0  __covrec_278D20B54B3B5916                           
0000ab98  __covrec_2796CEB562E840FB                           
00010778  __covrec_27B8CECD2051FC44                           
00017e98  __covrec_27F653CEA4118248                           
0000fcb0  __covrec_27FF9B63651F6939                           
0000fd00  __covrec_280AB4734E0EADD4                           
00015620  __covrec_280C086A8D3E033A                           
0000fa30  __covrec_284A9671018EDCF0                           
00009568  __covrec_286998E54EC7CE49                           
0000cfd8  __covrec_28780F12580BD926                           
000061b0  __covrec_28A1F0E2E79273D5                           
0000d488  __covrec_28C3515B27F2A28D                           
0001e1f8  __covrec_28CAF5403BA112D7                           
0000c560  __covrec_28F32414B479DBD3                           
000008f0  __covrec_291BFE9C88E5AC02                           
0000c880  __covrec_29258D52205E89C7                           
000004b8  __covrec_292C7EA4CC5F897D                           
00006a48  __covrec_294162901DC95F3D                           
00007c68  __covrec_294C567624BF176F                           
0000c268  __covrec_2967732FFBAA2755                           
00000b20  __covrec_296806BE07101057                           
00003640  __covrec_29794F29E9B7EDB7                           
000098b0  __covrec_297B80CEAB36675B                           
0001e3d8  __covrec_299EDB45E19271B                            
00019090  __covrec_29CB61A807DB331C                           
0000d988  __covrec_29DA12F55100078D                           
00004dd8  __covrec_29F7FDEE528B646                            
00023ae0  __covrec_29FD4C6F37BB673F                           
0001dbb8  __covrec_2A1CAF1263274BD9                           
0000e888  __covrec_2A3036EF70882451                           
0000ef40  __covrec_2A33AEB69F56FB48                           
00007588  __covrec_2A44FCBDF20489DA                           
00009270  __covrec_2A45F8922E45D8AE                           
00013fa0  __covrec_2A5F24567CA81B28                           
00023298  __covrec_2A658EA1206C62D6                           
00011d08  __covrec_2A70D24F190F6A5                            
00016cc8  __covrec_2A736453A4775CC3                           
00002df8  __covrec_2A7FB660AD53947F                           
00005558  __covrec_2A8A9BB12950205                            
00013c30  __covrec_2A8B557658325237                           
000242b0  __covrec_2A91C3E5F45518F9                           
00006160  __covrec_2AA255741AD002EC                           
00003690  __covrec_2AA3A65C5BBFE5AE                           
00007628  __covrec_2AD7D25310F1B76E                           
00012c40  __covrec_2ADD8BD0BF6DAA7F                           
00007f88  __covrec_2AEC527EE24ED251                           
0001f580  __covrec_2AFC953AB3BFA4B3                           
00017718  __covrec_2B07AC81363554B8                           
000077b8  __covrec_2B0B4F27C457F058                           
0001ebd0  __covrec_2B3D97B203BD5320                           
00009680  __covrec_2B502882FFA47B28                           
00018820  __covrec_2B5FFCF4F8CB86BC                           
000199f0  __covrec_2B68E5DDE2E9662B                           
0000f490  __covrec_2B9AC5C2B37A3405                           
00015468  __covrec_2B9D588B68FFC9FD                           
00013028  __covrec_2B9ED78528214928                           
000002d8  __covrec_2BAF348C00DA3A1C                           
00005968  __covrec_2BB2097F3005F291                           
000045b8  __covrec_2BC20A3657257F58                           
00000580  __covrec_2BC73A067C042768                           
0001b750  __covrec_2BE6C0B46C211135                           
00000be8  __covrec_2BE95002FF4967F8                           
000112b8  __covrec_2BFF562126C37FA8                           
000234f0  __covrec_2C177686F2932C2C                           
00019040  __covrec_2C5B3AD84DE89A09                           
0000d0f0  __covrec_2CB4FBDD458B5DD4                           
00006cc8  __covrec_2CB9BAC8D406BE26                           
0000f4b8  __covrec_2CCC94B071C61EE9                           
00007768  __covrec_2CE271A28D69F08D                           
000194a0  __covrec_2D0041D38F4C7BA8                           
00013cd0  __covrec_2D13BBFC3A449323                           
0000c038  __covrec_2D19885EF7471B2                            
00021718  __covrec_2D1E6856B3061151                           
00023f68  __covrec_2D2B2BAF1BAC8BDA                           
00010868  __covrec_2D38881098A5E25F                           
0001c218  __covrec_2D3B4279E82844EA                           
0000f760  __covrec_2D426BF12E84885D                           
000236f8  __covrec_2D4D821B616E6924                           
00004130  __covrec_2D5C314E3B4A5A86                           
00014450  __covrec_2D61228427B0BF14                           
000079c0  __covrec_2D6D2A9BF384BBF8                           
000238d8  __covrec_2D723378264E6A7                            
0001fee0  __covrec_2D7A7904D991C2E0                           
0000ea18  __covrec_2D86310FB40618D7                           
00021d58  __covrec_2D8A3E6347FF950C                           
0001cb00  __covrec_2D99555663CB507E                           
0001d028  __covrec_2DA3C7F5F3A1833F                           
00005ff8  __covrec_2DA718EB5D26722E                           
0000fb98  __covrec_2DB82F50F5794C5                            
000150f8  __covrec_2DD25A1E0605CEF0                           
000201b0  __covrec_2DDC7AACECA4585A                           
000220c8  __covrec_2DECA8561F707322                           
0001aa30  __covrec_2DF772145F02FC49                           
00003848  __covrec_2E397360657A7C47                           
00019888  __covrec_2E3C982E9C9C353                            
00016610  __covrec_2E459FB28F5F2122                           
000103b8  __covrec_2E6DD8667D2D7FF9                           
0001d870  __covrec_2E6EC07223ED40B7                           
00018690  __covrec_2E714EFCCE61715E                           
00004e50  __covrec_2E7537F3B4A4E91E                           
00005be8  __covrec_2E805BA354DDE5F1                           
00022dc0  __covrec_2EB222C72903A525                           
00005e18  __covrec_2EBD17F4D4A93A57                           
0000a4b8  __covrec_2EE66B721E401316                           
00022d70  __covrec_2F22268672A76EE3                           
000150d0  __covrec_2F298529E754A752                           
00010db8  __covrec_2F3D45E1FE7BC132                           
0000ee78  __covrec_2F88CF071FF75850                           
0000bfc0  __covrec_2F8D50373C13A999                           
00007b78  __covrec_2F8E6571432A21BE                           
00006700  __covrec_2FB088ADD68FCE76                           
00009810  __covrec_2FE88CFBC82411B3                           
00010250  __covrec_2FF0C44A136F8E86                           
000109f8  __covrec_2FF3E63A4BF6DB3                            
00009a40  __covrec_30294E057B7E3A3E                           
00014c20  __covrec_302F2AC2878AEE63                           
000232e8  __covrec_303E360AA0461E56                           
00010728  __covrec_303EAEA524B4D6F4                           
0001e7e8  __covrec_3060B93F85E68B18                           
0000aaf8  __covrec_306A2D95C2665BD4                           
00003028  __covrec_3071A6017CC5DE3B                           
00023900  __covrec_307BB5214E98EBCB                           
00021b78  __covrec_30A6073BD61E816A                           
00011ad8  __covrec_30AE2001FCB36A5D                           
0000dc08  __covrec_30B29D488904184C                           
00020520  __covrec_30B5CF75E7DDB3BE                           
0001a440  __covrec_30B7C7B021FF32BD                           
0000e310  __covrec_30C1C0142DDC3065                           
00023748  __covrec_30C72D90FAAB52FA                           
00010408  __covrec_30C9E50E62B697AF                           
00023cc0  __covrec_30E2ED287923C2A1                           
00017ee8  __covrec_30ED4319F76DB893                           
00022960  __covrec_30F8FDE14BEBA5C3                           
0001c2b8  __covrec_30FBE63F83B9D1D                            
00021600  __covrec_30FFBF09B05F3927                           
0001dcd0  __covrec_30FFD4E1DBF1C36F                           
0000c628  __covrec_310FBA926274A0B                            
000016d8  __covrec_3123069D01F4599                            
00007420  __covrec_3127FC05412087DB                           
00019ab8  __covrec_3129FF84AE3F76E2                           
0001faf8  __covrec_31384D9C1FCD85B5                           
000073f8  __covrec_3141127DFCB0E5C1                           
00011cb8  __covrec_3141F1B3A1E2AE47                           
000031b8  __covrec_3146A293F50F4078                           
00017588  __covrec_3163B63F3B49E158                           
00021150  __covrec_31723A59EE01CB6F                           
00012050  __covrec_31AD16A8EFB4319B                           
00012bf0  __covrec_31B0598EDF1F8AA0                           
00013780  __covrec_31B1F8CB4704B234                           
000123e8  __covrec_31B2CAED7F56A7D9                           
00004220  __covrec_31D56F96844B21BC                           
00023950  __covrec_31DC30DDC7036A3C                           
00020110  __covrec_31DC7ECBF26839AC                           
00003000  __covrec_31E810F428902870                           
00019798  __covrec_31F7B8F147936BE1                           
00016930  __covrec_31FD0D502C5066BA                           
00010480  __covrec_320DCC9EF3DE330A                           
00024a58  __covrec_3218CEAEDF4FBA00                           
0001f0f8  __covrec_321A183A8097BE95                           
0000ff08  __covrec_321BE6A6A3F0D5F2                           
00017100  __covrec_322133A61A45AB4E                           
00004d38  __covrec_32463D3BCC41BC42                           
0001ea68  __covrec_324DA2EC0B259559                           
0000efe0  __covrec_32583FCAB5D1403E                           
0001ce70  __covrec_325BB6249AC215ED                           
0000dc58  __covrec_325D2F5D99314C74                           
000163b8  __covrec_328AFB179A26404D                           
0001fda0  __covrec_328C937DCC0945C6                           
000163e0  __covrec_329ACE27EDB24189                           
00006a70  __covrec_32CE7735299A3E01                           
0000b4d0  __covrec_32DA69C8C0A759E6                           
00002628  __covrec_32E747FEB1BC894E                           
00014d88  __covrec_32E8DB488C68B78D                           
00014838  __covrec_32F0D770382D1DA9                           
00007128  __covrec_32FD25CAFA2FA3F                            
00005c88  __covrec_32FDE92D5F4FDAB3                           
00004ab8  __covrec_32FFC15AFCD6C07A                           
000171c8  __covrec_33066D15E3040297                           
00019068  __covrec_331725AF5DF50438                           
000201d8  __covrec_331B394963683510                           
0000c8f8  __covrec_3320931F9ED3D27B                           
0000c830  __covrec_3323E7FE3A211B8                            
00013730  __covrec_3325AABB0D89DD6E                           
00014860  __covrec_333383517C1FF008                           
0001b570  __covrec_33495A652304E49                            
00013f50  __covrec_33562C81DF7B10BF                           
00005aa8  __covrec_335A8A3F65B33883                           
00003780  __covrec_33816425693FD95E                           
00003488  __covrec_3385B58968629AB3                           
000062c8  __covrec_3388964050D04A99                           
00013c58  __covrec_338D56CED01B062B                           
0000c358  __covrec_339C0E79F05F94CE                           
0000f580  __covrec_33D3AA2E62E20E88                           
00001b38  __covrec_33D81E8523FD2D54                           
0000c718  __covrec_33DDC4726F6DEE9A                           
00019c70  __covrec_341863ACF88CD371                           
0000e720  __covrec_341A31158D840B4                            
00019d10  __covrec_3435C80BC3722BAD                           
00021498  __covrec_343940E2870E9B0E                           
0000cbc8  __covrec_343E5E1292DB7B1E                           
0001f2b0  __covrec_3440A467A910C969                           
0001ed60  __covrec_3443F015958810F5                           
00008b90  __covrec_3451BE90EFC3DE9B                           
00024878  __covrec_346C6355D054AFA7                           
00020ed0  __covrec_347833257255D714                           
0000f3c8  __covrec_347C5946F375C19A                           
00016bb0  __covrec_347D20A347D54D3B                           
000125c0  __covrec_347F5236CD6A8821u                          
0001f6e8  __covrec_34960821BB303171                           
0000c330  __covrec_349E460FEA63C8CD                           
0001bae8  __covrec_34AF19AADA685B0E                           
00008500  __covrec_34C142EC699EC720                           
00009c98  __covrec_34D0110B4BC4B15D                           
000153f0  __covrec_34D87877B62187C0                           
00002650  __covrec_34DFA110B6CB4C34                           
0000c0b0  __covrec_3503171B9CE8B4A4                           
00009158  __covrec_352ABEA6E975600C                           
00019ea0  __covrec_352F9E2440E9C139                           
00022e88  __covrec_35368D2270EB9D54                           
00006c78  __covrec_3567F53A81292919                           
000047e8  __covrec_3574F575841D40BF                           
00014f68  __covrec_358682B259B0A962                           
0001f440  __covrec_35A409F0E6C93C4C                           
00009f40  __covrec_35C10EA5484983A4                           
000043d8  __covrec_35CB88DD9E12F9FE                           
0000a580  __covrec_35F5C0327EFD50F7                           
00004978  __covrec_360BB3E8DEFA7DDF                           
0000d2f8  __covrec_362D01790CBA8EFC                           
00015288  __covrec_36371372719FAE20                           
00011448  __covrec_3653258C81805C5                            
0000a5a8  __covrec_365C4CD56520F7C5                           
00012948  __covrec_365DCC393F100621                           
00016228  __covrec_3660EF20DA7A07C2                           
00018550  __covrec_366594CABF5FBBE1                           
00013460  __covrec_36AB183A395E4CAF                           
00016c28  __covrec_36C64B2F466F1472                           
00014220  __covrec_36CAFF9A6A4269C6                           
00015968  __covrec_36CEC9582B8D65CF                           
0000c588  __covrec_36DE61C794C3056D                           
0000bed0  __covrec_36EEE970BFED3D2B                           
00005b20  __covrec_371EB7211197BE84                           
00003e60  __covrec_374AFB2EDDD8AD5E                           
0000c128  __covrec_374B40431E205167                           
00003d48  __covrec_374EF303A561461A                           
00006d40  __covrec_3753C4328AF6B939                           
00008a50  __covrec_377310A20F116092                           
00014798  __covrec_37752C52AA74DBFE                           
00000968  __covrec_37805BC28183985E                           
00007948  __covrec_378C1BDED5EB95E1                           
0001eb08  __covrec_37961B0C63A935F4                           
000057b0  __covrec_3798CDC2881D9A1B                           
00008fa0  __covrec_37A1402F0EA571E0                           
00015da0  __covrec_37BBD65DD58D473                            
0001e428  __covrec_37E4676AA453B73A                           
00009ab8  __covrec_38171919BD9EA530                           
00011ee8  __covrec_382B3DA03E10E0C7                           
000176f0  __covrec_3838EAEF37C9B024                           
00005260  __covrec_384022D77EA5D9C3                           
000005a8  __covrec_38403A0F6F35D837                           
00008410  __covrec_385AAA4BA32B2471                           
0001bb10  __covrec_3886213F5ECF5BC5                           
0001f9e0  __covrec_38889281C354E797                           
000075d8  __covrec_38995153250C7179                           
00012d58  __covrec_38A0CEE2744B092C                           
0000ba70  __covrec_38B03CFE94535454                           
00011470  __covrec_38CC7946FA93B6D9                           
0000dff0  __covrec_38EAB6F0E107946F                           
00011588  __covrec_38EFC8F3EFCE9709                           
00003cd0  __covrec_38FBB9D977F49AED                           
00008168  __covrec_390597126B89F69A                           
00013618  __covrec_392FECAD18A74184                           
00003140  __covrec_39442E89959A4CC5                           
00010fe8  __covrec_396D1CA2D3AE48B9                           
0001c7e0  __covrec_3971B1944E0C574C                           
00004ec8  __covrec_397A9158C8CCCDBE                           
000208b8  __covrec_397D89BAB9602260                           
000235e0  __covrec_39B0DFCD7DF2AB37                           
00017bc8  __covrec_39BD400369155FF7                           
000136b8  __covrec_39C130C9E557E548                           
00008348  __covrec_39C302ABEC3DBE81                           
00011998  __covrec_39F23DDB23057AEB                           
0000a468  __covrec_39F417CAAFDBE167                           
00007600  __covrec_39FE66B094FDD29E                           
0001e950  __covrec_39FF74C6619FBAEE                           
000162a0  __covrec_3A1D4C8225602426                           
000131e0  __covrec_3A26CCF0B62A8E89                           
00015828  __covrec_3A36369733F8D5B6                           
00014bd0  __covrec_3A479AE32438F206                           
00009cc0  __covrec_3A5A2683C5ED654                            
00010d40  __covrec_3A89560A09F90F6F                           
00020818  __covrec_3AA23B4CA70BF4D8                           
0000c790  __covrec_3AA6352672FFD909                           
00018af0  __covrec_3AAA2A3C5CE52BA3                           
00023ce8  __covrec_3AAA503472040552                           
00020a48  __covrec_3AC1DBF81307EA6C                           
0000edb0  __covrec_3AD3BEBBF7BC593A                           
0000fdc8  __covrec_3AF138D6801E8D4E                           
00000878  __covrec_3AF6ECF1FA8694DC                           
00018a28  __covrec_3AF95226F44434B7                           
0001e540  __covrec_3AFB7D729C4BABB0                           
0001b840  __covrec_3B097A2085B9CD1E                           
0001b868  __covrec_3B1FE69DF6A41D79                           
00021538  __covrec_3B24D5353F7BB6D1                           
00006ac0  __covrec_3B2AC0867AC33244                           
000147c0  __covrec_3B3A4AD98C182DE4                           
00021a88  __covrec_3B4669D912F6CCFB                           
000087d0  __covrec_3B52A62B5B696508                           
000039b0  __covrec_3B60D08E6532112E                           
00022ac8  __covrec_3B8712F8CC28A7DB                           
0001cab0  __covrec_3B8B8236C02173C2                           
00015698  __covrec_3B9AD5E448524FFF                           
000006e8  __covrec_3BA9635216645C03                           
00015d78  __covrec_3BB04CDDF195DCC8                           
00002448  __covrec_3BB586228DBE95EE                           
000160e8  __covrec_3BEB96B4128A074A                           
000237e8  __covrec_3BEEED776316E3D8                           
00021010  __covrec_3BF2B88451504C58                           
0001efe0  __covrec_3C024D0166B213F1                           
0000bd90  __covrec_3C278B2EC4801F42                           
00014360  __covrec_3C422C657214FCF6                           
00013320  __covrec_3C4C09DA7A2DAAD2                           
00001930  __covrec_3C81DDC52428CAE9                           
0001c650  __covrec_3C99A72BDFB45697                           
00008f00  __covrec_3CB52B04804594EB                           
00015850  __covrec_3CC05BCBB89EC8C0                           
00022898  __covrec_3CCD0FBCDE385140                           
00020548  __covrec_3CD7868FF6D37CF3                           
00000490  __covrec_3CD98B169DFC1381                           
00018a50  __covrec_3CFE3402D2666528                           
0001ff08  __covrec_3D01C64E096BB6C9                           
0001b688  __covrec_3D0817C7DF21F89F                           
000050d0  __covrec_3D094E70C24EC8FB                           
00014928  __covrec_3D0A3FF0C21D6472                           
000087a8  __covrec_3D154E75A9AB5ABA                           
000188e8  __covrec_3D25EC3DE4E423F3                           
00002e70  __covrec_3D3BA94C9B59433F                           
0000f9b8  __covrec_3D3F43DBA8C21623                           
00002c18  __covrec_3D49059DA242988                            
00018118  __covrec_3D5160002BBF26F9                           
00010890  __covrec_3D7FC52C2CB52C85                           
0000fda0  __covrec_3D8C418D848B7F99                           
000225c8  __covrec_3DBD25D85CE95350                           
0000e590  __covrec_3DC2345F50AE3C61                           
00013b90  __covrec_3DC72BA4C9ECB1F9                           
0001e590  __covrec_3DCF74A11C3A8FF3                           
0001e978  __covrec_3DDAFC730FA6812                            
00023608  __covrec_3DE34E8EF07EF7FD                           
00005e68  __covrec_3DF6DFDD358F435C                           
00008780  __covrec_3E0110DF0F0EC583                           
00006e80  __covrec_3E13E99A092E7E6D                           
0001b1d8  __covrec_3E1568D9541C8352                           
000233b0  __covrec_3E1A6E5850148636                           
0000fee0  __covrec_3E229243C6DA21DE                           
0001edb0  __covrec_3E27CE08F0E438A7                           
000081b8  __covrec_3E31EB6592D517FC                           
00015030  __covrec_3E5598E6C0B42553                           
00005440  __covrec_3E57519724A2D42B                           
000088e8  __covrec_3E7DF015DBC53AF9                           
0001f0a8  __covrec_3E9B067C2AF7B980                           
00023018  __covrec_3E9B0EF1AFDE6C23                           
00014c98  __covrec_3EA0432BC3C9FA6C                           
00022938  __covrec_3EEF78312BD96C34                           
00022618  __covrec_3F10DB2D12771804                           
00010070  __covrec_3F2E42F9D5543EE2                           
000072b8  __covrec_3F388789CB10C043                           
00016b10  __covrec_3F3F06B0DE5DFDFD                           
00022258  __covrec_3F515E8DEDCFDB3C                           
00022230  __covrec_3F5C1E56D1753C63                           
0000fc38  __covrec_3F610DF2673E5B69                           
0001a378  __covrec_3F67DCC65271B3FF                           
00012078  __covrec_3F76C64CAB73FA3F                           
00021510  __covrec_3F79BDA4008A8933                           
0000afd0  __covrec_3F7A4A41FFC9BE16                           
00005c60  __covrec_3FAF1812B7100266                           
000078f8  __covrec_3FD00206CB732DBD                           
00012bc8  __covrec_3FD1311A037EBF95                           
00005da0  __covrec_3FF19FD56A64467                            
00006b10  __covrec_4011F1AD3B6D1AF9                           
000206d8  __covrec_4013210C481D0A23                           
0000e6d0  __covrec_4050672B6417F25                            
00012280  __covrec_405ABECFF4706CA7                           
00023798  __covrec_405D48D0FC02CE4                            
00018000  __covrec_406378224CE7840F                           
00016d90  __covrec_40835A27C3B3C9BC                           
00000fd0  __covrec_408CC9783B033088                           
0000c6c8  __covrec_4091CD943CCF8C5B                           
0000f5f8  __covrec_4097419DD0362710                           
00004c20  __covrec_40BE4EBA087C0A14                           
000007b0  __covrec_40C18490949891D7                           
0001bc00  __covrec_40C2045D2339AE27                           
0001aa80  __covrec_40C30177E58A8F00                           
00017cb8  __covrec_40C3C35157F185E9                           
00009c20  __covrec_40D0B7BA41150093                           
000203e0  __covrec_40D646295DAC752                            
00006458  __covrec_40EF6DA59BF1358B                           
000161b0  __covrec_4125B57286A5529                            
00024120  __covrec_41297A6DA905A84F                           
0000c7b8  __covrec_412AD9C75C1B51AC                           
000056c0  __covrec_4134B07B45A07085                           
000024e8  __covrec_413A39E5A8D43E11                           
0000c308  __covrec_4177E95219D51969                           
00017e48  __covrec_41838BAC8E2D2787                           
00016480  __covrec_41AEBAB8BD1FD2DB                           
00009d60  __covrec_41C69CD925CD8A1B                           
00021b28  __covrec_41D355DEE93F316                            
00011e48  __covrec_4278A4CC7EA2B48F                           
0000f788  __covrec_428FD68580FEEB5E                           
00009db0  __covrec_4290A1CA61C3EE4                            
0000aa08  __covrec_42AC900BB7486493                           
000220f0  __covrec_42B1FA5D2A28E44C                           
000076c8  __covrec_42BBF155C16B0EB6                           
00022000  __covrec_42C38FC99BBB9DEE                           
0000a440  __covrec_42D15EBB013A3D5D                           
00008d48  __covrec_42FC287338A248BD                           
0001ebf8  __covrec_430272C77074C92                            
0000f2b0  __covrec_43072437AA45AA5                            
0001f698  __covrec_430FD1DD48650ACE                           
00002a60  __covrec_432817A303D92BD1                           
00015c10  __covrec_433BCD6A7AE9A476                           
00014ce8  __covrec_4351608A646C6B0                            
00018140  __covrec_436280033B12932A                           
00017510  __covrec_4372B022B5546D6B                           
000000d0  __covrec_43754CAB66210EADu                          
00012998  __covrec_4378EEF47529ACB7                           
000097c0  __covrec_438D9DAD9736276C                           
000113d0  __covrec_438E6DA8340BF71D                           
0000c1a0  __covrec_4392D9038D1D9659                           
0000e068  __covrec_43B3809B98845D45                           
00002d58  __covrec_43BC90899029C9D5                           
0001d348  __covrec_43CA149CDA99F19C                           
000193b0  __covrec_43D8C40C41906745                           
00002b50  __covrec_43F31289FEF2F462                           
0000cf88  __covrec_441CA2F0B18AF4C9                           
00024850  __covrec_4436F28390350551                           
000129c0  __covrec_4442015EC0C5EEBB                           
00017c18  __covrec_4474B8D0BC074C04                           
00014c70  __covrec_449CAC6A58F3AD72                           
000090e0  __covrec_44AC10EC143B811C                           
00021920  __covrec_44B12D8825409BC2                           
00016d68  __covrec_44C5379EEB9C4                              
00009bd0  __covrec_44D488810E3E579E                           
00002a88  __covrec_45172430EF97AEC9                           
000069f8  __covrec_4526568532B8DD5F                           
00009068  __covrec_4526B0CBB3C28C05                           
00005fd0  __covrec_45285314C707F78A                           
0001e158  __covrec_45436CBF3A4CA093                           
00012500  __covrec_454FB1DFD974CCE6                           
0000ae40  __covrec_456DE4155BAF9DA9                           
00020598  __covrec_45806013A668158C                           
00013ca8  __covrec_45D841902927495C                           
0001f1c0  __covrec_45E0153103EFF78C                           
0000bfe8  __covrec_45E6723FAF3867BE                           
0000b278  __covrec_45EB13B81907E913                           
0000d348  __covrec_45FD1A177C1DF800                           
00013938  __covrec_4600AE4381D2A14B                           
00009720  __covrec_461B97B92772FB6A                           
00003d70  __covrec_461F414D383104CA                           
00024738  __covrec_4636F542C7B57A00                           
00019d38  __covrec_46453BBBC5316FD3                           
00014e50  __covrec_4665283335DF6F97                           
000215d8  __covrec_4698FA8E637FED05                           
00012858  __covrec_46BEBFAC6345CB29                           
00002510  __covrec_46CFF20A3272DC93                           
00003938  __covrec_46D098413E9410EF                           
00009ce8  __covrec_46D8FF4847FD7D1E                           
0000d258  __covrec_46E46989C24F1DA6                           
00011970  __covrec_46EC7C9FF469415B                           
00018460  __covrec_46EDCBBEAFD38B16                           
0001ff30  __covrec_46EDE5804B593543                           
00000260  __covrec_46F88230977B49FC                           
00011dd0  __covrec_47076422E3EBB4B7                           
0001e108  __covrec_4718A562B567B04C                           
00011510  __covrec_47239A68BB7AFCFF                           
00022b68  __covrec_4726466DEFBBB981                           
0000cb78  __covrec_47371E6A14F37019                           
0001aeb8  __covrec_473C66096BA722FD                           
000109a8  __covrec_473CBFDE1859342C                           
0000bef8  __covrec_474318727FA02B9C                           
0001ba70  __covrec_4749F46D3908955F                           
0001ff80  __covrec_475CA32B2C2CE266                           
00016fe8  __covrec_476992FF089351FB                           
00001c28  __covrec_4779C2DBB640E6C3                           
00009040  __covrec_478C0FAA7E4CFCB3                           
00000d78  __covrec_4793BCA81EFDADFE                           
0001d398  __covrec_479B15013490219A                           
0001b160  __covrec_47BE7FD010B31ACF                           
00000f58  __covrec_47EF24B68DF5509B                           
00009a90  __covrec_47F2DE9FDADD83E                            
00000da0  __covrec_47F579BABCD4CF22                           
000174c0  __covrec_47FB578411340773                           
00011df8  __covrec_481BA3D35A4756EB                           
000090b8  __covrec_4837DF2A71535D44                           
00019b08  __covrec_483E582084ED31BD                           
0000e3d8  __covrec_48436A6AA0909D8A                           
0001fe40  __covrec_485836BA7ADA70E7                           
0001aaa8  __covrec_4891A72BFF7F5031                           
00017060  __covrec_48B35313DF575FFA                           
00022208  __covrec_48BFA1C093CFE041                           
0001fc60  __covrec_48CBB17F0CCCA98C                           
00017560  __covrec_48DB928E5EA29731                           
00001818  __covrec_48F6325AC83F0DE1                           
00000bc0  __covrec_48F70C8DE5D5AAA2                           
00001980  __covrec_48FD354D1367032                            
0001cee8  __covrec_4920BE8E09645FFF                           
000095e0  __covrec_496D2B7053B35B64                           
0001f5f8  __covrec_497DA2F3E5D93472                           
00016138  __covrec_49838A933E918F6A                           
00009220  __covrec_49AC53C749EDA5C1                           
0001e0b8  __covrec_49B99623CFA970C2                           
00005850  __covrec_49DFD33FEF0D504C                           
0000b980  __covrec_49F0ACD0342415F3                           
0000ab48  __covrec_49FB078994ECC0B2                           
00008ed8  __covrec_4A1D07B2F4DAF5AE                           
000048d8  __covrec_4A2D448C730C8DE1                           
000122a8  __covrec_4A2FA4057479893B                           
000226b8  __covrec_4A70D883AED610D6                           
00000ad0  __covrec_4A71F76137D1C9B1                           
000035f0  __covrec_4A738DD4CAE97BEA                           
00013140  __covrec_4A7ED0D2F2AEA5EE                           
00004400  __covrec_4A96CE9EDA511E95                           
00006fe8  __covrec_4A982DACBE37D45E                           
00010f20  __covrec_4AC01A0EFD1DFC6D                           
0000b4a8  __covrec_4AD3267B9EAE526                            
000111f0  __covrec_4AE30FB410F4CFFA                           
00001db8  __covrec_4AE55592A9ADA3A2                           
00002ec0  __covrec_4AE7340B8DCDF6AE                           
000033e8  __covrec_4AEB4754DF08838B                           
0001d758  __covrec_4AF143174640E56D                           
00012488  __covrec_4B104A81B3C2F86A                           
00021998  __covrec_4B154ED39D9AF395                           
00015b98  __covrec_4B1752517A897C5                            
000091d0  __covrec_4B3474E56418C3FE                           
0000ac10  __covrec_4B390B7866CD3A4D                           
00000e90  __covrec_4B395E5F3DE29F7F                           
00018c30  __covrec_4B5ADC67ED6C8790                           
00003b40  __covrec_4B6569F9909312D2                           
0000a620  __covrec_4B659EDEC7EC6270                           
00007268  __covrec_4B7C2EF6E8ABC076                           
00008000  __covrec_4B7DC3C267BBC035                           
0000d3e8  __covrec_4BB652AA23511ADF                           
00014a40  __covrec_4BCFC91C4159B7BB                           
0001f5d0  __covrec_4C2163C5B5E62E0A                           
00010fc0  __covrec_4C29EC2D90811FE1                           
00012e98  __covrec_4C80DA44FB3A96A9                           
000025d8  __covrec_4CA916E060BFDC73                           
00007ba0  __covrec_4CAAEE63EAB944FE                           
0000d938  __covrec_4CB2AA2492BB0FC4                           
00009338  __covrec_4CB2D0D2FE3EEF3E                           
00011420  __covrec_4CB49906D4D8BD4F                           
0000c218  __covrec_4CC275C8A00CCEEB                           
000226e0  __covrec_4CF1F17A7E634135                           
000110d8  __covrec_4CF68FD5C04600C8                           
000045e0  __covrec_4D13C2E09E5F4CE2                           
00019db0  __covrec_4D32569C34B2D696                           
00002268  __covrec_4D5976BDD80DE62F                           
000111c8  __covrec_4DA04D9995FAB0B4                           
0000d9d8  __covrec_4DA4D50ABF717294                           
00024288  __covrec_4DAE465C3086FC76                           
0001f2d8  __covrec_4DC7EBBFBBF2C80C                           
0000e568  __covrec_4DE0902CEF077A51                           
000173a8  __covrec_4DE3D6A3E8BDB070                           
00012190  __covrec_4E11EEECEF74531C                           
00006728  __covrec_4E1905FC878707E7                           
00012688  __covrec_4E1A7F59973ACCB2u                          
00020e30  __covrec_4E1DBE19647923AA                           
00020ae8  __covrec_4E427332E8382E46                           
000069a8  __covrec_4E80D2942CAA33D2                           
0000e810  __covrec_4E936A1E4937C02E                           
000114e8  __covrec_4EA73EDE03EA7AC9                           
0001e4f0  __covrec_4EB0839C474D2F33                           
000138e8  __covrec_4EC6A12FB13E3388                           
0001d370  __covrec_4EFB28BC93277616                           
00019608  __covrec_4EFD1DA62AB1D0E3                           
00023068  __covrec_4F1EDF961F9F9089                           
00015f30  __covrec_4F2301F1873D147E                           
00003f50  __covrec_4F3554549BE7A990                           
0000cd08  __covrec_4F54308AE2348CFD                           
00004f18  __covrec_4F5AA496BB7072A4                           
0000f7b0  __covrec_4F5E6B4C74A005AB                           
0000bd40  __covrec_4F645A26125D1C8B                           
0001bea8  __covrec_4F658069E82642B3                           
0000a6e8  __covrec_4F6D7B641F46AE0A                           
0000efb8  __covrec_4F7091684DF0AC93                           
000162c8  __covrec_4F98EC9A5D6C22FC                           
0000d460  __covrec_4FB88B74DC9672C1                           
000223c0  __covrec_4FC04B3E518F0361                           
0000b228  __covrec_4FC7B427B3B2CEC2                           
0000ff80  __covrec_4FD8E8BD00701EF4                           
0000ed60  __covrec_4FDA9328639F3B51                           
00015fd0  __covrec_4FE47ABC0D76B93E                           
0001a710  __covrec_4FF6C882AEFBE71                            
00006778  __covrec_4FF6CA47F8AECE41                           
000197e8  __covrec_500923B66EDC1559                           
00009978  __covrec_50394FD87BBA1630                           
00015df0  __covrec_50443E9660573DAD                           
000216a0  __covrec_50652C5F2DE678E3                           
00011560  __covrec_506705E9BCFFD96C                           
00007bf0  __covrec_50692BC34D97A3D9                           
000048b0  __covrec_507F2F110A945A2D                           
00000e40  __covrec_50B1FF7694E13956                           
00018fa0  __covrec_50E1A630398A4DB2                           
00007880  __covrec_50F327C6B027E7ED                           
00020d90  __covrec_50F46F04ABA816B1                           
00004018  __covrec_50F70A712A1FC762                           
00014bf8  __covrec_511C8E60BD52A8FB                           
0001ab70  __covrec_512002C148919CFE                           
000034d8  __covrec_5156A8D013F60117                           
00014d10  __covrec_51714BA3B36DEA32                           
00014568  __covrec_51932377A8B429F2                           
0001f918  __covrec_51997A82F632E9B6                           
00019e50  __covrec_51A09EDC84208728                           
000032a8  __covrec_51B781D3AE80E419                           
00013708  __covrec_51BBACEB942ABDE0                           
00011b28  __covrec_51C02D29A061CFB8                           
0001cce0  __covrec_51C74FFAA225D32A                           
00005a08  __covrec_51D7EECF6A60435C                           
00014338  __covrec_51DD21FD505FE478                           
0000daa0  __covrec_51ED15640AE1E781                           
00011678  __covrec_520CF33A215ABA3A                           
0000dfa0  __covrec_520D3B7F0D75701B                           
0000c3f8  __covrec_520E7B167105424E                           
00008618  __covrec_522771E5DAC7E127                           
000052b0  __covrec_524958ADC9233CAD                           
00002c68  __covrec_5250899153F007A3                           
00019338  __covrec_525C3DF9C95B7EC                            
000124d8  __covrec_5281E5C04AE2CD59                           
00016200  __covrec_5284D5E45F2661CB                           
00002538  __covrec_528E8FB409EC553A                           
0001ecc0  __covrec_528F08850A5A6AA                            
0000d6e0  __covrec_529AC6DF93B13B03                           
0001c6f0  __covrec_52B97E8CA708B350                           
000127a0  __covrec_52DA6B89AFD9BEEFu                          
0000d9b0  __covrec_52DF949C3D283718                           
0000a990  __covrec_5307BFECDBF2BBE8                           
0000de38  __covrec_53242395682CDA28                           
00004090  __covrec_5324740A855A9B1E                           
000194c8  __covrec_53274C6784AC6740                           
[...]
00022af0  __covrec_9B8C2CA9195D8A89                           
00022b18  __covrec_F7CCB73360C44C19                           
00022b40  __covrec_C4B01E72A10B79FE                           
00022b68  __covrec_4726466DEFBBB981                           
00022b90  __covrec_201277E0AA6EE9F3                           
00022bb8  __covrec_845FD839DBC7C1AF                           
00022be0  __covrec_608E1EBDE4771F04                           
00022c08  __covrec_BE9D5D41A4A00A13                           
00022c30  __covrec_CC6EB3AA84257997                           
00022c58  __covrec_8B753A5C478F8754                           
00022c80  __covrec_23BA94AFA28E8B44                           
00022ca8  __covrec_B924B179892F5543                           
00022cd0  __covrec_150B89D347BC7E6E                           
00022cf8  __covrec_7E8D5D9947CB4DEB                           
00022d20  __covrec_EFE4358F82272623                           
00022d48  __covrec_AFB7312F1F304372                           
00022d70  __covrec_2F22268672A76EE3                           
00022d98  __covrec_D07EA17EA69B8479                           
00022dc0  __covrec_2EB222C72903A525                           
00022de8  __covrec_18AC38AE70A94599                           
00022e10  __covrec_A72580571A0F056D                           
00022e38  __covrec_986BD29BFA975C74                           
00022e60  __covrec_D6A18F6B0143D735                           
00022e88  __covrec_35368D2270EB9D54                           
00022eb0  __covrec_AFFEE0267C35E1C9                           
00022ed8  __covrec_5B2EF3F713A9AD4C                           
00022f00  __covrec_26BDD9085FF96DA5                           
00022f28  __covrec_1540C2C144B9922B                           
00022f50  __covrec_DACD33E1AF0DED55                           
00022f78  __covrec_F9263E8B0B2360BF                           
00022fa0  __covrec_22E2236BC99304F9                           
00022fc8  __covrec_922DA92A28304F0F                           
00022ff0  __covrec_ABBB0DCCFB7B4AA9                           
00023018  __covrec_3E9B0EF1AFDE6C23                           
00023040  __covrec_D19EE980B71AEC43                           
00023068  __covrec_4F1EDF961F9F9089                           
00023090  __covrec_993A6E8B0790B7DA                           
000230b8  __covrec_BD68002B29E6FA                             
000230e0  __covrec_609D0681607B0888                           
00023108  __covrec_6858C8E5B39CEB34                           
00023130  __covrec_CB298777B5BBC7AD                           
00023158  __covrec_753AC122F5322A9A                           
00023180  __covrec_1ED2390858C3EB64                           
000231a8  __covrec_617E8FCBAE7597D0                           
000231d0  __covrec_6884C285E245124A                           
000231f8  __covrec_F5013732295CEBE5                           
00023220  __covrec_BEB1D8468371349B                           
00023248  __covrec_DDCA764F6F979673                           
00023270  __covrec_EFD1C49295F7E42E                           
00023298  __covrec_2A658EA1206C62D6                           
000232c0  __covrec_B451A5983A07C08F                           
000232e8  __covrec_303E360AA0461E56                           
00023310  __covrec_EB81A68135E0DDA4                           
00023338  __covrec_75B4464203626D69                           
00023360  __covrec_96FA237B6317939A                           
00023388  __covrec_589F986B7592F53B                           
000233b0  __covrec_3E1A6E5850148636                           
000233d8  __covrec_695B846627E823D1                           
00023400  __covrec_9BF50A7EEF665123                           
00023428  __covrec_81F37EBCBF637F88                           
00023450  __covrec_D7386B0EE8FE1AA8                           
00023478  __covrec_88D20376481FF100                           
000234a0  __covrec_F88B33E70F89E09                            
000234c8  __covrec_13672E230F457DC9                           
000234f0  __covrec_2C177686F2932C2C                           
00023518  __covrec_E7F6FCCA4F212604                           
00023540  __covrec_BAE55637B2915732                           
00023568  __covrec_916FF1DCA6C18374                           
00023590  __covrec_25D863D26F29F221                           
000235b8  __covrec_7A0EA898D56D0CFC                           
000235e0  __covrec_39B0DFCD7DF2AB37                           
00023608  __covrec_3DE34E8EF07EF7FD                           
00023630  __covrec_5EA71F0DEB9B9AE1                           
00023658  __covrec_A8498A117B23AFC8                           
00023680  __covrec_D66F26331EE7175B                           
000236a8  __covrec_68010FB294048503                           
000236d0  __covrec_8B9A3DF1DFB13D5                            
000236f8  __covrec_2D4D821B616E6924                           
00023720  __covrec_6352F0854902E882                           
00023748  __covrec_30C72D90FAAB52FA                           
00023770  __covrec_11548A0C371099D9                           
00023798  __covrec_405D48D0FC02CE4                            
000237c0  __covrec_5AA4C50A3572C884                           
000237e8  __covrec_3BEEED776316E3D8                           
00023810  __covrec_A43679B7CAE7663                            
00023838  __covrec_8D90CBB889ED1FE5                           
00023860  __covrec_784B640CB8E108BA                           
00023888  __covrec_F7E26B3CC76FBD79                           
000238b0  __covrec_1A0F7EC2AC44F654                           
000238d8  __covrec_2D723378264E6A7                            
00023900  __covrec_307BB5214E98EBCB                           
00023928  __covrec_DFFFDF448C6D309                            
00023950  __covrec_31DC30DDC7036A3C                           
00023978  __covrec_C7D3229704260BFE                           
000239a0  __covrec_B9C3540C3AC1D54F                           
000239c8  __covrec_FFDBAA12E3B6E83D                           
000239f0  __covrec_E7095CEEB5EADC68                           
00023a18  __covrec_FB989D4CBC1E077                            
00023a40  __covrec_278B19F5D60C3947                           
00023a68  __covrec_A085E9CD601672CE                           
00023a90  __covrec_8D541966D9D56E19                           
00023ab8  __covrec_A820663F94339109                           
00023ae0  __covrec_29FD4C6F37BB673F                           
00023b08  __covrec_87AAEC4718B9F8AC                           
00023b30  __covrec_A3C077298A1EE38                            
00023b58  __covrec_AA52FE737418A4EA                           
00023b80  __covrec_F04D21C3157E4AF3                           
00023ba8  __covrec_C7C205F37933D1CA                           
00023bd0  __covrec_67F0E0E2F00783DA                           
00023bf8  __covrec_CFCCF873B7181C91                           
00023c20  __covrec_99409FA97391397F                           
00023c48  __covrec_AB2A380F7C8F9FB2                           
00023c70  __covrec_A0DBB38BB4760AA5                           
00023c98  __covrec_7C742A04106EA598                           
00023cc0  __covrec_30E2ED287923C2A1                           
00023ce8  __covrec_3AAA503472040552                           
00023d10  __covrec_CD5C2F4CD8490DB3                           
00023d38  __covrec_5FAB5DB66DF3F6B1                           
00023d60  __covrec_A9C700E1C71561D6                           
00023d88  __covrec_9C82DD3C630C958E                           
00023db0  __covrec_C617E7C9DBB1B5DC                           
00023dd8  __covrec_6230355C4154A2EB                           
00023e00  __covrec_157321A8C10AC04E                           
00023e28  __covrec_80F12DDB53016D40                           
00023e50  __covrec_7149D062015CF471                           
00023e78  __covrec_FEEDC4A55B8BFBDD                           
00023ea0  __covrec_DEE1C41A02EED5C4                           
00023ec8  __covrec_A52E9CCCE269F017                           
00023ef0  __covrec_59F98C605AC61246                           
00023f18  __covrec_ADE3F00B66E34EBB                           
00023f40  __covrec_F977D804E2DE5C3E                           
00023f68  __covrec_2D2B2BAF1BAC8BDA                           
00023f90  __covrec_1A4544BED21CEB2C                           
00023fb8  __covrec_5F9688E4D5455A4F                           
00023fe0  __covrec_DFE73B7B1021BC7A                           
00024008  __covrec_1CABCD001BB8A2D4                           
00024030  __covrec_BE4C15D3B32B067C                           
00024058  __covrec_FD9DA43F75BC40F9                           
00024080  __covrec_A867A2AB552AD431                           
000240a8  __covrec_AA40C52F613ED07F                           
000240d0  __covrec_A18395C77B6C122B                           
000240f8  __covrec_80A470E2383756C7                           
00024120  __covrec_41297A6DA905A84F                           
00024148  __covrec_134F21299CF91075                           
00024170  __covrec_871145ED86CD1F0                            
00024198  __covrec_BE385D0749AA9AC6                           
000241c0  __covrec_5B3116183A6F0466                           
000241e8  __covrec_D4626EC386D868E0                           
00024210  __covrec_731B204584E19236                           
00024238  __covrec_13941B1E936B73E2                           
00024260  __covrec_9D8BCDECE7C49ABE                           
00024288  __covrec_4DAE465C3086FC76                           
000242b0  __covrec_2A91C3E5F45518F9                           
000242d8  __covrec_11F13472B68456                             
00024300  __covrec_7B0291F67719FE1E                           
00024328  __covrec_6822925391E24728                           
00024350  __covrec_9BE0DEA223C84842                           
00024378  __covrec_A974A80756D49DB9                           
000243a0  __covrec_E1A5B2CA3303A7AC                           
000243c8  __covrec_CECC738F131939BC                           
000243f0  __covrec_2548E4241C41D4AC                           
00024418  __covrec_D586C93DA51AE2EF                           
00024440  __covrec_9D7FE2815054410B                           
00024468  __covrec_BF0525D0545F407D                           
00024490  __covrec_CED9A24C87C67E33                           
000244b8  __covrec_BBC1B71FF0D6E9B7                           
000244e0  __covrec_E66B7ADE829927E1                           
00024508  __covrec_CCA1F12623A87E34                           
00024530  __covrec_693DE5C38757BCA9                           
00024558  __covrec_276B3C7F132E7949                           
00024580  __covrec_A359454EB6553D3C                           
000245a8  __covrec_AC331E4603C5064F                           
000245d0  __covrec_6B6CF2E8B51150E7                           
000245f8  __covrec_FC4C0F69166A5CA                            
00024620  __covrec_9988F745693DE43F                           
00024648  __covrec_F2FDFE424BC57950                           
00024670  __covrec_D946AFFF68D80E46                           
00024698  __covrec_77E8D9E82E558C56                           
000246c0  __covrec_E6BC0395B465B060                           
000246e8  __covrec_B5717455E0C92E77                           
00024710  __covrec_7BCD1EAB9F4C3537                           
00024738  __covrec_4636F542C7B57A00                           
00024760  __covrec_7D40DEB2329FBEA7                           
00024788  __covrec_812471B10D40FFA1                           
000247b0  __covrec_8348022D202C8AC0                           
000247d8  __covrec_CDBEC65CA76225B3                           
00024800  __covrec_74886A0737907A5C                           
00024828  __covrec_676F8970FE61FFB9                           
00024850  __covrec_4436F28390350551                           
00024878  __covrec_346C6355D054AFA7                           
000248a0  __covrec_222CA9EC1B745CD9                           
000248c8  __covrec_C37F4325D39AA6F4                           
000248f0  __covrec_AD1A311A8594BE7E                           
00024918  __covrec_C1879FA7C346EBC                            
00024940  __covrec_749663B955003AA6                           
00024968  __covrec_D65B84EB5603889D                           
00024990  __covrec_A3B838279DB1FA53                           
000249b8  __covrec_15D8AD984765CE7C                           
000249e0  __covrec_12B18424C859DF9D                           
00024a08  __covrec_913EA166209F947B                           
00024a30  __covrec_1759666B8765F80D                           
00024a58  __covrec_3218CEAEDF4FBA00                           
00024a80  __covrec_1BEE14838B08B7EA                           
00024aa8  __covrec_60E17CA99ACCDE1D                           
00024ad0  __covrec_9C1F00C8590A33A7                           
00024af8  __covrec_E3820D34BA47BB77                           
00024b20  __covrec_F442D8DCEFB37265                           
00024b48  __covrec_63D8F0E07CCD453E                           
00024b70  __covrec_87407FA9A44A40A2u                          
00024ba0  __covrec_708B7A7D79BBA6F8u                          
10000000  interruptVectors                                    
10000121  SYSCFG_DL_initPower                                 
100001e1  memcpy                                              
1000027d  main                                                
100002f9  SYSCFG_DL_GPIO_init                                 
10000373  SYSCFG_DL_SYSCTL_init                               
100003e9  __TI_decompress_lzss                                
1000045d  __TI_auto_init_nobinit_nopinit                      
10000495  SYSCFG_DL_init                                      
100004bd  _c_int00_noargs                                     
100004e1  Reset_Handler                                       
100004fd  ADC0_DCOMP_IRQHandler                               
100004fd  ADC0_SEQ0_IRQHandler                                
100004fd  ADC0_SEQ1_IRQHandler                                
100004fd  ADC0_SEQ2_IRQHandler                                
100004fd  ADC0_SEQ3_IRQHandler                                
100004fd  ADC1_DCOMP_IRQHandler                               
100004fd  ADC1_SEQ0_IRQHandler                                
100004fd  ADC1_SEQ1_IRQHandler                                
100004fd  ADC1_SEQ2_IRQHandler                                
100004fd  ADC1_SEQ3_IRQHandler                                
100004fd  AESADVHP_IRQHandler                                 
100004fd  CANFD0_IRQHandler                                   
100004fd  CANFD1_IRQHandler                                   
100004fd  COMP0_IRQHandler                                    
100004fd  COMP1_IRQHandler                                    
100004fd  DEBUGSS_IRQHandler                                  
100004fd  DMA0_IRQHandler                                     
100004fd  DMA1_IRQHandler                                     
100004fd  Default_Handler                                     
100004fd  FLASHCTL_IRQHandler                                 
100004fd  GPIOA_IRQHandler                                    
100004fd  GPIOB_IRQHandler                                    
100004fd  GPIOC_IRQHandler                                    
100004fd  HardFault_Handler                                   
100004fd  I2S0_IRQHandler                                     
100004fd  I2S1_IRQHandler                                     
100004fd  LFSS_IRQHandler                                     
100004fd  NMI_Handler                                         
100004fd  PKA_IRQHandler                                      
100004fd  PendSV_Handler                                      
100004fd  QSPI_IRQHandler                                     
100004fd  SHAW_IRQHandler                                     
100004fd  SVC_Handler                                         
100004fd  SYSCTL_IRQHandler                                   
100004fd  SysTick_Handler                                     
100004fd  TIMA0_0_IRQHandler                                  
100004fd  TIMA0_1_IRQHandler                                  
100004fd  TIMG12_0_IRQHandler                                 
100004fd  TIMG4_0_IRQHandler                                  
100004fd  TIMG4_1_IRQHandler                                  
100004fd  TIMG4_2_IRQHandler                                  
100004fd  TIMG4_3_IRQHandler                                  
100004fd  TIMG8_0_IRQHandler                                  
100004fd  TIMG8_1_IRQHandler                                  
100004fd  TRNG_IRQHandler                                     
100004fd  UC0_IRQHandler                                      
100004fd  UC10_IRQHandler                                     
100004fd  UC1_IRQHandler                                      
100004fd  UC2_IRQHandler                                      
100004fd  UC3_IRQHandler                                      
100004fd  UC4_IRQHandler                                      
100004fd  UC5_IRQHandler                                      
100004fd  UC6_IRQHandler                                      
100004fd  UC7_IRQHandler                                      
100004fd  UC8_IRQHandler                                      
100004fd  UC9_IRQHandler                                      
100004fd  WWDT0_IRQHandler                                    
10000517  DL_Common_delayCycles                               
1000052b  __TI_decompress_none                                
10000539  abort                                               
1000053e  C$$EXIT                                             
1000053f  HOSTexit                                            
10000545  __aeabi_memcpy                                      
10000545  __aeabi_memcpy4                                     
10000545  __aeabi_memcpy8                                     
10000549  _system_pre_init                                    
10000550  __TI_static_base__                                  
1000055c  __TI_Handler_Table_Base                             
10000564  __TI_CINIT_Base                                     
10000564  __TI_Handler_Table_Limit                            
1000056c  __TI_CINIT_Limit                                    
1000056c  __TI_CINIT_Warm                                     
30000000  __profc_Default_Handler                             
30000000  __start___llvm_prf_bits                             
30000000  __start___llvm_prf_cnts                             
30000000  __stop___llvm_prf_bits                              
30000020  __profc_Reset_Handler                               
30000028  __profc_SYSCFG_DL_GPIO_init                         
30000030  __profc_SYSCFG_DL_SYSCTL_init                       
30000038  __profc_SYSCFG_DL_init                              
30000040  __profc_SYSCFG_DL_initPower                         
30000098  __stop___llvm_prf_cnts                              
3003fef8  __stack                                             
3003fff8  __STACK_END                                         
ffffffff  __TI_pprof_out_hndl                                 
ffffffff  __TI_prof_data_size                                 
ffffffff  __TI_prof_data_start                                
ffffffff  __binit__                                           
ffffffff  binit                                               
UNDEFED   __mpu_init                                          
UNDEFED   _system_post_cinit                                  

[3880 symbols]
