******************************************************************************
            TI ARM Clang Linker PC v4.0.3                      
******************************************************************************
>> Linked Fri Oct 31 11:35:37 2025

OUTPUT FILE NAME:   <spi_controller_register_format_LP_MSPM33C321A_nortos_ticlang.out>
ENTRY POINT SYMBOL: "_c_int00_noargs"  address: 1002cee9


MEMORY CONFIGURATION

         name            origin    length      used     unused   attr    fill
----------------------  --------  ---------  --------  --------  ----  --------
  FLASH                 10000000   000fffff  0002cfd0  000d302f  R  X
  SRAM                  30000000   0003ffff  00025b08  0001a4f7  RW X
  DATA                  80000000   00007fff  00000000  00007fff  R   
  BCR_CONFIG            80101800   000003ff  00000000  000003ff  R   
  BSL_CONFIG            80101c00   000003ff  00000000  000003ff  R   


SEGMENT ALLOCATION MAP

run origin  load origin   length   init length attrs members
----------  ----------- ---------- ----------- ----- -------
10000000    10000000    0002cfd0   0002cfd0    r-x
  10000000    10000000    00000120   00000120    r-- .intvecs
  10000120    10000120    00025830   00025830    r-- .rodata
  10025950    10025950    00007650   00007650    r-x .text
  1002cfa0    1002cfa0    00000030   00000030    r-- .cinit
30000000    30000000    00025a08   00000000    rw-
  30000000    30000000    00025800   00000000    rw- .bss
  30025800    30025800    00000208   00000000    rw- __llvm_prf_cnts
3003fef8    3003fef8    00000100   00000000    rw-
  3003fef8    3003fef8    00000100   00000000    rw- .stack


SECTION ALLOCATION MAP

 output                                  attributes/
section   page    origin      length       input sections
--------  ----  ----------  ----------   ----------------
.intvecs   0    10000000    00000120     
                  10000000    00000114     startup_mspm33c321x_ticlang.o (.intvecs)
                  10000114    0000000c     --HOLE-- [fill = 0]

.text      0    10025950    00007650     
                  10025950    000064b2     tft_frame_buffer_image.o (.text.TFT_Init)
                  1002be02    00000002     --HOLE-- [fill = 0]
                  1002be04    00000648     tft_frame_buffer_image.o (.text.TFT_updateScreen)
                  1002c44c    00000244     tft_frame_buffer_image.o (.text.TFT_WriteDataBulk)
                  1002c690    000001e6     tft_frame_buffer_image.o (.text.main)
                  1002c876    0000014e     ti_msp_dl_config.o (.text.SYSCFG_DL_initPower)
                  1002c9c4    0000012a     ti_msp_dl_config.o (.text.SYSCFG_DL_GPIO_init)
                  1002caee    000000ca     ti_msp_dl_config.o (.text.SYSCFG_DL_SPI_1_init)
                  1002cbb8    000000b2     ti_msp_dl_config.o (.text.SYSCFG_DL_SYSCTL_init)
                  1002cc6a    0000009c     libc.a : memcpy_t2.S.obj (.text:memcpy)
                  1002cd06    00000074            : copy_decompress_lzss.c.obj (.text:decompress:lzss)
                  1002cd7a    00000072            : memset_t2.S.obj (.text:memset)
                  1002cdec    00000046     driverlib.a : dl_unicommspi.o (.text.DL_SPI_init)
                  1002ce32    00000002     --HOLE-- [fill = 0]
                  1002ce34    00000038     libc.a : autoinit.c.obj (.text:__TI_auto_init_nobinit_nopinit)
                  1002ce6c    0000002c     ti_msp_dl_config.o (.text.SYSCFG_DL_init)
                  1002ce98    00000028     driverlib.a : dl_unicommspi.o (.text.DL_Common_updateReg)
                  1002cec0    00000026                 : dl_unicommspi.o (.text.DL_SPI_setClockConfig)
                  1002cee6    00000002     --HOLE-- [fill = 0]
                  1002cee8    00000024     libc.a : boot_cortex_m.c.obj (.text:_c_int00_noargs)
                  1002cf0c    0000001c     startup_mspm33c321x_ticlang.o (.text.Reset_Handler)
                  1002cf28    0000001a     startup_mspm33c321x_ticlang.o (.text.Default_Handler)
                  1002cf42    00000014     driverlib.a : dl_common.o (.text.DL_Common_delayCycles)
                  1002cf56    00000010     libc.a : copy_zero_init.c.obj (.text:decompress:ZI)
                  1002cf66    0000000e            : copy_decompress_none.c.obj (.text:decompress:none)
                  1002cf74    0000000a     libclang_rt.builtins.a : aeabi_memset.S.obj (.text.__aeabi_memset)
                  1002cf7e    00000002     --HOLE-- [fill = 0]
                  1002cf80    00000008                            : aeabi_memset.S.obj (.text.__aeabi_memclr)
                  1002cf88    00000006     libc.a : exit.c.obj (.text:abort)
                  1002cf8e    00000004     libsysbm.a : hostexit.c.obj (.text.HOSTexit)
                  1002cf92    00000002     --HOLE-- [fill = 0]
                  1002cf94    00000004     libclang_rt.builtins.a : aeabi_memcpy.S.obj (.text.__aeabi_memcpy)
                  1002cf98    00000004     libc.a : pre_init.c.obj (.text._system_pre_init)
                  1002cf9c    00000004     --HOLE-- [fill = 0]

.cinit     0    1002cfa0    00000030     
                  1002cfa0    0000000c     (__TI_handler_table)
                  1002cfac    00000009     (.cinit.__llvm_prf_cnts.load) [load image, compression = lzss]
                  1002cfb5    00000003     --HOLE-- [fill = 0]
                  1002cfb8    00000008     (.cinit..bss.load) [load image, compression = zero_init]
                  1002cfc0    00000010     (__TI_cinit_table)

.rodata    0    10000120    00025830     
                  10000120    00025800     tft_frame_buffer_image.o (.rodata.reLogo)
                  10025920    00000018     ti_msp_dl_config.o (.rodata.UC6_Inst)
                  10025938    0000000a     ti_msp_dl_config.o (.rodata.gSPI_1_config)
                  10025942    00000004     ti_msp_dl_config.o (.rodata.gSPI_1_clockConfig)
                  10025946    0000000a     --HOLE-- [fill = 0]

.init_array 
*          0    10000000    00000000     UNINITIALIZED

.binit     0    10000000    00000000     

.bss       0    30000000    00025800     UNINITIALIZED
                  30000000    00025800     tft_frame_buffer_image.o (.bss.frameBuffer)

__llvm_prf_bits 
*          0    30000000    00000000     UNINITIALIZED

.stack     0    3003fef8    00000100     UNINITIALIZED
                  3003fef8    00000004     libc.a : boot_cortex_m.c.obj (.stack)
                  3003fefc    000000fc     --HOLE--

__llvm_prf_cnts 
*          0    30025800    00000208     UNINITIALIZED
                  30025800    00000048     tft_frame_buffer_image.o (__llvm_prf_cnts.__profc_TFT_drawImage)
                  30025848    00000010     startup_mspm33c321x_ticlang.o (__llvm_prf_cnts.__profc_Default_Handler)
                  30025858    00000010     tft_frame_buffer_image.o (__llvm_prf_cnts.__profc_TFT_clearScreen)
                  30025868    00000010     tft_frame_buffer_image.o (__llvm_prf_cnts.__profc_TFT_updateScreen)
                  30025878    00000010     tft_frame_buffer_image.o (__llvm_prf_cnts.__profc_main)
                  30025888    00000010     tft_frame_buffer_image.o (__llvm_prf_cnts.__profc_tft_frame_buffer_image.c_SPI_WriteByte)
                  30025898    00000010     tft_frame_buffer_image.o (__llvm_prf_cnts.__profc_tft_frame_buffer_image.c_TFT_WriteDataBulk)
                  300258a8    00000010     ti_msp_dl_config.o (__llvm_prf_cnts.__profc_ti_msp_dl_config.c_DL_SPI_enablePower)
                  300258b8    00000008     startup_mspm33c321x_ticlang.o (__llvm_prf_cnts.__profc_Reset_Handler)
                  300258c0    00000008     ti_msp_dl_config.o (__llvm_prf_cnts.__profc_SYSCFG_DL_GPIO_init)
                  300258c8    00000008     ti_msp_dl_config.o (__llvm_prf_cnts.__profc_SYSCFG_DL_SPI_1_init)
                  300258d0    00000008     ti_msp_dl_config.o (__llvm_prf_cnts.__profc_SYSCFG_DL_SYSCTL_init)
                  300258d8    00000008     ti_msp_dl_config.o (__llvm_prf_cnts.__profc_SYSCFG_DL_init)
                  300258e0    00000008     ti_msp_dl_config.o (__llvm_prf_cnts.__profc_SYSCFG_DL_initPower)
                  300258e8    00000008     tft_frame_buffer_image.o (__llvm_prf_cnts.__profc_TFT_Init)
                  300258f0    00000008     tft_frame_buffer_image.o (__llvm_prf_cnts.__profc_TFT_drawImageCentered)
                  300258f8    00000008     tft_frame_buffer_image.o (__llvm_prf_cnts.__profc_tft_frame_buffer_image.c_CS_High)
                  30025900    00000008     tft_frame_buffer_image.o (__llvm_prf_cnts.__profc_tft_frame_buffer_image.c_CS_Low)
                  30025908    00000008     tft_frame_buffer_image.o (__llvm_prf_cnts.__profc_tft_frame_buffer_image.c_DC_Command)
                  30025910    00000008     tft_frame_buffer_image.o (__llvm_prf_cnts.__profc_tft_frame_buffer_image.c_DC_Data)
                  30025918    00000008     tft_frame_buffer_image.o (__llvm_prf_cnts.__profc_tft_frame_buffer_image.c_DL_Common_updateReg)
                  30025920    00000008     tft_frame_buffer_image.o (__llvm_prf_cnts.__profc_tft_frame_buffer_image.c_DL_GPIO_clearPins)
                  30025928    00000008     tft_frame_buffer_image.o (__llvm_prf_cnts.__profc_tft_frame_buffer_image.c_DL_GPIO_setPins)
                  30025930    00000008     tft_frame_buffer_image.o (__llvm_prf_cnts.__profc_tft_frame_buffer_image.c_DL_SPI_enable)
                  30025938    00000008     tft_frame_buffer_image.o (__llvm_prf_cnts.__profc_tft_frame_buffer_image.c_DL_SPI_isBusy)
                  30025940    00000008     tft_frame_buffer_image.o (__llvm_prf_cnts.__profc_tft_frame_buffer_image.c_DL_SPI_setBitRateSerialClockDivider)
                  30025948    00000008     tft_frame_buffer_image.o (__llvm_prf_cnts.__profc_tft_frame_buffer_image.c_DL_SPI_transmitData8)
                  30025950    00000008     tft_frame_buffer_image.o (__llvm_prf_cnts.__profc_tft_frame_buffer_image.c_TFT_HardwareReset)
                  30025958    00000008     tft_frame_buffer_image.o (__llvm_prf_cnts.__profc_tft_frame_buffer_image.c_TFT_SetAddressWindow)
                  30025960    00000008     tft_frame_buffer_image.o (__llvm_prf_cnts.__profc_tft_frame_buffer_image.c_TFT_WriteCommand)
                  30025968    00000008     tft_frame_buffer_image.o (__llvm_prf_cnts.__profc_tft_frame_buffer_image.c_TFT_WriteData)
                  30025970    00000008     ti_msp_dl_config.o (__llvm_prf_cnts.__profc_ti_msp_dl_config.c_DL_Common_updateReg)
                  30025978    00000008     ti_msp_dl_config.o (__llvm_prf_cnts.__profc_ti_msp_dl_config.c_DL_GPIO_clearPins)
                  30025980    00000008     ti_msp_dl_config.o (__llvm_prf_cnts.__profc_ti_msp_dl_config.c_DL_GPIO_enableOutput)
                  30025988    00000008     ti_msp_dl_config.o (__llvm_prf_cnts.__profc_ti_msp_dl_config.c_DL_GPIO_enablePower)
                  30025990    00000008     ti_msp_dl_config.o (__llvm_prf_cnts.__profc_ti_msp_dl_config.c_DL_GPIO_initDigitalOutput)
                  30025998    00000008     ti_msp_dl_config.o (__llvm_prf_cnts.__profc_ti_msp_dl_config.c_DL_GPIO_initPeripheralInputFunction)
                  300259a0    00000008     ti_msp_dl_config.o (__llvm_prf_cnts.__profc_ti_msp_dl_config.c_DL_GPIO_initPeripheralOutputFunction)
                  300259a8    00000008     ti_msp_dl_config.o (__llvm_prf_cnts.__profc_ti_msp_dl_config.c_DL_GPIO_reset)
                  300259b0    00000008     ti_msp_dl_config.o (__llvm_prf_cnts.__profc_ti_msp_dl_config.c_DL_SPI_enable)
                  300259b8    00000008     ti_msp_dl_config.o (__llvm_prf_cnts.__profc_ti_msp_dl_config.c_DL_SPI_reset)
                  300259c0    00000008     ti_msp_dl_config.o (__llvm_prf_cnts.__profc_ti_msp_dl_config.c_DL_SPI_setBitRateSerialClockDivider)
                  300259c8    00000008     ti_msp_dl_config.o (__llvm_prf_cnts.__profc_ti_msp_dl_config.c_DL_SPI_setFIFOThreshold)
                  300259d0    00000008     ti_msp_dl_config.o (__llvm_prf_cnts.__profc_ti_msp_dl_config.c_DL_SYSCTL_disableHFXT)
                  300259d8    00000008     ti_msp_dl_config.o (__llvm_prf_cnts.__profc_ti_msp_dl_config.c_DL_SYSCTL_disableSYSPLL)
                  300259e0    00000008     ti_msp_dl_config.o (__llvm_prf_cnts.__profc_ti_msp_dl_config.c_DL_SYSCTL_setBORThreshold)
                  300259e8    00000008     ti_msp_dl_config.o (__llvm_prf_cnts.__profc_ti_msp_dl_config.c_DL_SYSCTL_setSYSOSCFreq)
                  300259f0    00000008     ti_msp_dl_config.o (__llvm_prf_cnts.__profc_ti_msp_dl_config.c_DL_UNICOMM_enablePower)
                  300259f8    00000008     ti_msp_dl_config.o (__llvm_prf_cnts.__profc_ti_msp_dl_config.c_DL_UNICOMM_reset)
                  30025a00    00000008     ti_msp_dl_config.o (__llvm_prf_cnts.__profc_ti_msp_dl_config.c_DL_UNICOMM_setIPMode)

MODULE SUMMARY

       Module                          code    ro data   rw data
       ------                          ----    -------   -------
    .\
       tft_frame_buffer_image.o        28452   153600    153888 
       ti_msp_dl_config.o              1056    38        208    
       startup_mspm33c321x_ticlang.o   54      276       24     
    +--+-------------------------------+-------+---------+---------+
       Total:                          29562   153914    154120 
                                                                
    C:/ti/mspm33_sdk_1_00_00_00_internal/source/ti/driverlib/lib/ticlang/m33/mspm33c321x/driverlib.a
       dl_unicommspi.o                 148     0         0      
       dl_common.o                     20      0         0      
    +--+-------------------------------+-------+---------+---------+
       Total:                          168     0         0      
                                                                
    C:\ti\ccs2030\ccs\tools\compiler\ti-cgt-armllvm_4.0.3.LTS\lib\armv8m.main-ti-none-eabi/c/libc.a
       memcpy_t2.S.obj                 156     0         0      
       copy_decompress_lzss.c.obj      116     0         0      
       memset_t2.S.obj                 114     0         0      
       autoinit.c.obj                  56      0         0      
       boot_cortex_m.c.obj             36      0         0      
       copy_zero_init.c.obj            16      0         0      
       copy_decompress_none.c.obj      14      0         0      
       exit.c.obj                      6       0         0      
       pre_init.c.obj                  4       0         0      
    +--+-------------------------------+-------+---------+---------+
       Total:                          518     0         0      
                                                                
    C:\ti\ccs2030\ccs\tools\compiler\ti-cgt-armllvm_4.0.3.LTS\lib\armv8m.main-ti-none-eabi/c/libsysbm.a
       hostexit.c.obj                  4       0         0      
    +--+-------------------------------+-------+---------+---------+
       Total:                          4       0         0      
                                                                
    C:\ti\ccs2030\ccs\tools\compiler\ti-cgt-armllvm_4.0.3.LTS\lib\armv8m.main-ti-none-eabi/libclang_rt.builtins.a
       aeabi_memset.S.obj              18      0         0      
       aeabi_memcpy.S.obj              4       0         0      
    +--+-------------------------------+-------+---------+---------+
       Total:                          22      0         0      
                                                                
       Stack:                          0       0         256    
       Linker Generated:               0       45        0      
    +--+-------------------------------+-------+---------+---------+
       Grand Total:                    30274   153959    154376 


LINKER GENERATED COPY TABLES

__TI_cinit_table @ 1002cfc0 records: 2, size/record: 8, table size: 16
	__llvm_prf_cnts: load addr=1002cfac, load size=00000009 bytes, run addr=30025800, run size=00000208 bytes, compression=lzss
	.bss: load addr=1002cfb8, load size=00000008 bytes, run addr=30000000, run size=00025800 bytes, compression=zero_init


LINKER GENERATED HANDLER TABLE

__TI_handler_table @ 1002cfa0 records: 3, size/record: 4, table size: 12
	index: 0, handler: __TI_zero_init
	index: 1, handler: __TI_decompress_lzss
	index: 2, handler: __TI_decompress_none


GLOBAL SYMBOLS: SORTED ALPHABETICALLY BY Name 

address   name                                                                
-------   ----                                                                
1002cf29  ADC0_DCOMP_IRQHandler                                               
1002cf29  ADC0_SEQ0_IRQHandler                                                
1002cf29  ADC0_SEQ1_IRQHandler                                                
1002cf29  ADC0_SEQ2_IRQHandler                                                
1002cf29  ADC0_SEQ3_IRQHandler                                                
1002cf29  ADC1_DCOMP_IRQHandler                                               
1002cf29  ADC1_SEQ0_IRQHandler                                                
1002cf29  ADC1_SEQ1_IRQHandler                                                
1002cf29  ADC1_SEQ2_IRQHandler                                                
1002cf29  ADC1_SEQ3_IRQHandler                                                
1002cf29  AESADVHP_IRQHandler                                                 
1002cf8e  C$$EXIT                                                             
1002cf29  CANFD0_IRQHandler                                                   
1002cf29  CANFD1_IRQHandler                                                   
1002cf29  COMP0_IRQHandler                                                    
1002cf29  COMP1_IRQHandler                                                    
1002cf29  DEBUGSS_IRQHandler                                                  
1002cf43  DL_Common_delayCycles                                               
1002cded  DL_SPI_init                                                         
1002cec1  DL_SPI_setClockConfig                                               
1002cf29  DMA0_IRQHandler                                                     
1002cf29  DMA1_IRQHandler                                                     
1002cf29  Default_Handler                                                     
1002cf29  FLASHCTL_IRQHandler                                                 
1002cf29  GPIOA_IRQHandler                                                    
1002cf29  GPIOB_IRQHandler                                                    
1002cf29  GPIOC_IRQHandler                                                    
1002cf8f  HOSTexit                                                            
1002cf29  HardFault_Handler                                                   
1002cf29  I2S0_IRQHandler                                                     
1002cf29  I2S1_IRQHandler                                                     
1002cf29  LFSS_IRQHandler                                                     
1002cf29  NMI_Handler                                                         
1002cf29  PKA_IRQHandler                                                      
1002cf29  PendSV_Handler                                                      
1002cf29  QSPI_IRQHandler                                                     
1002cf0d  Reset_Handler                                                       
1002cf29  SHAW_IRQHandler                                                     
1002cf29  SVC_Handler                                                         
1002c9c5  SYSCFG_DL_GPIO_init                                                 
1002caef  SYSCFG_DL_SPI_1_init                                                
1002cbb9  SYSCFG_DL_SYSCTL_init                                               
1002ce6d  SYSCFG_DL_init                                                      
1002c877  SYSCFG_DL_initPower                                                 
1002cf29  SYSCTL_IRQHandler                                                   
1002cf29  SysTick_Handler                                                     
10025951  TFT_Init                                                            
1002be05  TFT_updateScreen                                                    
1002cf29  TIMA0_0_IRQHandler                                                  
1002cf29  TIMA0_1_IRQHandler                                                  
1002cf29  TIMG12_0_IRQHandler                                                 
1002cf29  TIMG4_0_IRQHandler                                                  
1002cf29  TIMG4_1_IRQHandler                                                  
1002cf29  TIMG4_2_IRQHandler                                                  
1002cf29  TIMG4_3_IRQHandler                                                  
1002cf29  TIMG8_0_IRQHandler                                                  
1002cf29  TIMG8_1_IRQHandler                                                  
1002cf29  TRNG_IRQHandler                                                     
1002cf29  UC0_IRQHandler                                                      
1002cf29  UC10_IRQHandler                                                     
1002cf29  UC1_IRQHandler                                                      
1002cf29  UC2_IRQHandler                                                      
1002cf29  UC3_IRQHandler                                                      
1002cf29  UC4_IRQHandler                                                      
1002cf29  UC5_IRQHandler                                                      
1002cf29  UC6_IRQHandler                                                      
1002cf29  UC7_IRQHandler                                                      
1002cf29  UC8_IRQHandler                                                      
1002cf29  UC9_IRQHandler                                                      
1002cf29  WWDT0_IRQHandler                                                    
3003fff8  __STACK_END                                                         
00000100  __STACK_SIZE                                                        
00000000  __TI_ATRegion0_region_sz                                            
00000000  __TI_ATRegion0_src_addr                                             
00000000  __TI_ATRegion0_trg_addr                                             
00000000  __TI_ATRegion1_region_sz                                            
00000000  __TI_ATRegion1_src_addr                                             
00000000  __TI_ATRegion1_trg_addr                                             
00000000  __TI_ATRegion2_region_sz                                            
00000000  __TI_ATRegion2_src_addr                                             
00000000  __TI_ATRegion2_trg_addr                                             
1002cfc0  __TI_CINIT_Base                                                     
1002cfd0  __TI_CINIT_Limit                                                    
1002cfd0  __TI_CINIT_Warm                                                     
1002cfa0  __TI_Handler_Table_Base                                             
1002cfac  __TI_Handler_Table_Limit                                            
1002ce35  __TI_auto_init_nobinit_nopinit                                      
1002cd07  __TI_decompress_lzss                                                
1002cf67  __TI_decompress_none                                                
ffffffff  __TI_pprof_out_hndl                                                 
ffffffff  __TI_prof_data_size                                                 
ffffffff  __TI_prof_data_start                                                
1002cfa0  __TI_static_base__                                                  
1002cf57  __TI_zero_init                                                      
1002cf81  __aeabi_memclr                                                      
1002cf81  __aeabi_memclr4                                                     
1002cf81  __aeabi_memclr8                                                     
1002cf95  __aeabi_memcpy                                                      
1002cf95  __aeabi_memcpy4                                                     
1002cf95  __aeabi_memcpy8                                                     
1002cf75  __aeabi_memset                                                      
1002cf75  __aeabi_memset4                                                     
1002cf75  __aeabi_memset8                                                     
ffffffff  __binit__                                                           
00009bd8  __covrec_1015614E4B08E61D                                           
00009ca0  __covrec_1023C2726819110                                            
0001e380  __covrec_1067EFD43AC4737C                                           
00009f48  __covrec_106B316B39F3E8F9                                           
00017378  __covrec_106C0A8F47E4EBF5                                           
00013a20  __covrec_107802700ECD7C02                                           
000040c0  __covrec_10795250D785534B                                           
0001e560  __covrec_107B128032F6DB3F                                           
000216c0  __covrec_10824BD04F6231E0                                           
000045c0  __covrec_108D7B465AEE2311                                           
0001a258  __covrec_10ACAC719BF92A02                                           
0001a118  __covrec_10D7C14A5E1269A                                            
00014178  __covrec_10D83D798DF85215                                           
000048e0  __covrec_10DBB256204F1295                                           
00022e08  __covrec_10DD02304F236F5B                                           
000010a0  __covrec_10FAC152574AF3A4                                           
0001fb90  __covrec_1129F9D0907743CC                                           
0000f240  __covrec_11500CDD97232ECC                                           
000245a0  __covrec_11548A0C371099D9                                           
000210f8  __covrec_1179DC1F40DF19BB                                           
00020ce8  __covrec_117A6AE779833FFF                                           
0000cc98  __covrec_117CA647C49548CB                                           
0000c2c0  __covrec_117EEA3DE190270E                                           
00020720  __covrec_119935E492C58911                                           
00009688  __covrec_11BE188C2379376                                            
00010e88  __covrec_11C39D69F5CFBFFB                                           
00018200  __covrec_11E4D0BB9C3E8C30                                           
0000b190  __covrec_11E69E13C8198983                                           
00025108  __covrec_11F13472B68456                                             
00006aa0  __covrec_121576B4B3AEC6AA                                           
00008a30  __covrec_122F5418ADACF4D3                                           
00010af0  __covrec_1238FFC6C0414155                                           
0000f088  __covrec_123EF23556749C8B                                           
0000ed40  __covrec_12535760FC4ADAC1                                           
00018908  __covrec_1267B4521C0A50E3                                           
00006870  __covrec_12949BC9633D6407                                           
000069d8  __covrec_12A75C473BB67C71                                           
0001bdd8  __covrec_12A84A218C9DEA06                                           
00025810  __covrec_12B18424C859DF9D                                           
0001fd70  __covrec_12B33D9FCAB5C7F6                                           
00020068  __covrec_12BA5CE176C32DDC                                           
00007310  __covrec_12CA111AEC727CD                                            
000110e0  __covrec_131088E6AD3ACCAD                                           
00013ca0  __covrec_1313DC5687DCCBE4                                           
0001b720  __covrec_13150132607A5180                                           
0001a6b8  __covrec_1317F30DAB07CEFD                                           
0001ffc8  __covrec_132818003A70A7AF                                           
00003800  __covrec_13354F613ADA5F58                                           
0001bab8  __covrec_133B487217BB2E5A                                           
00016248  __covrec_133E6E5754396960                                           
000007e8  __covrec_1348169C3EA1F2D0u                                          
00024f78  __covrec_134F21299CF91075                                           
000242f8  __covrec_13672E230F457DC9                                           
00025068  __covrec_13941B1E936B73E2                                           
00006f78  __covrec_13B340DA6884AAFA                                           
00009840  __covrec_13CC0EC0E7C1617                                            
0000d7d8  __covrec_13D209C83AB139F3                                           
00012350  __covrec_13E1A05045145CD3                                           
0000aba0  __covrec_13EEBDEB1507CEB2                                           
00009b88  __covrec_13F4922932B5B5AA                                           
0001a0c8  __covrec_1409994ABADCA9DB                                           
00017648  __covrec_140C87832FFAF923                                           
000033c8  __covrec_141691CFAEBF2DA6                                           
0001bfb8  __covrec_14465F9D45D58042                                           
000107d0  __covrec_147509653EA2F5AC                                           
00002158  __covrec_148950638CE91830                                           
000051f0  __covrec_148F3D29401CDF62                                           
00009818  __covrec_1499378ECE188E7A                                           
0001a640  __covrec_149ACD14E0572626                                           
0000d850  __covrec_14A79F283BFABACD                                           
000109b0  __covrec_14C4223211CF080A                                           
00022200  __covrec_14C7D3D01E57A504                                           
0001b518  __covrec_14C92017E2A5AC67                                           
00000e70  __covrec_14CDBF97CE13DEE5                                           
00018930  __covrec_14D1DCA4E67C18C5                                           
00021738  __covrec_14FA4B69117446C1                                           
00021788  __covrec_14FF88AAFCD7D57D                                           
00023b50  __covrec_150B89D347BC7E6E                                           
0001a3e8  __covrec_1528E95DCB01A67C                                           
000142e0  __covrec_153C71C9353F6537                                           
00023d58  __covrec_1540C2C144B9922B                                           
00017e90  __covrec_15599278F6628FD9                                           
00001d98  __covrec_155E2780EB9E2447                                           
00020f40  __covrec_15699B8DF7CF109F                                           
00024c30  __covrec_157321A8C10AC04E                                           
0001cc10  __covrec_15A6988EB176291B                                           
00006f50  __covrec_15ADDC2DE26ABDEE                                           
0001f898  __covrec_15B0477F91E5A15B                                           
0000f3a8  __covrec_15B256E28F0CF71B                                           
000257e8  __covrec_15D8AD984765CE7C                                           
000096b0  __covrec_15E9342E4F580831                                           
00019a38  __covrec_15E9C88B8913D74B                                           
0001b658  __covrec_15EBD46F714DA966                                           
0000c3d8  __covrec_15F16235D3A2FA3E                                           
0000fe48  __covrec_15FEAC848F528C6B                                           
0001f140  __covrec_1607E55D10EC504D                                           
00003da0  __covrec_16170A0C8B8FAF39                                           
0001ebf0  __covrec_161C5CCBB18E3472                                           
0001d318  __covrec_162CFD0A1B796938                                           
00002108  __covrec_163A9453C33E2421                                           
0001cb98  __covrec_163C92947DFA7B45                                           
0001ea60  __covrec_1658A1CFEC8A9371                                           
00004160  __covrec_1659655F14839ECE                                           
00003bc0  __covrec_165D1CC5470CD365                                           
00011310  __covrec_1667140CB11964E4                                           
00023628  __covrec_16674943AE982D61                                           
00013a48  __covrec_166C82B5B146B5D7                                           
00006c08  __covrec_166E935050528FD9                                           
00008f08  __covrec_167E6DEE7C22394                                            
000182f0  __covrec_168493D43873B111                                           
0001afc8  __covrec_16A0659A24000E67                                           
00008080  __covrec_16B2B4CD9D25A7B6                                           
00022db8  __covrec_16BDE21014ED2C1                                            
0000e098  __covrec_16CD1192FCE26EA1                                           
0001b130  __covrec_16D434825183503F                                           
0001ca08  __covrec_16D70E5A69A3760A                                           
00008c88  __covrec_16E946C8BB96B0EF                                           
00004ac0  __covrec_16EA7A32421EA039                                           
0001d570  __covrec_16EB4AA73251958E                                           
00004e30  __covrec_16EF33E1310F128D                                           
00015140  __covrec_16F02D052FF565BE                                           
000182c8  __covrec_1707DC81A21DBC1C                                           
0001ef10  __covrec_171317B20F4BC1DB                                           
00005308  __covrec_17152CF918A0EAE8                                           
000143a8  __covrec_172B59B25D72358A                                           
00018750  __covrec_17302E52AA89C0CD                                           
00020928  __covrec_17309D8202C86DB3                                           
0001e4e8  __covrec_1740AFC189A8EDA2                                           
000146a0  __covrec_174915AB4E2EDF5C                                           
00017ee0  __covrec_174F15FCCDC74864                                           
00025860  __covrec_1759666B8765F80D                                           
0000cbd0  __covrec_17676CFFC21A8DEB                                           
00004c78  __covrec_1769DC6A5FACA719                                           
00007c98  __covrec_178BA392E28D3CD1                                           
00004d40  __covrec_1791812CCAA39464                                           
0001ec18  __covrec_1796D1C61F0D17A8                                           
000058d0  __covrec_17B572A82BA3DAF8                                           
00006438  __covrec_17C59C094ECBE8A                                            
0001e470  __covrec_17DAEC6AFA72F54C                                           
00014ab0  __covrec_17E07C5FF5F82422                                           
0001b950  __covrec_17E08951EDF009B4                                           
00011158  __covrec_17E5EA330C09BF0B                                           
0001ce68  __covrec_17F1308C877F8432                                           
0000c518  __covrec_17F50C2BBE1442B2                                           
00014448  __covrec_17F9955224B25587                                           
00009430  __covrec_180A07292FF400F4                                           
0001aaa0  __covrec_182EBC3292D8B057                                           
00007590  __covrec_18401A623BA29029                                           
000119a0  __covrec_1859A1966B6E3A06                                           
00011ec8  __covrec_185D94558A52B925                                           
0000b118  __covrec_1861FC4C42BB20D                                            
0000f178  __covrec_187B1171A4D17848                                           
0001a4d8  __covrec_1881D5B34314DF64                                           
00005ce0  __covrec_188212301894CE71                                           
0001c1e8  __covrec_18A4EB207556A42C                                           
00023330  __covrec_18ABC13FAC28025C                                           
00023c40  __covrec_18AC38AE70A94599                                           
00018818  __covrec_18ACAD82B94D6601                                           
00018778  __covrec_18ACCAC5D58EF3D4                                           
0000c0e0  __covrec_18C55F3A7C96DCA3                                           
0001b540  __covrec_18C79462758238BA                                           
00020518  __covrec_18C7DFC85F74DF88                                           
0000c298  __covrec_18C94FE8970DF7B6                                           
0001ab90  __covrec_18DDFB0FE08ED969                                           
0000e5e8  __covrec_18E2C2AEBDE126AA                                           
0001c418  __covrec_1908F0908D2CBF18                                           
000083a0  __covrec_1909BFAD685F9713                                           
00009d18  __covrec_1910D787EFCB5053                                           
0000df80  __covrec_191692FA231B07B4                                           
0001ade8  __covrec_191831FA0CEE1893                                           
00017aa8  __covrec_192A7CE8DD30AE20                                           
00004a98  __covrec_19307B0467A6F369                                           
0001aaf0  __covrec_1930B2CB90352D46                                           
0000aa10  __covrec_1965922A3A7575B8                                           
00002680  __covrec_1976933E30916B0C                                           
00002db0  __covrec_198D73E22CD7ACE7                                           
00012cd8  __covrec_19A8EF313153C479                                           
0000c860  __covrec_19B11F3401CDF6CC                                           
00020130  __covrec_19B8727C1D4ABDAE                                           
0000f0d8  __covrec_19C3E106639278BB                                           
00022638  __covrec_19E75B9307F97AB0                                           
00022c78  __covrec_19F06ABB5A28AA72                                           
0001d8b8  __covrec_19FA784ADD838849                                           
000246e0  __covrec_1A0F7EC2AC44F654                                           
000055d8  __covrec_1A1EEB8D447D5F1C                                           
00006e10  __covrec_1A1F064FE0E8B510                                           
0001c288  __covrec_1A22B483B14D442                                            
000060a0  __covrec_1A25BEF943BC8E28                                           
0000e430  __covrec_1A2A0C671F027882                                           
00002d88  __covrec_1A395D0CB4E17B4                                            
00014b28  __covrec_1A3FA77D293B3485                                           
00024dc0  __covrec_1A4544BED21CEB2C                                           
00001e60  __covrec_1A6A392370CE8089                                           
0001d408  __covrec_1A6E887ACACAFF76                                           
000118d8  __covrec_1A817747AB50388D                                           
0000d030  __covrec_1AA0DAB3D5A1092A                                           
00003210  __covrec_1ACCFDB21FE1DAF2                                           
00015ed8  __covrec_1AE60D0DA8D77CF0                                           
0000a420  __covrec_1AE7156E72CC2ABC                                           
0001c788  __covrec_1AF6215EE93D46D6                                           
00022840  __covrec_1AFE6ECE1BD6F5C2                                           
0001bb58  __covrec_1AFE76699DCE6D3D                                           
0001b4c8  __covrec_1B0D2750B34B1703                                           
0000a088  __covrec_1B0D5808699F7651                                           
00017328  __covrec_1B9CA30A65B78731                                           
000144c0  __covrec_1BC9AF92F5A17ABA                                           
00008d78  __covrec_1BCFA1485B6055E5                                           
0001e5b0  __covrec_1BD34071CFA619DA                                           
00012c10  __covrec_1BD924C239483FB4                                           
000258b0  __covrec_1BEE14838B08B7EA                                           
0001f640  __covrec_1BFF9732B2DAF38C                                           
00002720  __covrec_1C0C78204C9646CB                                           
00000308  __covrec_1C2DBFB78017AA87u                                          
000085a8  __covrec_1C420836149D7583                                           
00007568  __covrec_1C754B95FEB1EF2E                                           
0000ad58  __covrec_1C7FA1260212AD5                                            
00009e80  __covrec_1C8B9F984ACFE926                                           
00003238  __covrec_1C90DE5C6EF77D93                                           
0001a9d8  __covrec_1CA1AE9514CE36B4                                           
00006bb8  __covrec_1CA685A06FA828C2                                           
00024e38  __covrec_1CABCD001BB8A2D4                                           
00014f38  __covrec_1CC14C8A376E03E3                                           
00021530  __covrec_1CD6F65EDB220D52                                           
0000a560  __covrec_1CE16BEA6E372DF6                                           
0001aeb0  __covrec_1CE8FD9CC832CE68                                           
00007b58  __covrec_1CF458B90AC0BEE5                                           
00023308  __covrec_1D03C489628EC74D                                           
0001c2d8  __covrec_1D1393F256C668B4                                           
00010fc8  __covrec_1D1AF4AD760EBD0B                                           
00009610  __covrec_1D3A5561EED216E7                                           
00017e18  __covrec_1D5453C0FE32606E                                           
00007748  __covrec_1D5990E2D32883DB                                           
00021918  __covrec_1D69454E4585F9FA                                           
00019cb8  __covrec_1D8009E1123EFE18                                           
0000dee0  __covrec_1D99CCB594089A41                                           
0000bb68  __covrec_1D9CE723FB6B2755                                           
00017fd0  __covrec_1DA2DF1D9481285F                                           
00002f68  __covrec_1DAABBB3E0B33DED                                           
00001668  __covrec_1DAAC99F134FEA36                                           
000209c8  __covrec_1DBD55CB071CE798                                           
000115b8  __covrec_1E193250FA962C0E                                           
0000c9c8  __covrec_1E42351BF0C82C5A                                           
00020540  __covrec_1E5D0BA266A05409                                           
00021300  __covrec_1E967D82AE57104C                                           
000053a8  __covrec_1EADF052E12C364                                            
00020c20  __covrec_1EB10222D35B87B9                                           
00022ed0  __covrec_1EC243A73359BD5F                                           
00023fb0  __covrec_1ED2390858C3EB64                                           
000219b8  __covrec_1EE4D15989A2B4E4                                           
0000cf40  __covrec_1EEE2A34CAE6E300                                           
0001ea10  __covrec_1EF1FB822FC56A69                                           
000043e0  __covrec_1F0273257C74DA34                                           
0001b748  __covrec_1F323AB5CF4D4A72                                           
000164a0  __covrec_1F4169E57C49DBAC                                           
000231a0  __covrec_1F54DD07CE6E3CC3                                           
00019358  __covrec_1F81DC0331A088EE                                           
000032b0  __covrec_1F920D6DB2BFC5DD                                           
00001e38  __covrec_1F9701DAD4B583EF                                           
0001d020  __covrec_1F9CF73C50D6AB19                                           
0000d990  __covrec_1FA29A6965EA697A                                           
00020630  __covrec_1FC1559D82C02D42                                           
0000d0a8  __covrec_1FCD8084A8AD94C7                                           
00005128  __covrec_1FF1F362AD7BA30D                                           
0000f8a8  __covrec_1FFD87196D393A5                                            
00001190  __covrec_2007888E0ED7BBE7                                           
00023a10  __covrec_201277E0AA6EE9F3                                           
00008760  __covrec_2027486A252B9EFA                                           
0000e9f8  __covrec_202C7A455CD6E333                                           
0000cea0  __covrec_202C96EB3F7B8080                                           
0000c680  __covrec_20451F7186A9AA65                                           
00021210  __covrec_2046BE57FB3E054C                                           
000068e8  __covrec_204B09876D9D99B5                                           
00019ec0  __covrec_20502D4EF27C8C51                                           
00006c30  __covrec_206C9F659DE18C4F                                           
00019d58  __covrec_208E88AD446ED6FF                                           
00007658  __covrec_20BECB1811109A2A                                           
00012b70  __covrec_20C0FEDE50289563                                           
0001d7f0  __covrec_20C5FBED395A9EDE                                           
0001d3b8  __covrec_20F4440F1638C2A5                                           
0001ef88  __covrec_212223448B5B81B9                                           
00020f90  __covrec_216718CA83AD3AF2                                           
00020608  __covrec_2175477B7920D59E                                           
00008cd8  __covrec_2176BD124C8C9EC1                                           
0000f8d0  __covrec_217A60EA0747DA3D                                           
00019f88  __covrec_217DB9DBC67C1EFE                                           
0000ae70  __covrec_218F12CA9F1277A6                                           
0001cf58  __covrec_219DAFA81AFAA2FB                                           
00021148  __covrec_21D48F08684C7774                                           
00012bc0  __covrec_21D4E69A6502BA1                                            
0000af88  __covrec_21DE6C1446A83F18                                           
0000de68  __covrec_21FA824B88D6AD1D                                           
00008558  __covrec_21FF8BDEC67885BF                                           
0000e0e8  __covrec_220AC222F0E2A846                                           
000256d0  __covrec_222CA9EC1B745CD9                                           
0001af00  __covrec_2239F1A9CC961427                                           
00018f98  __covrec_2286D5FF0FC802ED                                           
0001f8c0  __covrec_228B4DCEDE67C9E2                                           
00011c70  __covrec_229321D45BF5FD30                                           
000017a8  __covrec_229958F20CF3285B                                           
00018a20  __covrec_22AA610D5E826481                                           
000056f0  __covrec_22C11553F54C0BDF                                           
000141c8  __covrec_22D092EAE16D02EF                                           
00023dd0  __covrec_22E2236BC99304F9                                           
00019c90  __covrec_22F1260B2ECCC08F                                           
0001dcf0  __covrec_22F2AD01BBE54AC3                                           
000073b0  __covrec_2307C91C1B581608                                           
0001a140  __covrec_230E01EBA14683DA                                           
00009f70  __covrec_2337A9E2EE1C7B42                                           
0000ef48  __covrec_2339956FA0387BA6                                           
0000b208  __covrec_233F85B45FE09805                                           
000152a8  __covrec_2356CFAA058BDA63                                           
0000ec28  __covrec_2388F5C50AB5599C                                           
00001078  __covrec_238A660CC3B9138C                                           
00016d60  __covrec_23A2723218FB953F                                           
00023b00  __covrec_23BA94AFA28E8B44                                           
00019218  __covrec_23BDC91C28D00DEB                                           
0000c658  __covrec_23C3B3858F12A774                                           
000140d8  __covrec_2429638F3104CEC6                                           
00008d50  __covrec_242E47E83A3A0F84                                           
00015118  __covrec_245CEEBD24015B1F                                           
0001f550  __covrec_245EBA72A5A0F5EB                                           
000094f8  __covrec_2460CA59370749C                                            
00006370  __covrec_249018A50CF14B2A                                           
0000e250  __covrec_24A93D96FB9BF831                                           
00002798  __covrec_24BEA8E025F27A2B                                           
0000c040  __covrec_24C744C6890B0052                                           
00015b18  __covrec_24C869B71C1745EC                                           
0000d6e8  __covrec_24CA4CDBACD6553                                            
0001e920  __covrec_24CD7D1265135F07                                           
0001e790  __covrec_24D4168F36768F8A                                           
00002900  __covrec_24D7DAD8907EEB16                                           
00014290  __covrec_24D80F5FFDB3B16                                            
000175a8  __covrec_24DBDAA504A8EB                                             
0001b090  __covrec_24DC5A464E150DEB                                           
0000e070  __covrec_2513C5EA59AE773                                            
0000b230  __covrec_251ACC369E405A37                                           
00011608  __covrec_25261BF28E6E7B76                                           
00005588  __covrec_2542989910C897A2                                           
00025220  __covrec_2548E4241C41D4AC                                           
00010938  __covrec_254FCBEC80F1C133                                           
000090e8  __covrec_25562743D8C8D521                                           
000175f8  __covrec_25644B6D8D9339A2                                           
0000dfa8  __covrec_2567E9C03E157DB1                                           
0000a880  __covrec_257876866FE9E7C4                                           
00006280  __covrec_258C9CB28AFFA41E                                           
00019420  __covrec_2597CFE535DF7925                                           
00015ff0  __covrec_259FE72B02F982E3                                           
00017288  __covrec_25B72A3D7BD5840F                                           
000243c0  __covrec_25D863D26F29F221                                           
00010708  __covrec_25D9A1BD64EDF5BD                                           
00018390  __covrec_25E129209C6D6E08                                           
00012b98  __covrec_25E84E7404DEEBBB                                           
00013e30  __covrec_260485F951D8CFA2                                           
00012008  __covrec_26080A47B295C177                                           
00003670  __covrec_26235E8C028A2619                                           
00003198  __covrec_263C22B5C438F43E                                           
00010618  __covrec_2651D34D170ED9A0                                           
000100c8  __covrec_265D2618BDEC7C47                                           
0000bc58  __covrec_265E86ECEC6F2823                                           
000156b8  __covrec_2662EFE42B16DEE1                                           
00007428  __covrec_268241823EE96C12                                           
00001280  __covrec_269F232C7A851263                                           
00023d30  __covrec_26BDD9085FF96DA5                                           
000027e8  __covrec_26C339674FF52C45                                           
000097f0  __covrec_26D1C59352114C24                                           
00023268  __covrec_26F7BD59BDABA46                                            
0000c810  __covrec_272C17D368D935DC                                           
0000e890  __covrec_27666800B092B196                                           
00025388  __covrec_276B3C7F132E7949                                           
00024870  __covrec_278B19F5D60C3947                                           
000044d0  __covrec_27B44FDC172F780F                                           
0000d120  __covrec_27D5EE4E42D2F8FB                                           
000087b0  __covrec_27DA4C8796B725B2                                           
00018e08  __covrec_27F653CEA4118248                                           
00016630  __covrec_280C086A8D3E033A                                           
00003940  __covrec_2816FFB101FCFA61                                           
000047a0  __covrec_283D186B557C953C                                           
0000b550  __covrec_284EE434571A2D20                                           
00001118  __covrec_2869490CBFF195D3                                           
0001f0f0  __covrec_28CAF5403BA112D7                                           
00002dd8  __covrec_28F0791D1CE1E40F                                           
00002f18  __covrec_2902F1B5C20A72B2                                           
000092c8  __covrec_295B73633BFC3E7C                                           
000100f0  __covrec_2977657D71223940                                           
0000e0c0  __covrec_298CA05804ACFE00                                           
0001f2d0  __covrec_299EDB45E19271B                                            
000113b0  __covrec_29A3D88E1029BC72                                           
00004b60  __covrec_29B5C829D5578951                                           
000104d8  __covrec_29B7CB608F723A15                                           
0001a000  __covrec_29CB61A807DB331C                                           
00008170  __covrec_29E4D40E1F4AABF4                                           
00009b10  __covrec_29ECFDB8C4616474                                           
00005f10  __covrec_29F1FC19B1A53805                                           
00008288  __covrec_29F26544E772E67B                                           
00024910  __covrec_29FD4C6F37BB673F                                           
00007388  __covrec_2A0495B196D82C27                                           
0001eb28  __covrec_2A1CAF1263274BD9                                           
0000bbe0  __covrec_2A359C91FD8D1C1C                                           
00014fb0  __covrec_2A5F24567CA81B28                                           
000240c8  __covrec_2A658EA1206C62D6                                           
00017c88  __covrec_2A736453A4775CC3                                           
00014c40  __covrec_2A8B557658325237                                           
000041d8  __covrec_2A8C9F78F4701320                                           
0000f6a0  __covrec_2A8D51B2E218C148                                           
000250e0  __covrec_2A91C3E5F45518F9                                           
00001320  __covrec_2A9346DCB13E41FA                                           
000071f8  __covrec_2A9B1F8CAF79830                                            
000011e0  __covrec_2AAE475290C88506                                           
0000d170  __covrec_2ADC47AE9A1EFEA4                                           
00013c50  __covrec_2ADD8BD0BF6DAA7F                                           
00020478  __covrec_2AFC953AB3BFA4B3                                           
000186d8  __covrec_2B07AC81363554B8                                           
00003b20  __covrec_2B35A21EC67A8DF0                                           
0001fac8  __covrec_2B3D97B203BD5320                                           
00007040  __covrec_2B4301EB82D03B74                                           
00011e28  __covrec_2B5E8C48782B6E42                                           
00019790  __covrec_2B5FFCF4F8CB86BC                                           
00006028  __covrec_2B6491C874BC38                                             
0001a960  __covrec_2B68E5DDE2E9662B                                           
00003378  __covrec_2B6AECDCCAB24A2A                                           
0000b758  __covrec_2B95CE779AD7E70D                                           
00016478  __covrec_2B9D588B68FFC9FD                                           
00014038  __covrec_2B9ED78528214928                                           
0001c6c0  __covrec_2BE6C0B46C211135                                           
00024320  __covrec_2C177686F2932C2C                                           
0000ff88  __covrec_2C2C228A4F28479F                                           
0000bd20  __covrec_2C32F38E202C00F5                                           
00019fb0  __covrec_2C5B3AD84DE89A09                                           
00002ce8  __covrec_2C69E264A33FE5A6                                           
00005fd8  __covrec_2C7DBBDB5226120C                                           
0000a3a8  __covrec_2C840298C27AB9F9                                           
00006208  __covrec_2CB713957594919A                                           
00006ca8  __covrec_2CB7B6AAB9D0BE7F                                           
00011b80  __covrec_2CD97E9C253EE935                                           
0000d300  __covrec_2CDF07F48A6D982E                                           
00007d38  __covrec_2CE3EEB7DCAC845F                                           
0001a410  __covrec_2D0041D38F4C7BA8                                           
00014ce0  __covrec_2D13BBFC3A449323                                           
00022610  __covrec_2D1E6856B3061151                                           
00024d98  __covrec_2D2B2BAF1BAC8BDA                                           
00007f40  __covrec_2D339403DFDCEABE                                           
0001d188  __covrec_2D3B4279E82844EA                                           
00024528  __covrec_2D4D821B616E6924                                           
00004840  __covrec_2D5C73063D05BBBA                                           
00015460  __covrec_2D61228427B0BF14                                           
000080f8  __covrec_2D664FD4CD07387                                            
00024708  __covrec_2D723378264E6A7                                            
00020dd8  __covrec_2D7A7904D991C2E0                                           
00022c50  __covrec_2D8A3E6347FF950C                                           
00004318  __covrec_2D8B5955ACDCDA5D                                           
0001da70  __covrec_2D99555663CB507E                                           
0001df98  __covrec_2DA3C7F5F3A1833F                                           
00016108  __covrec_2DD25A1E0605CEF0                                           
000210a8  __covrec_2DDC7AACECA4585A                                           
00022fc0  __covrec_2DECA8561F707322                                           
0001b9a0  __covrec_2DF772145F02FC49                                           
00009c50  __covrec_2DFF8B240B04B8F5                                           
0001a7f8  __covrec_2E3C982E9C9C353                                            
0000a830  __covrec_2E45306D3CEBBFFA                                           
00017620  __covrec_2E459FB28F5F2122                                           
00002220  __covrec_2E49553AF661ED96                                           
0000e7f0  __covrec_2E6930B9B2F72D51                                           
0001e7e0  __covrec_2E6EC07223ED40B7                                           
00019600  __covrec_2E714EFCCE61715E                                           
00010668  __covrec_2E7E0A7D08EE48C7                                           
0000f4e8  __covrec_2E86848407425624                                           
0000c590  __covrec_2E9AAF47407C6D97                                           
00003440  __covrec_2EA22064C8932AF4                                           
00007d60  __covrec_2EA32D5399CD1202                                           
00023c18  __covrec_2EB222C72903A525                                           
00010118  __covrec_2EBC23AAF74450FC                                           
00004f48  __covrec_2ED13F8E6634D49F                                           
0000fee8  __covrec_2F00E2DBF679952C                                           
00023bc8  __covrec_2F22268672A76EE3                                           
0000a1f0  __covrec_2F24102A9C51A2ED                                           
000160e0  __covrec_2F298529E754A752                                           
0000cf68  __covrec_2F39D195F2C3CB75                                           
0000bc08  __covrec_2F5C49410451F66E                                           
00010280  __covrec_2F745AB821F8946B                                           
00008508  __covrec_2F925E46719C52D                                            
000025b8  __covrec_2FD8CB8A6C6EDB40                                           
00005178  __covrec_3019980DDC50367                                            
0000aad8  __covrec_302AECCC0C858B3B                                           
00015c30  __covrec_302F2AC2878AEE63                                           
00024118  __covrec_303E360AA0461E56                                           
0000a768  __covrec_304E18D2F9F45EDB                                           
0001f6e0  __covrec_3060B93F85E68B18                                           
00024730  __covrec_307BB5214E98EBCB                                           
00022a70  __covrec_30A6073BD61E816A                                           
00021418  __covrec_30B5CF75E7DDB3BE                                           
0001b3b0  __covrec_30B7C7B021FF32BD                                           
00007248  __covrec_30BD8DE109F6A6C0                                           
000117e8  __covrec_30C3839985E99589                                           
00024578  __covrec_30C72D90FAAB52FA                                           
00024af0  __covrec_30E2ED287923C2A1                                           
00018e58  __covrec_30ED4319F76DB893                                           
0000b410  __covrec_30F3886B58C722DA                                           
000237e0  __covrec_30F8FDE14BEBA5C3                                           
0001d228  __covrec_30FBE63F83B9D1D                                            
000224f8  __covrec_30FFBF09B05F3927                                           
0001ec40  __covrec_30FFD4E1DBF1C36F                                           
00000278  __covrec_310F4356F52C2BD8u                                          
0001aa28  __covrec_3129FF84AE3F76E2                                           
00000108  __covrec_312A4BFE34759836u                                          
0000f2b8  __covrec_312E870E011EC8B2                                           
000209f0  __covrec_31384D9C1FCD85B5                                           
00006be0  __covrec_31385D0A5C5ECCD9                                           
000027c0  __covrec_3144113EBAF0748A                                           
0000d828  __covrec_314BFFF2ED3BAB39                                           
00018548  __covrec_3163B63F3B49E158                                           
00022048  __covrec_31723A59EE01CB6F                                           
000088c8  __covrec_31A47AAB2C67F6A1                                           
00013c00  __covrec_31B0598EDF1F8AA0                                           
00014790  __covrec_31B1F8CB4704B234                                           
00024780  __covrec_31DC30DDC7036A3C                                           
00021008  __covrec_31DC7ECBF26839AC                                           
0000a718  __covrec_31E428D7E2D46BD5                                           
000023d8  __covrec_31EEF1F57798FEFF                                           
00010cd0  __covrec_31F379EA8C23BAF                                            
0001a708  __covrec_31F7B8F147936BE1                                           
000178f0  __covrec_31FD0D502C5066BA                                           
00025888  __covrec_3218CEAEDF4FBA00                                           
0001fff0  __covrec_321A183A8097BE95                                           
000180c0  __covrec_322133A61A45AB4E                                           
0000a808  __covrec_323107E4A53950D0                                           
0000f768  __covrec_32406CE96AD54CC6                                           
0001f960  __covrec_324DA2EC0B259559                                           
0001dde0  __covrec_325BB6249AC215ED                                           
00003c88  __covrec_3283E5A9A4CF0BC4                                           
000173c8  __covrec_328AFB179A26404D                                           
00020c98  __covrec_328C937DCC0945C6                                           
0000cb80  __covrec_3295A3A04841FC98                                           
000173f0  __covrec_329ACE27EDB24189                                           
0000f010  __covrec_32C1B7F23D8464C3                                           
00015d98  __covrec_32E8DB488C68B78D                                           
0000c388  __covrec_32EB7C29B8B7D10D                                           
00002a90  __covrec_32ED5050B1CF04E5                                           
00015848  __covrec_32F0D770382D1DA9                                           
00018188  __covrec_33066D15E3040297                                           
00019fd8  __covrec_331725AF5DF50438                                           
000210d0  __covrec_331B394963683510                                           
00002540  __covrec_331C470C749ACBD5                                           
00014740  __covrec_3325AABB0D89DD6E                                           
00015870  __covrec_333383517C1FF008                                           
0001c4e0  __covrec_33495A652304E49                                            
00012af8  __covrec_334BD7A87CCBE1B3                                           
00014f60  __covrec_33562C81DF7B10BF                                           
00014c68  __covrec_338D56CED01B062B                                           
0000cec8  __covrec_33B0B1BABA644397                                           
0000e020  __covrec_33DFA63102C832AB                                           
0000a920  __covrec_33E711B8D37BFCF7                                           
0001abe0  __covrec_341863ACF88CD371                                           
00001230  __covrec_342982F9C03E3F40                                           
00003b48  __covrec_34341448736923FB                                           
0001ac80  __covrec_3435C80BC3722BAD                                           
00022390  __covrec_343940E2870E9B0E                                           
000201a8  __covrec_3440A467A910C969                                           
0001fc58  __covrec_3443F015958810F5                                           
00012e18  __covrec_3447398A55683CD8                                           
0000c450  __covrec_3457B91BDC322763                                           
000256a8  __covrec_346C6355D054AFA7                                           
00021dc8  __covrec_347833257255D714                                           
0000e958  __covrec_3479AFF692E8911D                                           
00017b70  __covrec_347D20A347D54D3B                                           
000130d0  __covrec_347F5236CD6A8821u                                          
00003788  __covrec_34809DF8D1BF4D26                                           
000048b8  __covrec_348C30B49144F67F                                           
000205e0  __covrec_34960821BB303171                                           
000078d8  __covrec_349B04B237865073                                           
0001ca58  __covrec_34AF19AADA685B0E                                           
00006a00  __covrec_34C502341677FECD                                           
00016400  __covrec_34D87877B62187C0                                           
00005858  __covrec_3504DD5C743EF86A                                           
000084b8  __covrec_3508B8496631ADA3                                           
0000bcf8  __covrec_350A5D4826DC45C7                                           
00005830  __covrec_35239701729AF62B                                           
0001ae10  __covrec_352F9E2440E9C139                                           
00023cb8  __covrec_35368D2270EB9D54                                           
0000d5f8  __covrec_354B464C0F657B6D                                           
00000078  __covrec_35529E691EA89C4u                                           
0000bcd0  __covrec_3554A3535079A9B8                                           
00010d48  __covrec_357DBB1D373C5745                                           
00006ed8  __covrec_35830D69832371D1                                           
00015f78  __covrec_358682B259B0A962                                           
00020338  __covrec_35A409F0E6C93C4C                                           
00010168  __covrec_35C020036EBBC4CF                                           
0000dff8  __covrec_35D0AF4CE8D9BB74                                           
00003828  __covrec_35D987AB78D74FB7                                           
000029c8  __covrec_36147DA08306D7D3                                           
00016298  __covrec_36371372719FAE20                                           
00013958  __covrec_365DCC393F100621                                           
00017238  __covrec_3660EF20DA7A07C2                                           
000194c0  __covrec_366594CABF5FBBE1                                           
00001f00  __covrec_369EBE4562FFE977                                           
00014470  __covrec_36AB183A395E4CAF                                           
00017be8  __covrec_36C64B2F466F1472                                           
00015230  __covrec_36CAFF9A6A4269C6                                           
00016978  __covrec_36CEC9582B8D65CF                                           
000106b8  __covrec_36F31055BFEFEE2B                                           
00003328  __covrec_3705C06D6C4FE24A                                           
0000a038  __covrec_37577A44EB1B098D                                           
000107a8  __covrec_377070A394B5568B                                           
000157a8  __covrec_37752C52AA74DBFE                                           
0000a600  __covrec_3795D86443E81AC1                                           
0001fa00  __covrec_37961B0C63A935F4                                           
00016db0  __covrec_37BBD65DD58D473                                            
00005420  __covrec_37CD18880083987A                                           
00002658  __covrec_37E0B9C5A8C13D9F                                           
0001f320  __covrec_37E4676AA453B73A                                           
0000a970  __covrec_37E4E8B3CF98DF5                                            
000070e0  __covrec_38287782C5C79C88                                           
000186b0  __covrec_3838EAEF37C9B024                                           
0001ca80  __covrec_3886213F5ECF5BC5                                           
0000eac0  __covrec_3888426049BC3634                                           
000208d8  __covrec_38889281C354E797                                           
00013d68  __covrec_38A0CEE2744B092C                                           
0000ffd8  __covrec_38D88FC9BFD6A295                                           
0000edb8  __covrec_38E439AA27968E3                                            
00001988  __covrec_38F859CF76D43240                                           
00005650  __covrec_3912347DA8298BAA                                           
00014628  __covrec_392FECAD18A74184                                           
00008a80  __covrec_393B0491E4F8D00D                                           
0000acb8  __covrec_393EC39D4A1D073D                                           
00002cc0  __covrec_393FCCF8C4978C78                                           
0000ef98  __covrec_3948C13DF4657192                                           
00011018  __covrec_3949055E6442241B                                           
0001d750  __covrec_3971B1944E0C574C                                           
000217b0  __covrec_397D89BAB9602260                                           
00008850  __covrec_398B0C6EC5A542F3                                           
000120d0  __covrec_398E34A9689A87E5                                           
0000b910  __covrec_399CFEF338DB8D25                                           
00024410  __covrec_39B0DFCD7DF2AB37                                           
00018b38  __covrec_39BD400369155FF7                                           
000146c8  __covrec_39C130C9E557E548                                           
0001f848  __covrec_39FF74C6619FBAEE                                           
00001be0  __covrec_3A06FB6037037AAA                                           
000172b0  __covrec_3A1D4C8225602426                                           
000141f0  __covrec_3A26CCF0B62A8E89                                           
00016838  __covrec_3A36369733F8D5B6                                           
00015be0  __covrec_3A479AE32438F206                                           
00007c20  __covrec_3A4C82A0E7698A95                                           
00002ef0  __covrec_3A6F728DB2933D23                                           
00021710  __covrec_3AA23B4CA70BF4D8                                           
00019a60  __covrec_3AAA2A3C5CE52BA3                                           
00024b18  __covrec_3AAA503472040552                                           
00021940  __covrec_3AC1DBF81307EA6C                                           
0000c5b8  __covrec_3ADE431F4254482A                                           
000099f8  __covrec_3AEDC6040279E949                                           
00019998  __covrec_3AF95226F44434B7                                           
0001f438  __covrec_3AFB7D729C4BABB0                                           
0001c7b0  __covrec_3B097A2085B9CD1E                                           
0001c7d8  __covrec_3B1FE69DF6A41D79                                           
00022430  __covrec_3B24D5353F7BB6D1                                           
000157d0  __covrec_3B3A4AD98C182DE4                                           
00022980  __covrec_3B4669D912F6CCFB                                           
000035d0  __covrec_3B77633B4B950B60                                           
00023948  __covrec_3B8712F8CC28A7DB                                           
00004020  __covrec_3B88FB2307EC5396                                           
00001960  __covrec_3B892A9A7E8CE4C0                                           
0001da20  __covrec_3B8B8236C02173C2                                           
000166a8  __covrec_3B9AD5E448524FFF                                           
00016d88  __covrec_3BB04CDDF195DCC8                                           
00007db0  __covrec_3BBA6A23C252B0F9                                           
0000a150  __covrec_3BE9423D50EA9D45                                           
000170f8  __covrec_3BEB96B4128A074A                                           
00024618  __covrec_3BEEED776316E3D8                                           
00021f08  __covrec_3BF2B88451504C58                                           
0001fed8  __covrec_3C024D0166B213F1                                           
00007b08  __covrec_3C0402302E250449                                           
000017f8  __covrec_3C18B9FE13117D16                                           
00001488  __covrec_3C4002EAA7D49987                                           
00015370  __covrec_3C422C657214FCF6                                           
00014330  __covrec_3C4C09DA7A2DAAD2                                           
00008120  __covrec_3C7F9E5F17A20A10                                           
0001d5c0  __covrec_3C99A72BDFB45697                                           
00016860  __covrec_3CC05BCBB89EC8C0                                           
00023718  __covrec_3CCD0FBCDE385140                                           
00021440  __covrec_3CD7868FF6D37CF3                                           
0000cfe0  __covrec_3CEA1FCCEF3DBC71                                           
000199c0  __covrec_3CFE3402D2666528                                           
00020e00  __covrec_3D01C64E096BB6C9                                           
0001c5f8  __covrec_3D0817C7DF21F89F                                           
00015938  __covrec_3D0A3FF0C21D6472                                           
00019858  __covrec_3D25EC3DE4E423F3                                           
0000b4d8  __covrec_3D39F38A838BA87D                                           
[...]
00024500  __covrec_8B9A3DF1DFB13D5                                            
00024528  __covrec_2D4D821B616E6924                                           
00024550  __covrec_6352F0854902E882                                           
00024578  __covrec_30C72D90FAAB52FA                                           
000245a0  __covrec_11548A0C371099D9                                           
000245c8  __covrec_405D48D0FC02CE4                                            
000245f0  __covrec_5AA4C50A3572C884                                           
00024618  __covrec_3BEEED776316E3D8                                           
00024640  __covrec_A43679B7CAE7663                                            
00024668  __covrec_8D90CBB889ED1FE5                                           
00024690  __covrec_784B640CB8E108BA                                           
000246b8  __covrec_F7E26B3CC76FBD79                                           
000246e0  __covrec_1A0F7EC2AC44F654                                           
00024708  __covrec_2D723378264E6A7                                            
00024730  __covrec_307BB5214E98EBCB                                           
00024758  __covrec_DFFFDF448C6D309                                            
00024780  __covrec_31DC30DDC7036A3C                                           
000247a8  __covrec_C7D3229704260BFE                                           
000247d0  __covrec_B9C3540C3AC1D54F                                           
000247f8  __covrec_FFDBAA12E3B6E83D                                           
00024820  __covrec_E7095CEEB5EADC68                                           
00024848  __covrec_FB989D4CBC1E077                                            
00024870  __covrec_278B19F5D60C3947                                           
00024898  __covrec_A085E9CD601672CE                                           
000248c0  __covrec_8D541966D9D56E19                                           
000248e8  __covrec_A820663F94339109                                           
00024910  __covrec_29FD4C6F37BB673F                                           
00024938  __covrec_87AAEC4718B9F8AC                                           
00024960  __covrec_A3C077298A1EE38                                            
00024988  __covrec_AA52FE737418A4EA                                           
000249b0  __covrec_F04D21C3157E4AF3                                           
000249d8  __covrec_C7C205F37933D1CA                                           
00024a00  __covrec_67F0E0E2F00783DA                                           
00024a28  __covrec_CFCCF873B7181C91                                           
00024a50  __covrec_99409FA97391397F                                           
00024a78  __covrec_AB2A380F7C8F9FB2                                           
00024aa0  __covrec_A0DBB38BB4760AA5                                           
00024ac8  __covrec_7C742A04106EA598                                           
00024af0  __covrec_30E2ED287923C2A1                                           
00024b18  __covrec_3AAA503472040552                                           
00024b40  __covrec_CD5C2F4CD8490DB3                                           
00024b68  __covrec_5FAB5DB66DF3F6B1                                           
00024b90  __covrec_A9C700E1C71561D6                                           
00024bb8  __covrec_9C82DD3C630C958E                                           
00024be0  __covrec_C617E7C9DBB1B5DC                                           
00024c08  __covrec_6230355C4154A2EB                                           
00024c30  __covrec_157321A8C10AC04E                                           
00024c58  __covrec_80F12DDB53016D40                                           
00024c80  __covrec_7149D062015CF471                                           
00024ca8  __covrec_FEEDC4A55B8BFBDD                                           
00024cd0  __covrec_DEE1C41A02EED5C4                                           
00024cf8  __covrec_A52E9CCCE269F017                                           
00024d20  __covrec_59F98C605AC61246                                           
00024d48  __covrec_ADE3F00B66E34EBB                                           
00024d70  __covrec_F977D804E2DE5C3E                                           
00024d98  __covrec_2D2B2BAF1BAC8BDA                                           
00024dc0  __covrec_1A4544BED21CEB2C                                           
00024de8  __covrec_5F9688E4D5455A4F                                           
00024e10  __covrec_DFE73B7B1021BC7A                                           
00024e38  __covrec_1CABCD001BB8A2D4                                           
00024e60  __covrec_BE4C15D3B32B067C                                           
00024e88  __covrec_FD9DA43F75BC40F9                                           
00024eb0  __covrec_A867A2AB552AD431                                           
00024ed8  __covrec_AA40C52F613ED07F                                           
00024f00  __covrec_A18395C77B6C122B                                           
00024f28  __covrec_80A470E2383756C7                                           
00024f50  __covrec_41297A6DA905A84F                                           
00024f78  __covrec_134F21299CF91075                                           
00024fa0  __covrec_871145ED86CD1F0                                            
00024fc8  __covrec_BE385D0749AA9AC6                                           
00024ff0  __covrec_5B3116183A6F0466                                           
00025018  __covrec_D4626EC386D868E0                                           
00025040  __covrec_731B204584E19236                                           
00025068  __covrec_13941B1E936B73E2                                           
00025090  __covrec_9D8BCDECE7C49ABE                                           
000250b8  __covrec_4DAE465C3086FC76                                           
000250e0  __covrec_2A91C3E5F45518F9                                           
00025108  __covrec_11F13472B68456                                             
00025130  __covrec_7B0291F67719FE1E                                           
00025158  __covrec_6822925391E24728                                           
00025180  __covrec_9BE0DEA223C84842                                           
000251a8  __covrec_A974A80756D49DB9                                           
000251d0  __covrec_E1A5B2CA3303A7AC                                           
000251f8  __covrec_CECC738F131939BC                                           
00025220  __covrec_2548E4241C41D4AC                                           
00025248  __covrec_D586C93DA51AE2EF                                           
00025270  __covrec_9D7FE2815054410B                                           
00025298  __covrec_BF0525D0545F407D                                           
000252c0  __covrec_CED9A24C87C67E33                                           
000252e8  __covrec_BBC1B71FF0D6E9B7                                           
00025310  __covrec_E66B7ADE829927E1                                           
00025338  __covrec_CCA1F12623A87E34                                           
00025360  __covrec_693DE5C38757BCA9                                           
00025388  __covrec_276B3C7F132E7949                                           
000253b0  __covrec_A359454EB6553D3C                                           
000253d8  __covrec_AC331E4603C5064F                                           
00025400  __covrec_6B6CF2E8B51150E7                                           
00025428  __covrec_FC4C0F69166A5CA                                            
00025450  __covrec_9988F745693DE43F                                           
00025478  __covrec_F2FDFE424BC57950                                           
000254a0  __covrec_D946AFFF68D80E46                                           
000254c8  __covrec_77E8D9E82E558C56                                           
000254f0  __covrec_E6BC0395B465B060                                           
00025518  __covrec_B5717455E0C92E77                                           
00025540  __covrec_7BCD1EAB9F4C3537                                           
00025568  __covrec_4636F542C7B57A00                                           
00025590  __covrec_7D40DEB2329FBEA7                                           
000255b8  __covrec_812471B10D40FFA1                                           
000255e0  __covrec_8348022D202C8AC0                                           
00025608  __covrec_CDBEC65CA76225B3                                           
00025630  __covrec_74886A0737907A5C                                           
00025658  __covrec_676F8970FE61FFB9                                           
00025680  __covrec_4436F28390350551                                           
000256a8  __covrec_346C6355D054AFA7                                           
000256d0  __covrec_222CA9EC1B745CD9                                           
000256f8  __covrec_C37F4325D39AA6F4                                           
00025720  __covrec_AD1A311A8594BE7E                                           
00025748  __covrec_C1879FA7C346EBC                                            
00025770  __covrec_749663B955003AA6                                           
00025798  __covrec_D65B84EB5603889D                                           
000257c0  __covrec_A3B838279DB1FA53                                           
000257e8  __covrec_15D8AD984765CE7C                                           
00025810  __covrec_12B18424C859DF9D                                           
00025838  __covrec_913EA166209F947B                                           
00025860  __covrec_1759666B8765F80D                                           
00025888  __covrec_3218CEAEDF4FBA00                                           
000258b0  __covrec_1BEE14838B08B7EA                                           
000258d8  __covrec_60E17CA99ACCDE1D                                           
00025900  __covrec_9C1F00C8590A33A7                                           
00025928  __covrec_E3820D34BA47BB77                                           
00025950  __covrec_F442D8DCEFB37265                                           
00025978  __covrec_63D8F0E07CCD453E                                           
10000000  interruptVectors                                                    
10000120  reLogo                                                              
10025951  TFT_Init                                                            
1002be05  TFT_updateScreen                                                    
1002c691  main                                                                
1002c877  SYSCFG_DL_initPower                                                 
1002c9c5  SYSCFG_DL_GPIO_init                                                 
1002caef  SYSCFG_DL_SPI_1_init                                                
1002cbb9  SYSCFG_DL_SYSCTL_init                                               
1002cc6b  memcpy                                                              
1002cd07  __TI_decompress_lzss                                                
1002cd7b  memset                                                              
1002cded  DL_SPI_init                                                         
1002ce35  __TI_auto_init_nobinit_nopinit                                      
1002ce6d  SYSCFG_DL_init                                                      
1002cec1  DL_SPI_setClockConfig                                               
1002cee9  _c_int00_noargs                                                     
1002cf0d  Reset_Handler                                                       
1002cf29  ADC0_DCOMP_IRQHandler                                               
1002cf29  ADC0_SEQ0_IRQHandler                                                
1002cf29  ADC0_SEQ1_IRQHandler                                                
1002cf29  ADC0_SEQ2_IRQHandler                                                
1002cf29  ADC0_SEQ3_IRQHandler                                                
1002cf29  ADC1_DCOMP_IRQHandler                                               
1002cf29  ADC1_SEQ0_IRQHandler                                                
1002cf29  ADC1_SEQ1_IRQHandler                                                
1002cf29  ADC1_SEQ2_IRQHandler                                                
1002cf29  ADC1_SEQ3_IRQHandler                                                
1002cf29  AESADVHP_IRQHandler                                                 
1002cf29  CANFD0_IRQHandler                                                   
1002cf29  CANFD1_IRQHandler                                                   
1002cf29  COMP0_IRQHandler                                                    
1002cf29  COMP1_IRQHandler                                                    
1002cf29  DEBUGSS_IRQHandler                                                  
1002cf29  DMA0_IRQHandler                                                     
1002cf29  DMA1_IRQHandler                                                     
1002cf29  Default_Handler                                                     
1002cf29  FLASHCTL_IRQHandler                                                 
1002cf29  GPIOA_IRQHandler                                                    
1002cf29  GPIOB_IRQHandler                                                    
1002cf29  GPIOC_IRQHandler                                                    
1002cf29  HardFault_Handler                                                   
1002cf29  I2S0_IRQHandler                                                     
1002cf29  I2S1_IRQHandler                                                     
1002cf29  LFSS_IRQHandler                                                     
1002cf29  NMI_Handler                                                         
1002cf29  PKA_IRQHandler                                                      
1002cf29  PendSV_Handler                                                      
1002cf29  QSPI_IRQHandler                                                     
1002cf29  SHAW_IRQHandler                                                     
1002cf29  SVC_Handler                                                         
1002cf29  SYSCTL_IRQHandler                                                   
1002cf29  SysTick_Handler                                                     
1002cf29  TIMA0_0_IRQHandler                                                  
1002cf29  TIMA0_1_IRQHandler                                                  
1002cf29  TIMG12_0_IRQHandler                                                 
1002cf29  TIMG4_0_IRQHandler                                                  
1002cf29  TIMG4_1_IRQHandler                                                  
1002cf29  TIMG4_2_IRQHandler                                                  
1002cf29  TIMG4_3_IRQHandler                                                  
1002cf29  TIMG8_0_IRQHandler                                                  
1002cf29  TIMG8_1_IRQHandler                                                  
1002cf29  TRNG_IRQHandler                                                     
1002cf29  UC0_IRQHandler                                                      
1002cf29  UC10_IRQHandler                                                     
1002cf29  UC1_IRQHandler                                                      
1002cf29  UC2_IRQHandler                                                      
1002cf29  UC3_IRQHandler                                                      
1002cf29  UC4_IRQHandler                                                      
1002cf29  UC5_IRQHandler                                                      
1002cf29  UC6_IRQHandler                                                      
1002cf29  UC7_IRQHandler                                                      
1002cf29  UC8_IRQHandler                                                      
1002cf29  UC9_IRQHandler                                                      
1002cf29  WWDT0_IRQHandler                                                    
1002cf43  DL_Common_delayCycles                                               
1002cf57  __TI_zero_init                                                      
1002cf67  __TI_decompress_none                                                
1002cf75  __aeabi_memset                                                      
1002cf75  __aeabi_memset4                                                     
1002cf75  __aeabi_memset8                                                     
1002cf81  __aeabi_memclr                                                      
1002cf81  __aeabi_memclr4                                                     
1002cf81  __aeabi_memclr8                                                     
1002cf89  abort                                                               
1002cf8e  C$$EXIT                                                             
1002cf8f  HOSTexit                                                            
1002cf95  __aeabi_memcpy                                                      
1002cf95  __aeabi_memcpy4                                                     
1002cf95  __aeabi_memcpy8                                                     
1002cf99  _system_pre_init                                                    
1002cfa0  __TI_Handler_Table_Base                                             
1002cfa0  __TI_static_base__                                                  
1002cfac  __TI_Handler_Table_Limit                                            
1002cfc0  __TI_CINIT_Base                                                     
1002cfd0  __TI_CINIT_Limit                                                    
1002cfd0  __TI_CINIT_Warm                                                     
30000000  __start___llvm_prf_bits                                             
30000000  __stop___llvm_prf_bits                                              
30025800  __start___llvm_prf_cnts                                             
30025848  __profc_Default_Handler                                             
300258b8  __profc_Reset_Handler                                               
300258c0  __profc_SYSCFG_DL_GPIO_init                                         
300258c8  __profc_SYSCFG_DL_SPI_1_init                                        
300258d0  __profc_SYSCFG_DL_SYSCTL_init                                       
300258d8  __profc_SYSCFG_DL_init                                              
300258e0  __profc_SYSCFG_DL_initPower                                         
30025a08  __stop___llvm_prf_cnts                                              
3003fef8  __stack                                                             
3003fff8  __STACK_END                                                         
ffffffff  __TI_pprof_out_hndl                                                 
ffffffff  __TI_prof_data_size                                                 
ffffffff  __TI_prof_data_start                                                
ffffffff  __binit__                                                           
ffffffff  binit                                                               
UNDEFED   __mpu_init                                                          
UNDEFED   _system_post_cinit                                                  

[3947 symbols]
